content/interview-scenarios/machine-learning-python/retail-demand-forecaster/workspace/data/train.csv
date,store_id,product_id,category,base_price,current_price,promotion,holiday,inventory_level,days_since_restock,units_sold
2025-01-01,STORE-01,PRODUCT-001,beverages,3.49,3.52,0,1,504.0,0.0,54
2025-01-02,STORE-01,PRODUCT-001,beverages,3.49,3.43,0,0,450.0,,47
2025-01-03,STORE-01,PRODUCT-001,beverages,3.49,3.5,0,0,403.0,2.0,40
2025-01-04,STORE-01,PRODUCT-001,beverages,3.49,3.46,0,0,363.0,3.0,52
2025-01-05,STORE-01,PRODUCT-001,beverages,3.49,3.48,0,0,311.0,4.0,67
2025-01-06,STORE-01,PRODUCT-001,beverages,3.49,3.46,0,0,244.0,5.0,33
2025-01-07,STORE-01,PRODUCT-001,beverages,3.49,3.48,0,0,211.0,6.0,32
2025-01-08,STORE-01,PRODUCT-001,beverages,3.49,3.5,0,0,504.0,0.0,46
2025-01-09,STORE-01,PRODUCT-001,beverages,3.49,2.72,1,0,458.0,1.0,88
2025-01-10,STORE-01,PRODUCT-001,beverages,3.49,3.52,0,0,370.0,2.0,56
2025-01-11,STORE-01,PRODUCT-001,beverages,3.49,,0,0,314.0,3.0,63
2025-01-12,STORE-01,PRODUCT-001,beverages,3.49,3.46,0,0,251.0,4.0,64
2025-01-13,STORE-01,PRODUCT-001,beverages,3.49,3.46,0,0,,5.0,85
2025-01-14,STORE-01,PRODUCT-001,beverages,3.49,3.56,0,0,102.0,,86
2025-01-15,STORE-01,PRODUCT-001,beverages,3.49,3.55,0,0,504.0,0.0,75
2025-01-16,STORE-01,PRODUCT-001,beverages,3.49,3.43,0,0,429.0,1.0,79
2025-01-17,STORE-01,PRODUCT-001,beverages,3.49,3.43,0,0,350.0,2.0,56
2025-01-18,STORE-01,PRODUCT-001,beverages,3.49,3.54,0,0,294.0,3.0,47
2025-01-19,STORE-01,PRODUCT-001,beverages,3.49,3.46,0,0,247.0,4.0,41
2025-01-20,STORE-01,PRODUCT-001,beverages,3.49,3.43,0,1,206.0,5.0,56
2025-01-21,STORE-01,PRODUCT-001,beverages,3.49,3.53,0,0,,6.0,49
2025-01-22,STORE-01,PRODUCT-001,beverages,3.49,3.53,0,0,504.0,0.0,61
2025-01-23,STORE-01,PRODUCT-001,beverages,3.49,2.89,1,0,443.0,1.0,82
2025-01-24,STORE-01,PRODUCT-001,beverages,3.49,2.92,1,0,361.0,2.0,100
2025-01-25,STORE-01,PRODUCT-001,beverages,3.49,3.52,0,0,261.0,3.0,80
2025-01-26,STORE-01,PRODUCT-001,beverages,3.49,3.44,0,0,181.0,4.0,79
2025-01-27,STORE-01,PRODUCT-001,beverages,3.49,,0,0,102.0,5.0,78
2025-01-28,STORE-01,PRODUCT-001,beverages,3.49,3.49,0,0,24.0,6.0,24
2025-01-29,STORE-01,PRODUCT-001,beverages,3.49,3.42,0,0,504.0,0.0,48
2025-01-30,STORE-01,PRODUCT-001,beverages,3.49,3.55,0,0,456.0,1.0,61
2025-01-31,STORE-01,PRODUCT-001,beverages,3.49,3.48,0,0,395.0,2.0,48
2025-02-01,STORE-01,PRODUCT-001,beverages,3.49,2.94,1,0,347.0,3.0,127
2025-02-02,STORE-01,PRODUCT-001,beverages,3.49,3.55,0,0,220.0,4.0,76
2025-02-03,STORE-01,PRODUCT-001,beverages,3.49,3.53,0,0,144.0,5.0,73
2025-02-04,STORE-01,PRODUCT-001,beverages,3.49,3.54,0,0,71.0,6.0,71
2025-02-05,STORE-01,PRODUCT-001,beverages,3.49,3.46,0,0,504.0,0.0,73
2025-02-06,STORE-01,PRODUCT-001,beverages,3.49,3.45,0,0,431.0,1.0,82
2025-02-07,STORE-01,PRODUCT-001,beverages,3.49,3.42,0,0,349.0,2.0,67
2025-02-08,STORE-01,PRODUCT-001,beverages,3.49,3.48,0,0,282.0,3.0,71
2025-02-09,STORE-01,PRODUCT-001,beverages,3.49,3.55,0,0,211.0,4.0,65
2025-02-10,STORE-01,PRODUCT-001,beverages,3.49,3.49,0,0,146.0,5.0,40
2025-02-11,STORE-01,PRODUCT-001,beverages,3.49,3.55,0,0,106.0,6.0,61
2025-02-12,STORE-01,PRODUCT-001,beverages,3.49,3.49,0,0,504.0,0.0,45
2025-02-13,STORE-01,PRODUCT-001,beverages,3.49,2.72,1,0,459.0,1.0,84
2025-02-14,STORE-01,PRODUCT-001,beverages,3.49,3.43,0,1,375.0,2.0,67
2025-02-15,STORE-01,PRODUCT-001,beverages,3.49,3.44,0,0,308.0,3.0,62
2025-02-16,STORE-01,PRODUCT-001,beverages,3.49,3.56,0,0,246.0,4.0,72
2025-02-17,STORE-01,PRODUCT-001,beverages,3.49,3.45,0,1,174.0,5.0,61
2025-02-18,STORE-01,PRODUCT-001,beverages,3.49,3.47,0,0,113.0,6.0,64
2025-02-19,STORE-01,PRODUCT-001,beverages,3.49,3.43,0,0,504.0,0.0,78
2025-02-20,STORE-01,PRODUCT-001,beverages,3.49,3.46,0,0,426.0,1.0,90
2025-02-21,STORE-01,PRODUCT-001,beverages,3.49,2.78,1,0,336.0,,134
2025-02-22,STORE-01,PRODUCT-001,beverages,3.49,3.51,0,0,202.0,3.0,95
2025-02-23,STORE-01,PRODUCT-001,beverages,3.49,3.55,0,0,107.0,4.0,72
2025-02-24,STORE-01,PRODUCT-001,beverages,3.49,3.47,0,0,35.0,5.0,35
2025-02-25,STORE-01,PRODUCT-001,beverages,3.49,3.53,0,0,0.0,6.0,0
2025-02-26,STORE-01,PRODUCT-001,beverages,3.49,3.49,0,0,504.0,0.0,53
2025-02-27,STORE-01,PRODUCT-001,beverages,3.49,,0,0,451.0,1.0,50
2025-02-28,STORE-01,PRODUCT-001,beverages,3.49,3.47,0,0,,2.0,68
2025-03-01,STORE-01,PRODUCT-001,beverages,3.49,3.54,0,0,333.0,3.0,65
2025-03-02,STORE-01,PRODUCT-001,beverages,3.49,3.51,0,0,268.0,4.0,69
2025-03-03,STORE-01,PRODUCT-001,beverages,3.49,3.07,1,0,199.0,5.0,104
2025-03-04,STORE-01,PRODUCT-001,beverages,3.49,3.42,0,0,95.0,6.0,64
2025-03-05,STORE-01,PRODUCT-001,beverages,3.49,3.51,0,0,504.0,0.0,44
2025-03-06,STORE-01,PRODUCT-001,beverages,3.49,3.52,0,0,460.0,1.0,38
2025-03-07,STORE-01,PRODUCT-001,beverages,3.49,3.51,0,0,,2.0,29
2025-03-08,STORE-01,PRODUCT-001,beverages,3.49,3.51,0,0,393.0,3.0,42
2025-03-09,STORE-01,PRODUCT-001,beverages,3.49,3.46,0,0,351.0,,55
2025-03-10,STORE-01,PRODUCT-001,beverages,3.49,3.56,0,0,296.0,5.0,55
2025-03-11,STORE-01,PRODUCT-001,beverages,3.49,3.53,0,0,241.0,6.0,51
2025-03-12,STORE-01,PRODUCT-001,beverages,3.49,3.5,0,0,504.0,0.0,35
2025-03-13,STORE-01,PRODUCT-001,beverages,3.49,3.46,0,0,469.0,1.0,42
2025-03-14,STORE-01,PRODUCT-001,beverages,3.49,2.69,1,0,427.0,2.0,96
2025-03-15,STORE-01,PRODUCT-001,beverages,3.49,3.55,0,0,331.0,3.0,71
2025-03-16,STORE-01,PRODUCT-001,beverages,3.49,3.46,0,0,260.0,4.0,85
2025-03-17,STORE-01,PRODUCT-001,beverages,3.49,3.44,0,1,175.0,5.0,79
2025-03-18,STORE-01,PRODUCT-001,beverages,3.49,3.55,0,0,96.0,6.0,64
2025-03-19,STORE-01,PRODUCT-001,beverages,3.49,3.51,0,0,504.0,0.0,83
2025-03-20,STORE-01,PRODUCT-001,beverages,3.49,3.44,0,0,421.0,1.0,86
2025-03-21,STORE-01,PRODUCT-001,beverages,3.49,3.52,0,0,335.0,2.0,74
2025-03-22,STORE-01,PRODUCT-001,beverages,3.49,3.47,0,0,261.0,3.0,93
2025-03-23,STORE-01,PRODUCT-001,beverages,3.49,3.54,0,0,168.0,4.0,76
2025-03-24,STORE-01,PRODUCT-001,beverages,3.49,3.49,0,0,92.0,5.0,77
2025-03-25,STORE-01,PRODUCT-001,beverages,3.49,3.52,0,0,15.0,6.0,15
2025-03-26,STORE-01,PRODUCT-001,beverages,3.49,3.54,0,0,504.0,0.0,48
2025-03-27,STORE-01,PRODUCT-001,beverages,3.49,3.5,0,0,456.0,1.0,32
2025-03-28,STORE-01,PRODUCT-001,beverages,3.49,2.82,1,0,424.0,2.0,65
2025-03-29,STORE-01,PRODUCT-001,beverages,3.49,3.42,0,0,359.0,3.0,53
2025-03-30,STORE-01,PRODUCT-001,beverages,3.49,2.57,1,0,306.0,4.0,120
2025-03-31,STORE-01,PRODUCT-001,beverages,3.49,3.53,0,0,186.0,5.0,36
2025-04-01,STORE-01,PRODUCT-001,beverages,3.49,3.51,0,0,150.0,6.0,73
2025-04-02,STORE-01,PRODUCT-001,beverages,3.49,3.52,0,0,504.0,0.0,89
2025-04-03,STORE-01,PRODUCT-001,beverages,3.49,3.49,0,0,415.0,1.0,89
2025-04-04,STORE-01,PRODUCT-001,beverages,3.49,3.48,0,0,,2.0,68
2025-04-05,STORE-01,PRODUCT-001,beverages,3.49,3.12,1,0,258.0,3.0,119
2025-04-06,STORE-01,PRODUCT-001,beverages,3.49,3.44,0,0,139.0,4.0,91
2025-04-07,STORE-01,PRODUCT-001,beverages,3.49,3.5,0,0,48.0,5.0,48
2025-04-08,STORE-01,PRODUCT-001,beverages,3.49,3.55,0,0,0.0,6.0,0
2025-04-09,STORE-01,PRODUCT-001,beverages,3.49,3.5,0,0,504.0,0.0,57
2025-04-10,STORE-01,PRODUCT-001,beverages,3.49,3.47,0,0,447.0,1.0,80
2025-04-11,STORE-01,PRODUCT-001,beverages,3.49,,0,0,367.0,2.0,68
2025-04-12,STORE-01,PRODUCT-001,beverages,3.49,,0,0,299.0,3.0,102
2025-04-13,STORE-01,PRODUCT-001,beverages,3.49,3.44,0,0,197.0,4.0,66
2025-04-14,STORE-01,PRODUCT-001,beverages,3.49,3.51,0,0,131.0,5.0,35
2025-04-15,STORE-01,PRODUCT-001,beverages,3.49,2.88,1,0,96.0,6.0,90
2025-04-16,STORE-01,PRODUCT-001,beverages,3.49,3.51,0,0,504.0,0.0,77
2025-04-17,STORE-01,PRODUCT-001,beverages,3.49,3.43,0,0,427.0,,67
2025-04-18,STORE-01,PRODUCT-001,beverages,3.49,3.55,0,0,360.0,2.0,62
2025-04-19,STORE-01,PRODUCT-001,beverages,3.49,3.47,0,0,298.0,3.0,68
2025-04-20,STORE-01,PRODUCT-001,beverages,3.49,3.55,0,1,230.0,4.0,119
2025-01-01,STORE-01,PRODUCT-002,beverages,5.99,5.98,0,1,,0.0,34
2025-01-02,STORE-01,PRODUCT-002,beverages,5.99,6.05,0,0,278.0,1.0,17
2025-01-03,STORE-01,PRODUCT-002,beverages,5.99,6.06,0,0,261.0,2.0,22
2025-01-04,STORE-01,PRODUCT-002,beverages,5.99,4.73,1,0,239.0,3.0,64
2025-01-05,STORE-01,PRODUCT-002,beverages,5.99,6.08,0,0,175.0,4.0,25
2025-01-06,STORE-01,PRODUCT-002,beverages,5.99,6.05,0,0,150.0,5.0,20
2025-01-07,STORE-01,PRODUCT-002,beverages,5.99,5.89,0,0,130.0,6.0,27
2025-01-08,STORE-01,PRODUCT-002,beverages,5.99,4.41,1,0,312.0,0.0,57
2025-01-09,STORE-01,PRODUCT-002,beverages,5.99,5.89,0,0,,1.0,16
2025-01-10,STORE-01,PRODUCT-002,beverages,5.99,6.1,0,0,239.0,2.0,10
2025-01-11,STORE-01,PRODUCT-002,beverages,5.99,6.05,0,0,229.0,3.0,21
2025-01-12,STORE-01,PRODUCT-002,beverages,5.99,6.0,0,0,208.0,4.0,27
2025-01-13,STORE-01,PRODUCT-002,beverages,5.99,6.09,0,0,181.0,5.0,23
2025-01-14,STORE-01,PRODUCT-002,beverages,5.99,4.83,1,0,158.0,6.0,46
2025-01-15,STORE-01,PRODUCT-002,beverages,5.99,5.25,1,0,312.0,0.0,50
2025-01-16,STORE-01,PRODUCT-002,beverages,5.99,6.01,0,0,262.0,1.0,22
2025-01-17,STORE-01,PRODUCT-002,beverages,5.99,5.96,0,0,240.0,2.0,31
2025-01-18,STORE-01,PRODUCT-002,beverages,5.99,6.1,0,0,209.0,3.0,36
2025-01-19,STORE-01,PRODUCT-002,beverages,5.99,4.23,1,0,173.0,4.0,86
2025-01-20,STORE-01,PRODUCT-002,beverages,5.99,4.73,1,1,87.0,5.0,82
2025-01-21,STORE-01,PRODUCT-002,beverages,5.99,6.0,0,0,5.0,6.0,5
2025-01-22,STORE-01,PRODUCT-002,beverages,5.99,6.02,0,0,312.0,0.0,46
2025-01-23,STORE-01,PRODUCT-002,beverages,5.99,6.09,0,0,266.0,1.0,57
2025-01-24,STORE-01,PRODUCT-002,beverages,5.99,5.92,0,0,209.0,2.0,42
2025-01-25,STORE-01,PRODUCT-002,beverages,5.99,5.95,0,0,167.0,3.0,41
2025-01-26,STORE-01,PRODUCT-002,beverages,5.99,6.11,0,0,126.0,4.0,41
2025-01-27,STORE-01,PRODUCT-002,beverages,5.99,6.0,0,0,85.0,5.0,40
2025-01-28,STORE-01,PRODUCT-002,beverages,5.99,5.91,0,0,45.0,6.0,33
2025-01-29,STORE-01,PRODUCT-002,beverages,5.99,6.07,0,0,312.0,0.0,22
2025-01-30,STORE-01,PRODUCT-002,beverages,5.99,6.08,0,0,290.0,1.0,40
2025-01-31,STORE-01,PRODUCT-002,beverages,5.99,5.36,1,0,250.0,2.0,69
2025-02-01,STORE-01,PRODUCT-002,beverages,5.99,5.91,0,0,181.0,3.0,47
2025-02-02,STORE-01,PRODUCT-002,beverages,5.99,5.96,0,0,134.0,4.0,44
2025-02-03,STORE-01,PRODUCT-002,beverages,5.99,5.94,0,0,90.0,5.0,43
2025-02-04,STORE-01,PRODUCT-002,beverages,5.99,4.36,1,0,47.0,6.0,47
2025-02-05,STORE-01,PRODUCT-002,beverages,5.99,6.1,0,0,,0.0,36
2025-02-06,STORE-01,PRODUCT-002,beverages,5.99,5.93,0,0,,1.0,27
2025-02-07,STORE-01,PRODUCT-002,beverages,5.99,6.02,0,0,249.0,2.0,28
2025-02-08,STORE-01,PRODUCT-002,beverages,5.99,6.03,0,0,221.0,3.0,26
2025-02-09,STORE-01,PRODUCT-002,beverages,5.99,6.03,0,0,195.0,4.0,42
2025-02-10,STORE-01,PRODUCT-002,beverages,5.99,6.06,0,0,153.0,5.0,42
2025-02-11,STORE-01,PRODUCT-002,beverages,5.99,6.0,0,0,,6.0,39
2025-02-12,STORE-01,PRODUCT-002,beverages,5.99,5.97,0,0,312.0,,42
2025-02-13,STORE-01,PRODUCT-002,beverages,5.99,,0,0,270.0,1.0,49
2025-02-14,STORE-01,PRODUCT-002,beverages,5.99,5.87,0,1,221.0,2.0,63
2025-02-15,STORE-01,PRODUCT-002,beverages,5.99,5.98,0,0,158.0,3.0,39
2025-02-16,STORE-01,PRODUCT-002,beverages,5.99,5.95,0,0,119.0,4.0,52
2025-02-17,STORE-01,PRODUCT-002,beverages,5.99,6.02,0,1,67.0,5.0,51
2025-02-18,STORE-01,PRODUCT-002,beverages,5.99,6.1,0,0,,6.0,16
2025-02-19,STORE-01,PRODUCT-002,beverages,5.99,6.11,0,0,312.0,0.0,26
2025-02-20,STORE-01,PRODUCT-002,beverages,5.99,5.95,0,0,286.0,1.0,19
2025-02-21,STORE-01,PRODUCT-002,beverages,5.99,5.24,1,0,267.0,,54
2025-02-22,STORE-01,PRODUCT-002,beverages,5.99,5.91,0,0,213.0,3.0,43
2025-02-23,STORE-01,PRODUCT-002,beverages,5.99,5.95,0,0,170.0,4.0,35
2025-02-24,STORE-01,PRODUCT-002,beverages,5.99,5.98,0,0,135.0,5.0,21
2025-02-25,STORE-01,PRODUCT-002,beverages,5.99,5.88,0,0,114.0,6.0,30
2025-02-26,STORE-01,PRODUCT-002,beverages,5.99,5.94,0,0,312.0,0.0,30
2025-02-27,STORE-01,PRODUCT-002,beverages,5.99,5.96,0,0,282.0,1.0,23
2025-02-28,STORE-01,PRODUCT-002,beverages,5.99,6.04,0,0,259.0,2.0,21
2025-03-01,STORE-01,PRODUCT-002,beverages,5.99,6.09,0,0,238.0,3.0,36
2025-03-02,STORE-01,PRODUCT-002,beverages,5.99,5.06,1,0,202.0,4.0,77
2025-03-03,STORE-01,PRODUCT-002,beverages,5.99,5.92,0,0,125.0,5.0,40
2025-03-04,STORE-01,PRODUCT-002,beverages,5.99,5.99,0,0,85.0,6.0,25
2025-03-05,STORE-01,PRODUCT-002,beverages,5.99,6.05,0,0,312.0,0.0,39
2025-03-06,STORE-01,PRODUCT-002,beverages,5.99,5.09,1,0,273.0,1.0,67
2025-03-07,STORE-01,PRODUCT-002,beverages,5.99,6.0,0,0,206.0,2.0,40
2025-03-08,STORE-01,PRODUCT-002,beverages,5.99,5.98,0,0,166.0,3.0,34
2025-03-09,STORE-01,PRODUCT-002,beverages,5.99,5.96,0,0,132.0,4.0,39
2025-03-10,STORE-01,PRODUCT-002,beverages,5.99,5.01,1,0,93.0,5.0,53
2025-03-11,STORE-01,PRODUCT-002,beverages,5.99,6.08,0,0,,6.0,20
2025-03-12,STORE-01,PRODUCT-002,beverages,5.99,,0,0,312.0,0.0,25
2025-03-13,STORE-01,PRODUCT-002,beverages,5.99,4.75,1,0,287.0,1.0,70
2025-03-14,STORE-01,PRODUCT-002,beverages,5.99,6.05,0,0,217.0,2.0,29
2025-03-15,STORE-01,PRODUCT-002,beverages,5.99,5.96,0,0,188.0,3.0,39
2025-03-16,STORE-01,PRODUCT-002,beverages,5.99,6.01,0,0,149.0,4.0,29
2025-03-17,STORE-01,PRODUCT-002,beverages,5.99,5.91,0,1,120.0,5.0,42
2025-03-18,STORE-01,PRODUCT-002,beverages,5.99,5.91,0,0,78.0,6.0,27
2025-03-19,STORE-01,PRODUCT-002,beverages,5.99,6.09,0,0,312.0,0.0,22
2025-03-20,STORE-01,PRODUCT-002,beverages,5.99,4.76,1,0,290.0,1.0,59
2025-03-21,STORE-01,PRODUCT-002,beverages,5.99,5.97,0,0,231.0,2.0,30
2025-03-22,STORE-01,PRODUCT-002,beverages,5.99,,0,0,201.0,3.0,36
2025-03-23,STORE-01,PRODUCT-002,beverages,5.99,6.03,0,0,165.0,4.0,44
2025-03-24,STORE-01,PRODUCT-002,beverages,5.99,6.0,0,0,121.0,5.0,22
2025-03-25,STORE-01,PRODUCT-002,beverages,5.99,5.92,0,0,99.0,6.0,31
2025-03-26,STORE-01,PRODUCT-002,beverages,5.99,5.97,0,0,312.0,0.0,19
2025-03-27,STORE-01,PRODUCT-002,beverages,5.99,6.02,0,0,293.0,1.0,25
2025-03-28,STORE-01,PRODUCT-002,beverages,5.99,6.01,0,0,268.0,2.0,28
2025-03-29,STORE-01,PRODUCT-002,beverages,5.99,5.88,0,0,240.0,3.0,31
2025-03-30,STORE-01,PRODUCT-002,beverages,5.99,5.9,0,0,209.0,4.0,43
2025-03-31,STORE-01,PRODUCT-002,beverages,5.99,6.03,0,0,166.0,5.0,29
2025-04-01,STORE-01,PRODUCT-002,beverages,5.99,6.01,0,0,137.0,6.0,11
2025-04-02,STORE-01,PRODUCT-002,beverages,5.99,6.09,0,0,312.0,0.0,13
2025-04-03,STORE-01,PRODUCT-002,beverages,5.99,6.1,0,0,299.0,1.0,24
2025-04-04,STORE-01,PRODUCT-002,beverages,5.99,,0,0,275.0,2.0,24
2025-04-05,STORE-01,PRODUCT-002,beverages,5.99,4.5,1,0,251.0,3.0,89
2025-04-06,STORE-01,PRODUCT-002,beverages,5.99,6.06,0,0,162.0,4.0,46
2025-04-07,STORE-01,PRODUCT-002,beverages,5.99,5.91,0,0,,5.0,40
2025-04-08,STORE-01,PRODUCT-002,beverages,5.99,6.0,0,0,76.0,6.0,34
2025-04-09,STORE-01,PRODUCT-002,beverages,5.99,6.08,0,0,312.0,0.0,43
2025-04-10,STORE-01,PRODUCT-002,beverages,5.99,5.96,0,0,269.0,1.0,37
2025-04-11,STORE-01,PRODUCT-002,beverages,5.99,5.94,0,0,232.0,2.0,36
2025-04-12,STORE-01,PRODUCT-002,beverages,5.99,6.09,0,0,196.0,3.0,57
2025-04-13,STORE-01,PRODUCT-002,beverages,5.99,6.0,0,0,139.0,4.0,54
2025-04-14,STORE-01,PRODUCT-002,beverages,5.99,6.1,0,0,85.0,5.0,46
2025-04-15,STORE-01,PRODUCT-002,beverages,5.99,5.95,0,0,39.0,6.0,39
2025-04-16,STORE-01,PRODUCT-002,beverages,5.99,6.0,0,0,312.0,0.0,37
2025-04-17,STORE-01,PRODUCT-002,beverages,5.99,6.06,0,0,275.0,1.0,32
2025-04-18,STORE-01,PRODUCT-002,beverages,5.99,6.05,0,0,243.0,2.0,26
2025-04-19,STORE-01,PRODUCT-002,beverages,5.99,4.71,1,0,217.0,3.0,83
2025-04-20,STORE-01,PRODUCT-002,beverages,5.99,6.07,0,1,134.0,4.0,60
