content/interview-scenarios/machine-learning-python/retail-demand-forecaster/workspace/data/train.csv
date,store_id,product_id,category,base_price,current_price,promotion,holiday,inventory_level,days_since_restock,units_sold
2025-01-01,STORE-01,PRODUCT-003,snacks,2.99,3.03,0,1,432.0,0.0,67
2025-01-02,STORE-01,PRODUCT-003,snacks,2.99,2.97,0,0,365.0,1.0,24
2025-01-03,STORE-01,PRODUCT-003,snacks,2.99,3.02,0,0,341.0,2.0,15
2025-01-04,STORE-01,PRODUCT-003,snacks,2.99,2.95,0,0,326.0,3.0,33
2025-01-05,STORE-01,PRODUCT-003,snacks,2.99,2.99,0,0,293.0,4.0,49
2025-01-06,STORE-01,PRODUCT-003,snacks,2.99,3.0,0,0,244.0,5.0,39
2025-01-07,STORE-01,PRODUCT-003,snacks,2.99,2.93,0,0,,6.0,31
2025-01-08,STORE-01,PRODUCT-003,snacks,2.99,2.95,0,0,432.0,0.0,41
2025-01-09,STORE-01,PRODUCT-003,snacks,2.99,2.94,0,0,391.0,1.0,42
2025-01-10,STORE-01,PRODUCT-003,snacks,2.99,2.94,0,0,349.0,2.0,45
2025-01-11,STORE-01,PRODUCT-003,snacks,2.99,2.96,0,0,304.0,3.0,53
2025-01-12,STORE-01,PRODUCT-003,snacks,2.99,2.93,0,0,251.0,4.0,55
2025-01-13,STORE-01,PRODUCT-003,snacks,2.99,3.0,0,0,196.0,5.0,59
2025-01-14,STORE-01,PRODUCT-003,snacks,2.99,2.98,0,0,137.0,6.0,25
2025-01-15,STORE-01,PRODUCT-003,snacks,2.99,2.95,0,0,432.0,0.0,36
2025-01-16,STORE-01,PRODUCT-003,snacks,2.99,2.97,0,0,396.0,1.0,36
2025-01-17,STORE-01,PRODUCT-003,snacks,2.99,3.01,0,0,360.0,2.0,35
2025-01-18,STORE-01,PRODUCT-003,snacks,2.99,3.02,0,0,325.0,3.0,47
2025-01-19,STORE-01,PRODUCT-003,snacks,2.99,2.93,0,0,278.0,4.0,43
2025-01-20,STORE-01,PRODUCT-003,snacks,2.99,2.93,0,1,235.0,5.0,45
2025-01-21,STORE-01,PRODUCT-003,snacks,2.99,3.03,0,0,190.0,6.0,40
2025-01-22,STORE-01,PRODUCT-003,snacks,2.99,2.94,0,0,432.0,0.0,31
2025-01-23,STORE-01,PRODUCT-003,snacks,2.99,3.02,0,0,401.0,1.0,38
2025-01-24,STORE-01,PRODUCT-003,snacks,2.99,3.01,0,0,363.0,2.0,43
2025-01-25,STORE-01,PRODUCT-003,snacks,2.99,2.97,0,0,320.0,3.0,35
2025-01-26,STORE-01,PRODUCT-003,snacks,2.99,3.03,0,0,285.0,4.0,61
2025-01-27,STORE-01,PRODUCT-003,snacks,2.99,2.96,0,0,224.0,5.0,63
2025-01-28,STORE-01,PRODUCT-003,snacks,2.99,3.0,0,0,161.0,6.0,37
2025-01-29,STORE-01,PRODUCT-003,snacks,2.99,3.0,0,0,432.0,0.0,21
2025-01-30,STORE-01,PRODUCT-003,snacks,2.99,3.02,0,0,411.0,1.0,24
2025-01-31,STORE-01,PRODUCT-003,snacks,2.99,3.03,0,0,387.0,,42
2025-02-01,STORE-01,PRODUCT-003,snacks,2.99,2.98,0,0,345.0,3.0,53
2025-02-02,STORE-01,PRODUCT-003,snacks,2.99,2.53,1,0,292.0,4.0,117
2025-02-03,STORE-01,PRODUCT-003,snacks,2.99,2.95,0,0,175.0,5.0,66
2025-02-04,STORE-01,PRODUCT-003,snacks,2.99,3.05,0,0,109.0,6.0,43
2025-02-05,STORE-01,PRODUCT-003,snacks,2.99,2.93,0,0,432.0,0.0,46
2025-02-06,STORE-01,PRODUCT-003,snacks,2.99,2.94,0,0,386.0,1.0,28
2025-02-07,STORE-01,PRODUCT-003,snacks,2.99,3.01,0,0,358.0,2.0,40
2025-02-08,STORE-01,PRODUCT-003,snacks,2.99,2.95,0,0,318.0,3.0,70
2025-02-09,STORE-01,PRODUCT-003,snacks,2.99,2.95,0,0,248.0,4.0,81
2025-02-10,STORE-01,PRODUCT-003,snacks,2.99,2.98,0,0,167.0,5.0,65
2025-02-11,STORE-01,PRODUCT-003,snacks,2.99,2.59,1,0,102.0,6.0,64
2025-02-12,STORE-01,PRODUCT-003,snacks,2.99,2.94,0,0,432.0,0.0,22
2025-02-13,STORE-01,PRODUCT-003,snacks,2.99,2.96,0,0,410.0,1.0,37
2025-02-14,STORE-01,PRODUCT-003,snacks,2.99,3.02,0,1,373.0,2.0,61
2025-02-15,STORE-01,PRODUCT-003,snacks,2.99,3.01,0,0,312.0,3.0,36
2025-02-16,STORE-01,PRODUCT-003,snacks,2.99,3.02,0,0,276.0,4.0,50
2025-02-17,STORE-01,PRODUCT-003,snacks,2.99,2.39,1,1,226.0,5.0,91
2025-02-18,STORE-01,PRODUCT-003,snacks,2.99,2.97,0,0,135.0,6.0,29
2025-02-19,STORE-01,PRODUCT-003,snacks,2.99,3.02,0,0,432.0,0.0,38
2025-02-20,STORE-01,PRODUCT-003,snacks,2.99,3.01,0,0,394.0,1.0,24
2025-02-21,STORE-01,PRODUCT-003,snacks,2.99,3.03,0,0,370.0,2.0,27
2025-02-22,STORE-01,PRODUCT-003,snacks,2.99,2.96,0,0,343.0,3.0,26
2025-02-23,STORE-01,PRODUCT-003,snacks,2.99,3.04,0,0,317.0,,48
2025-02-24,STORE-01,PRODUCT-003,snacks,2.99,3.04,0,0,269.0,5.0,27
2025-02-25,STORE-01,PRODUCT-003,snacks,2.99,3.03,0,0,242.0,6.0,31
2025-02-26,STORE-01,PRODUCT-003,snacks,2.99,3.03,0,0,432.0,0.0,50
2025-02-27,STORE-01,PRODUCT-003,snacks,2.99,2.96,0,0,382.0,1.0,61
2025-02-28,STORE-01,PRODUCT-003,snacks,2.99,2.96,0,0,321.0,2.0,64
2025-03-01,STORE-01,PRODUCT-003,snacks,2.99,2.27,1,0,257.0,3.0,117
2025-03-02,STORE-01,PRODUCT-003,snacks,2.99,3.04,0,0,140.0,4.0,75
2025-03-03,STORE-01,PRODUCT-003,snacks,2.99,2.97,0,0,,5.0,57
2025-03-04,STORE-01,PRODUCT-003,snacks,2.99,2.93,0,0,8.0,6.0,8
2025-03-05,STORE-01,PRODUCT-003,snacks,2.99,2.94,0,0,,0.0,47
2025-03-06,STORE-01,PRODUCT-003,snacks,2.99,2.97,0,0,385.0,1.0,43
2025-03-07,STORE-01,PRODUCT-003,snacks,2.99,2.99,0,0,342.0,2.0,46
2025-03-08,STORE-01,PRODUCT-003,snacks,2.99,2.97,0,0,296.0,3.0,65
2025-03-09,STORE-01,PRODUCT-003,snacks,2.99,2.96,0,0,231.0,4.0,65
2025-03-10,STORE-01,PRODUCT-003,snacks,2.99,2.17,1,0,166.0,,102
2025-03-11,STORE-01,PRODUCT-003,snacks,2.99,3.05,0,0,64.0,6.0,54
2025-03-12,STORE-01,PRODUCT-003,snacks,2.99,3.02,0,0,432.0,0.0,45
2025-03-13,STORE-01,PRODUCT-003,snacks,2.99,3.03,0,0,387.0,1.0,19
2025-03-14,STORE-01,PRODUCT-003,snacks,2.99,3.02,0,0,368.0,2.0,11
2025-03-15,STORE-01,PRODUCT-003,snacks,2.99,2.96,0,0,357.0,3.0,16
2025-03-16,STORE-01,PRODUCT-003,snacks,2.99,2.97,0,0,341.0,4.0,20
2025-03-17,STORE-01,PRODUCT-003,snacks,2.99,2.94,0,1,321.0,5.0,29
2025-03-18,STORE-01,PRODUCT-003,snacks,2.99,2.1,1,0,292.0,6.0,50
2025-03-19,STORE-01,PRODUCT-003,snacks,2.99,2.96,0,0,432.0,0.0,8
2025-03-20,STORE-01,PRODUCT-003,snacks,2.99,3.02,0,0,424.0,1.0,20
2025-03-21,STORE-01,PRODUCT-003,snacks,2.99,3.04,0,0,,2.0,21
2025-03-22,STORE-01,PRODUCT-003,snacks,2.99,3.0,0,0,383.0,3.0,53
2025-03-23,STORE-01,PRODUCT-003,snacks,2.99,2.96,0,0,330.0,4.0,73
2025-03-24,STORE-01,PRODUCT-003,snacks,2.99,2.96,0,0,257.0,5.0,62
2025-03-25,STORE-01,PRODUCT-003,snacks,2.99,2.94,0,0,195.0,6.0,50
2025-03-26,STORE-01,PRODUCT-003,snacks,2.99,3.04,0,0,,0.0,44
2025-03-27,STORE-01,PRODUCT-003,snacks,2.99,3.01,0,0,388.0,1.0,32
2025-03-28,STORE-01,PRODUCT-003,snacks,2.99,3.03,0,0,356.0,2.0,30
2025-03-29,STORE-01,PRODUCT-003,snacks,2.99,3.0,0,0,326.0,3.0,39
2025-03-30,STORE-01,PRODUCT-003,snacks,2.99,2.94,0,0,287.0,4.0,43
2025-03-31,STORE-01,PRODUCT-003,snacks,2.99,3.04,0,0,244.0,5.0,43
2025-04-01,STORE-01,PRODUCT-003,snacks,2.99,3.03,0,0,201.0,6.0,50
2025-04-02,STORE-01,PRODUCT-003,snacks,2.99,2.94,0,0,432.0,0.0,62
2025-04-03,STORE-01,PRODUCT-003,snacks,2.99,2.97,0,0,370.0,1.0,65
2025-04-04,STORE-01,PRODUCT-003,snacks,2.99,2.94,0,0,305.0,2.0,48
2025-04-05,STORE-01,PRODUCT-003,snacks,2.99,3.01,0,0,257.0,3.0,20
2025-04-06,STORE-01,PRODUCT-003,snacks,2.99,3.03,0,0,237.0,4.0,24
2025-04-07,STORE-01,PRODUCT-003,snacks,2.99,3.01,0,0,213.0,5.0,9
2025-04-08,STORE-01,PRODUCT-003,snacks,2.99,3.03,0,0,204.0,6.0,28
2025-04-09,STORE-01,PRODUCT-003,snacks,2.99,3.03,0,0,432.0,0.0,40
2025-04-10,STORE-01,PRODUCT-003,snacks,2.99,3.01,0,0,392.0,1.0,50
2025-04-11,STORE-01,PRODUCT-003,snacks,2.99,,0,0,342.0,2.0,42
2025-04-12,STORE-01,PRODUCT-003,snacks,2.99,3.03,0,0,300.0,,59
2025-04-13,STORE-01,PRODUCT-003,snacks,2.99,2.2,1,0,241.0,,108
2025-04-14,STORE-01,PRODUCT-003,snacks,2.99,2.95,0,0,,5.0,37
2025-04-15,STORE-01,PRODUCT-003,snacks,2.99,3.03,0,0,96.0,6.0,38
2025-04-16,STORE-01,PRODUCT-003,snacks,2.99,3.0,0,0,432.0,0.0,42
2025-04-17,STORE-01,PRODUCT-003,snacks,2.99,3.01,0,0,390.0,1.0,52
2025-04-18,STORE-01,PRODUCT-003,snacks,2.99,3.02,0,0,338.0,2.0,35
2025-04-19,STORE-01,PRODUCT-003,snacks,2.99,,0,0,303.0,3.0,56
2025-04-20,STORE-01,PRODUCT-003,snacks,2.99,3.01,0,1,247.0,4.0,77
2025-01-01,STORE-01,PRODUCT-004,snacks,4.49,4.47,0,1,252.0,0.0,33
2025-01-02,STORE-01,PRODUCT-004,snacks,4.49,4.41,0,0,219.0,1.0,27
2025-01-03,STORE-01,PRODUCT-004,snacks,4.49,4.47,0,0,192.0,2.0,26
2025-01-04,STORE-01,PRODUCT-004,snacks,4.49,4.43,0,0,166.0,3.0,38
2025-01-05,STORE-01,PRODUCT-004,snacks,4.49,4.54,0,0,128.0,4.0,39
2025-01-06,STORE-01,PRODUCT-004,snacks,4.49,4.51,0,0,89.0,5.0,33
2025-01-07,STORE-01,PRODUCT-004,snacks,4.49,4.41,0,0,56.0,6.0,32
2025-01-08,STORE-01,PRODUCT-004,snacks,4.49,4.49,0,0,252.0,0.0,34
2025-01-09,STORE-01,PRODUCT-004,snacks,4.49,4.42,0,0,218.0,1.0,27
2025-01-10,STORE-01,PRODUCT-004,snacks,4.49,4.49,0,0,191.0,2.0,37
2025-01-11,STORE-01,PRODUCT-004,snacks,4.49,3.52,1,0,154.0,3.0,70
2025-01-12,STORE-01,PRODUCT-004,snacks,4.49,4.48,0,0,84.0,4.0,35
2025-01-13,STORE-01,PRODUCT-004,snacks,4.49,3.98,1,0,49.0,5.0,42
2025-01-14,STORE-01,PRODUCT-004,snacks,4.49,4.45,0,0,7.0,6.0,7
2025-01-15,STORE-01,PRODUCT-004,snacks,4.49,4.55,0,0,252.0,0.0,10
2025-01-16,STORE-01,PRODUCT-004,snacks,4.49,4.58,0,0,242.0,1.0,15
2025-01-17,STORE-01,PRODUCT-004,snacks,4.49,4.49,0,0,227.0,2.0,29
2025-01-18,STORE-01,PRODUCT-004,snacks,4.49,4.4,0,0,198.0,3.0,39
2025-01-19,STORE-01,PRODUCT-004,snacks,4.49,4.49,0,0,159.0,4.0,34
2025-01-20,STORE-01,PRODUCT-004,snacks,4.49,3.97,1,1,125.0,5.0,56
2025-01-21,STORE-01,PRODUCT-004,snacks,4.49,4.42,0,0,69.0,6.0,36
2025-01-22,STORE-01,PRODUCT-004,snacks,4.49,4.44,0,0,252.0,0.0,36
2025-01-23,STORE-01,PRODUCT-004,snacks,4.49,4.42,0,0,216.0,1.0,41
2025-01-24,STORE-01,PRODUCT-004,snacks,4.49,3.2,1,0,175.0,2.0,66
2025-01-25,STORE-01,PRODUCT-004,snacks,4.49,3.55,1,0,109.0,3.0,71
2025-01-26,STORE-01,PRODUCT-004,snacks,4.49,4.54,0,0,38.0,4.0,38
2025-01-27,STORE-01,PRODUCT-004,snacks,4.49,4.55,0,0,0.0,5.0,0
2025-01-28,STORE-01,PRODUCT-004,snacks,4.49,4.52,0,0,0.0,6.0,0
2025-01-29,STORE-01,PRODUCT-004,snacks,4.49,4.53,0,0,252.0,0.0,28
2025-01-30,STORE-01,PRODUCT-004,snacks,4.49,4.44,0,0,224.0,1.0,25
2025-01-31,STORE-01,PRODUCT-004,snacks,4.49,4.46,0,0,199.0,2.0,28
2025-02-01,STORE-01,PRODUCT-004,snacks,4.49,4.49,0,0,171.0,3.0,29
2025-02-02,STORE-01,PRODUCT-004,snacks,4.49,4.53,0,0,142.0,4.0,30
2025-02-03,STORE-01,PRODUCT-004,snacks,4.49,4.52,0,0,112.0,5.0,26
2025-02-04,STORE-01,PRODUCT-004,snacks,4.49,4.01,1,0,86.0,6.0,42
2025-02-05,STORE-01,PRODUCT-004,snacks,4.49,4.53,0,0,252.0,0.0,14
2025-02-06,STORE-01,PRODUCT-004,snacks,4.49,4.48,0,0,238.0,1.0,11
2025-02-07,STORE-01,PRODUCT-004,snacks,4.49,4.41,0,0,227.0,2.0,8
2025-02-08,STORE-01,PRODUCT-004,snacks,4.49,4.5,0,0,219.0,3.0,31
2025-02-09,STORE-01,PRODUCT-004,snacks,4.49,4.56,0,0,188.0,4.0,28
2025-02-10,STORE-01,PRODUCT-004,snacks,4.49,4.48,0,0,160.0,5.0,28
2025-02-11,STORE-01,PRODUCT-004,snacks,4.49,4.44,0,0,132.0,6.0,18
2025-02-12,STORE-01,PRODUCT-004,snacks,4.49,4.51,0,0,252.0,0.0,17
2025-02-13,STORE-01,PRODUCT-004,snacks,4.49,4.56,0,0,235.0,1.0,23
2025-02-14,STORE-01,PRODUCT-004,snacks,4.49,4.44,0,1,212.0,2.0,33
2025-02-15,STORE-01,PRODUCT-004,snacks,4.49,4.56,0,0,179.0,3.0,38
2025-02-16,STORE-01,PRODUCT-004,snacks,4.49,4.49,0,0,141.0,,43
2025-02-17,STORE-01,PRODUCT-004,snacks,4.49,4.47,0,1,98.0,5.0,31
2025-02-18,STORE-01,PRODUCT-004,snacks,4.49,4.45,0,0,67.0,6.0,16
2025-02-19,STORE-01,PRODUCT-004,snacks,4.49,4.42,0,0,252.0,0.0,27
2025-02-20,STORE-01,PRODUCT-004,snacks,4.49,4.48,0,0,225.0,1.0,27
2025-02-21,STORE-01,PRODUCT-004,snacks,4.49,4.55,0,0,198.0,2.0,19
2025-02-22,STORE-01,PRODUCT-004,snacks,4.49,4.44,0,0,179.0,3.0,37
2025-02-23,STORE-01,PRODUCT-004,snacks,4.49,4.43,0,0,142.0,4.0,41
2025-02-24,STORE-01,PRODUCT-004,snacks,4.49,,1,0,101.0,5.0,53
2025-02-25,STORE-01,PRODUCT-004,snacks,4.49,4.54,0,0,48.0,6.0,41
2025-02-26,STORE-01,PRODUCT-004,snacks,4.49,4.56,0,0,252.0,0.0,34
2025-02-27,STORE-01,PRODUCT-004,snacks,4.49,4.41,0,0,218.0,1.0,30
2025-02-28,STORE-01,PRODUCT-004,snacks,4.49,4.57,0,0,,2.0,33
2025-03-01,STORE-01,PRODUCT-004,snacks,4.49,4.49,0,0,155.0,3.0,36
2025-03-02,STORE-01,PRODUCT-004,snacks,4.49,3.91,1,0,119.0,4.0,63
2025-03-03,STORE-01,PRODUCT-004,snacks,4.49,4.49,0,0,56.0,5.0,34
2025-03-04,STORE-01,PRODUCT-004,snacks,4.49,4.52,0,0,22.0,6.0,22
2025-03-05,STORE-01,PRODUCT-004,snacks,4.49,4.52,0,0,252.0,0.0,27
2025-03-06,STORE-01,PRODUCT-004,snacks,4.49,4.42,0,0,225.0,1.0,23
2025-03-07,STORE-01,PRODUCT-004,snacks,4.49,4.43,0,0,202.0,2.0,37
2025-03-08,STORE-01,PRODUCT-004,snacks,4.49,4.55,0,0,165.0,3.0,39
2025-03-09,STORE-01,PRODUCT-004,snacks,4.49,4.51,0,0,126.0,4.0,39
2025-03-10,STORE-01,PRODUCT-004,snacks,4.49,4.5,0,0,87.0,5.0,38
2025-03-11,STORE-01,PRODUCT-004,snacks,4.49,4.52,0,0,49.0,6.0,41
2025-03-12,STORE-01,PRODUCT-004,snacks,4.49,4.52,0,0,252.0,0.0,37
2025-03-13,STORE-01,PRODUCT-004,snacks,4.49,4.41,0,0,,1.0,29
2025-03-14,STORE-01,PRODUCT-004,snacks,4.49,4.47,0,0,,2.0,30
2025-03-15,STORE-01,PRODUCT-004,snacks,4.49,4.53,0,0,156.0,3.0,37
2025-03-16,STORE-01,PRODUCT-004,snacks,4.49,4.47,0,0,119.0,4.0,43
2025-03-17,STORE-01,PRODUCT-004,snacks,4.49,4.54,0,1,76.0,5.0,35
2025-03-18,STORE-01,PRODUCT-004,snacks,4.49,4.48,0,0,41.0,6.0,25
2025-03-19,STORE-01,PRODUCT-004,snacks,4.49,4.4,0,0,252.0,0.0,27
2025-03-20,STORE-01,PRODUCT-004,snacks,4.49,4.47,0,0,225.0,1.0,37
2025-03-21,STORE-01,PRODUCT-004,snacks,4.49,4.48,0,0,188.0,2.0,28
2025-03-22,STORE-01,PRODUCT-004,snacks,4.49,4.47,0,0,160.0,3.0,44
2025-03-23,STORE-01,PRODUCT-004,snacks,4.49,4.48,0,0,116.0,4.0,46
2025-03-24,STORE-01,PRODUCT-004,snacks,4.49,4.56,0,0,70.0,5.0,19
2025-03-25,STORE-01,PRODUCT-004,snacks,4.49,3.73,1,0,51.0,6.0,51
2025-03-26,STORE-01,PRODUCT-004,snacks,4.49,4.47,0,0,252.0,0.0,40
2025-03-27,STORE-01,PRODUCT-004,snacks,4.49,4.54,0,0,212.0,1.0,50
2025-03-28,STORE-01,PRODUCT-004,snacks,4.49,4.53,0,0,162.0,2.0,46
2025-03-29,STORE-01,PRODUCT-004,snacks,4.49,4.57,0,0,116.0,3.0,46
2025-03-30,STORE-01,PRODUCT-004,snacks,4.49,3.2,1,0,70.0,4.0,69
2025-03-31,STORE-01,PRODUCT-004,snacks,4.49,4.45,0,0,,5.0,1
2025-04-01,STORE-01,PRODUCT-004,snacks,4.49,4.46,0,0,0.0,6.0,0
2025-04-02,STORE-01,PRODUCT-004,snacks,4.49,4.51,0,0,252.0,0.0,37
2025-04-03,STORE-01,PRODUCT-004,snacks,4.49,4.45,0,0,215.0,1.0,27
2025-04-04,STORE-01,PRODUCT-004,snacks,4.49,4.52,0,0,188.0,2.0,26
2025-04-05,STORE-01,PRODUCT-004,snacks,4.49,4.49,0,0,,3.0,29
2025-04-06,STORE-01,PRODUCT-004,snacks,4.49,4.45,0,0,133.0,4.0,33
2025-04-07,STORE-01,PRODUCT-004,snacks,4.49,4.49,0,0,100.0,5.0,28
2025-04-08,STORE-01,PRODUCT-004,snacks,4.49,3.47,1,0,72.0,6.0,60
2025-04-09,STORE-01,PRODUCT-004,snacks,4.49,4.51,0,0,252.0,0.0,33
2025-04-10,STORE-01,PRODUCT-004,snacks,4.49,4.44,0,0,219.0,,32
2025-04-11,STORE-01,PRODUCT-004,snacks,4.49,4.47,0,0,187.0,2.0,22
2025-04-12,STORE-01,PRODUCT-004,snacks,4.49,4.45,0,0,165.0,3.0,26
2025-04-13,STORE-01,PRODUCT-004,snacks,4.49,4.48,0,0,139.0,4.0,25
2025-04-14,STORE-01,PRODUCT-004,snacks,4.49,4.48,0,0,114.0,5.0,24
2025-04-15,STORE-01,PRODUCT-004,snacks,4.49,4.43,0,0,90.0,6.0,29
2025-04-16,STORE-01,PRODUCT-004,snacks,4.49,4.42,0,0,252.0,0.0,31
2025-04-17,STORE-01,PRODUCT-004,snacks,4.49,3.46,1,0,221.0,1.0,60
2025-04-18,STORE-01,PRODUCT-004,snacks,4.49,4.47,0,0,161.0,2.0,47
2025-04-19,STORE-01,PRODUCT-004,snacks,4.49,4.49,0,0,114.0,3.0,40
2025-04-20,STORE-01,PRODUCT-004,snacks,4.49,4.53,0,1,74.0,4.0,60
