content/interview-scenarios/machine-learning-python/retail-demand-forecaster/workspace/data/train.csv
date,store_id,product_id,category,base_price,current_price,promotion,holiday,inventory_level,days_since_restock,units_sold
2025-01-01,STORE-01,PRODUCT-005,household,8.99,9.17,0,1,192.0,0.0,26
2025-01-02,STORE-01,PRODUCT-005,household,8.99,9.0,0,0,166.0,1.0,23
2025-01-03,STORE-01,PRODUCT-005,household,8.99,8.84,0,0,143.0,2.0,19
2025-01-04,STORE-01,PRODUCT-005,household,8.99,9.09,0,0,124.0,3.0,22
2025-01-05,STORE-01,PRODUCT-005,household,8.99,8.82,0,0,102.0,4.0,16
2025-01-06,STORE-01,PRODUCT-005,household,8.99,,0,0,,5.0,13
2025-01-07,STORE-01,PRODUCT-005,household,8.99,9.01,0,0,73.0,6.0,11
2025-01-08,STORE-01,PRODUCT-005,household,8.99,9.03,0,0,192.0,0.0,6
2025-01-09,STORE-01,PRODUCT-005,household,8.99,9.14,0,0,186.0,1.0,12
2025-01-10,STORE-01,PRODUCT-005,household,8.99,8.89,0,0,174.0,2.0,15
2025-01-11,STORE-01,PRODUCT-005,household,8.99,8.85,0,0,159.0,3.0,16
2025-01-12,STORE-01,PRODUCT-005,household,8.99,9.12,0,0,143.0,4.0,23
2025-01-13,STORE-01,PRODUCT-005,household,8.99,9.09,0,0,120.0,5.0,19
2025-01-14,STORE-01,PRODUCT-005,household,8.99,8.87,0,0,101.0,6.0,18
2025-01-15,STORE-01,PRODUCT-005,household,8.99,8.93,0,0,192.0,0.0,19
2025-01-16,STORE-01,PRODUCT-005,household,8.99,8.86,0,0,173.0,1.0,20
2025-01-17,STORE-01,PRODUCT-005,household,8.99,9.14,0,0,153.0,2.0,31
2025-01-18,STORE-01,PRODUCT-005,household,8.99,8.87,0,0,122.0,3.0,27
2025-01-19,STORE-01,PRODUCT-005,household,8.99,8.95,0,0,95.0,4.0,23
2025-01-20,STORE-01,PRODUCT-005,household,8.99,8.04,1,1,72.0,5.0,39
2025-01-21,STORE-01,PRODUCT-005,household,8.99,9.16,0,0,33.0,6.0,20
2025-01-22,STORE-01,PRODUCT-005,household,8.99,8.92,0,0,192.0,0.0,20
2025-01-23,STORE-01,PRODUCT-005,household,8.99,8.97,0,0,172.0,1.0,21
2025-01-24,STORE-01,PRODUCT-005,household,8.99,9.03,0,0,151.0,2.0,17
2025-01-25,STORE-01,PRODUCT-005,household,8.99,8.86,0,0,134.0,3.0,16
2025-01-26,STORE-01,PRODUCT-005,household,8.99,8.83,0,0,118.0,4.0,18
2025-01-27,STORE-01,PRODUCT-005,household,8.99,9.16,0,0,100.0,5.0,15
2025-01-28,STORE-01,PRODUCT-005,household,8.99,8.92,0,0,85.0,6.0,15
2025-01-29,STORE-01,PRODUCT-005,household,8.99,9.06,0,0,192.0,0.0,17
2025-01-30,STORE-01,PRODUCT-005,household,8.99,9.1,0,0,175.0,1.0,14
2025-01-31,STORE-01,PRODUCT-005,household,8.99,8.92,0,0,161.0,2.0,19
2025-02-01,STORE-01,PRODUCT-005,household,8.99,8.86,0,0,142.0,3.0,31
2025-02-02,STORE-01,PRODUCT-005,household,8.99,8.97,0,0,111.0,4.0,25
2025-02-03,STORE-01,PRODUCT-005,household,8.99,9.11,0,0,86.0,5.0,17
2025-02-04,STORE-01,PRODUCT-005,household,8.99,9.09,0,0,69.0,6.0,18
2025-02-05,STORE-01,PRODUCT-005,household,8.99,8.82,0,0,192.0,0.0,18
2025-02-06,STORE-01,PRODUCT-005,household,8.99,9.08,0,0,174.0,1.0,19
2025-02-07,STORE-01,PRODUCT-005,household,8.99,8.81,0,0,155.0,2.0,14
2025-02-08,STORE-01,PRODUCT-005,household,8.99,9.16,0,0,141.0,3.0,12
2025-02-09,STORE-01,PRODUCT-005,household,8.99,8.97,0,0,129.0,4.0,16
2025-02-10,STORE-01,PRODUCT-005,household,8.99,8.85,0,0,113.0,5.0,11
2025-02-11,STORE-01,PRODUCT-005,household,8.99,9.08,0,0,102.0,6.0,14
2025-02-12,STORE-01,PRODUCT-005,household,8.99,8.95,0,0,192.0,0.0,12
2025-02-13,STORE-01,PRODUCT-005,household,8.99,9.13,0,0,180.0,1.0,4
2025-02-14,STORE-01,PRODUCT-005,household,8.99,9.09,0,1,176.0,2.0,23
2025-02-15,STORE-01,PRODUCT-005,household,8.99,8.9,0,0,153.0,3.0,13
2025-02-16,STORE-01,PRODUCT-005,household,8.99,8.82,0,0,140.0,4.0,16
2025-02-17,STORE-01,PRODUCT-005,household,8.99,,0,1,124.0,5.0,28
2025-02-18,STORE-01,PRODUCT-005,household,8.99,9.04,0,0,96.0,6.0,18
2025-02-19,STORE-01,PRODUCT-005,household,8.99,,0,0,192.0,0.0,19
2025-02-20,STORE-01,PRODUCT-005,household,8.99,8.99,0,0,173.0,1.0,19
2025-02-21,STORE-01,PRODUCT-005,household,8.99,6.8,1,0,154.0,2.0,34
2025-02-22,STORE-01,PRODUCT-005,household,8.99,7.96,1,0,120.0,,30
2025-02-23,STORE-01,PRODUCT-005,household,8.99,8.94,0,0,90.0,4.0,25
2025-02-24,STORE-01,PRODUCT-005,household,8.99,9.05,0,0,65.0,5.0,20
2025-02-25,STORE-01,PRODUCT-005,household,8.99,9.05,0,0,,,18
2025-02-26,STORE-01,PRODUCT-005,household,8.99,8.91,0,0,192.0,0.0,22
2025-02-27,STORE-01,PRODUCT-005,household,8.99,8.88,0,0,170.0,1.0,28
2025-02-28,STORE-01,PRODUCT-005,household,8.99,9.03,0,0,142.0,2.0,28
2025-03-01,STORE-01,PRODUCT-005,household,8.99,8.83,0,0,114.0,3.0,32
2025-03-02,STORE-01,PRODUCT-005,household,8.99,9.1,0,0,82.0,4.0,35
2025-03-03,STORE-01,PRODUCT-005,household,8.99,9.1,0,0,47.0,5.0,37
2025-03-04,STORE-01,PRODUCT-005,household,8.99,8.86,0,0,10.0,6.0,10
2025-03-05,STORE-01,PRODUCT-005,household,8.99,8.94,0,0,192.0,0.0,28
2025-03-06,STORE-01,PRODUCT-005,household,8.99,8.97,0,0,164.0,1.0,28
2025-03-07,STORE-01,PRODUCT-005,household,8.99,8.85,0,0,136.0,2.0,26
2025-03-08,STORE-01,PRODUCT-005,household,8.99,9.13,0,0,110.0,3.0,18
2025-03-09,STORE-01,PRODUCT-005,household,8.99,9.12,0,0,92.0,4.0,24
2025-03-10,STORE-01,PRODUCT-005,household,8.99,9.14,0,0,68.0,5.0,26
2025-03-11,STORE-01,PRODUCT-005,household,8.99,9.11,0,0,42.0,6.0,20
2025-03-12,STORE-01,PRODUCT-005,household,8.99,9.09,0,0,192.0,0.0,15
2025-03-13,STORE-01,PRODUCT-005,household,8.99,9.16,0,0,177.0,1.0,19
2025-03-14,STORE-01,PRODUCT-005,household,8.99,8.83,0,0,158.0,2.0,20
2025-03-15,STORE-01,PRODUCT-005,household,8.99,9.1,0,0,138.0,3.0,21
2025-03-16,STORE-01,PRODUCT-005,household,8.99,8.99,0,0,117.0,4.0,23
2025-03-17,STORE-01,PRODUCT-005,household,8.99,9.02,0,1,94.0,5.0,32
2025-03-18,STORE-01,PRODUCT-005,household,8.99,8.92,0,0,62.0,6.0,32
2025-03-19,STORE-01,PRODUCT-005,household,8.99,9.04,0,0,192.0,0.0,31
2025-03-20,STORE-01,PRODUCT-005,household,8.99,8.87,0,0,161.0,1.0,26
2025-03-21,STORE-01,PRODUCT-005,household,8.99,9.07,0,0,135.0,2.0,24
2025-03-22,STORE-01,PRODUCT-005,household,8.99,8.85,0,0,111.0,3.0,30
2025-03-23,STORE-01,PRODUCT-005,household,8.99,9.01,0,0,81.0,4.0,25
2025-03-24,STORE-01,PRODUCT-005,household,8.99,9.03,0,0,56.0,5.0,20
2025-03-25,STORE-01,PRODUCT-005,household,8.99,9.01,0,0,36.0,6.0,15
2025-03-26,STORE-01,PRODUCT-005,household,8.99,6.72,1,0,192.0,0.0,25
2025-03-27,STORE-01,PRODUCT-005,household,8.99,8.92,0,0,167.0,1.0,9
2025-03-28,STORE-01,PRODUCT-005,household,8.99,9.17,0,0,158.0,2.0,9
2025-03-29,STORE-01,PRODUCT-005,household,8.99,9.13,0,0,149.0,3.0,5
2025-03-30,STORE-01,PRODUCT-005,household,8.99,8.95,0,0,144.0,4.0,20
2025-03-31,STORE-01,PRODUCT-005,household,8.99,6.98,1,0,124.0,5.0,30
2025-04-01,STORE-01,PRODUCT-005,household,8.99,9.1,0,0,94.0,6.0,18
2025-04-02,STORE-01,PRODUCT-005,household,8.99,9.04,0,0,192.0,0.0,15
2025-04-03,STORE-01,PRODUCT-005,household,8.99,7.05,1,0,,1.0,41
2025-04-04,STORE-01,PRODUCT-005,household,8.99,9.05,0,0,136.0,,33
2025-04-05,STORE-01,PRODUCT-005,household,8.99,8.91,0,0,103.0,3.0,30
2025-04-06,STORE-01,PRODUCT-005,household,8.99,7.99,1,0,73.0,4.0,47
2025-04-07,STORE-01,PRODUCT-005,household,8.99,9.09,0,0,26.0,5.0,26
2025-04-08,STORE-01,PRODUCT-005,household,8.99,8.97,0,0,0.0,6.0,0
2025-04-09,STORE-01,PRODUCT-005,household,8.99,8.93,0,0,192.0,0.0,23
2025-04-10,STORE-01,PRODUCT-005,household,8.99,9.03,0,0,169.0,1.0,22
2025-04-11,STORE-01,PRODUCT-005,household,8.99,9.17,0,0,147.0,2.0,22
2025-04-12,STORE-01,PRODUCT-005,household,8.99,9.04,0,0,125.0,3.0,26
2025-04-13,STORE-01,PRODUCT-005,household,8.99,8.85,0,0,,4.0,30
2025-04-14,STORE-01,PRODUCT-005,household,8.99,9.02,0,0,,5.0,24
2025-04-15,STORE-01,PRODUCT-005,household,8.99,8.88,0,0,45.0,6.0,16
2025-04-16,STORE-01,PRODUCT-005,household,8.99,8.05,1,0,192.0,0.0,25
2025-04-17,STORE-01,PRODUCT-005,household,8.99,8.91,0,0,167.0,1.0,7
2025-04-18,STORE-01,PRODUCT-005,household,8.99,8.9,0,0,160.0,2.0,13
2025-04-19,STORE-01,PRODUCT-005,household,8.99,9.12,0,0,147.0,,15
2025-04-20,STORE-01,PRODUCT-005,household,8.99,8.97,0,1,132.0,4.0,28
2025-01-01,STORE-01,PRODUCT-006,household,12.99,13.02,0,1,120.0,0.0,18
2025-01-02,STORE-01,PRODUCT-006,household,12.99,12.91,0,0,102.0,1.0,13
2025-01-03,STORE-01,PRODUCT-006,household,12.99,12.81,0,0,,2.0,10
2025-01-04,STORE-01,PRODUCT-006,household,12.99,13.02,0,0,79.0,3.0,9
2025-01-05,STORE-01,PRODUCT-006,household,12.99,12.79,0,0,70.0,4.0,12
2025-01-06,STORE-01,PRODUCT-006,household,12.99,9.85,1,0,58.0,5.0,22
2025-01-07,STORE-01,PRODUCT-006,household,12.99,12.77,0,0,36.0,6.0,10
2025-01-08,STORE-01,PRODUCT-006,household,12.99,13.22,0,0,120.0,0.0,2
2025-01-09,STORE-01,PRODUCT-006,household,12.99,13.08,0,0,118.0,1.0,0
2025-01-10,STORE-01,PRODUCT-006,household,12.99,13.01,0,0,118.0,2.0,1
2025-01-11,STORE-01,PRODUCT-006,household,12.99,10.36,1,0,117.0,3.0,14
2025-01-12,STORE-01,PRODUCT-006,household,12.99,9.65,1,0,103.0,4.0,22
2025-01-13,STORE-01,PRODUCT-006,household,12.99,12.86,0,0,81.0,5.0,10
2025-01-14,STORE-01,PRODUCT-006,household,12.99,13.0,0,0,71.0,6.0,8
2025-01-15,STORE-01,PRODUCT-006,household,12.99,13.19,0,0,,,9
2025-01-16,STORE-01,PRODUCT-006,household,12.99,13.13,0,0,111.0,1.0,5
2025-01-17,STORE-01,PRODUCT-006,household,12.99,11.52,1,0,106.0,2.0,18
2025-01-18,STORE-01,PRODUCT-006,household,12.99,12.99,0,0,88.0,3.0,12
2025-01-19,STORE-01,PRODUCT-006,household,12.99,13.07,0,0,76.0,4.0,11
2025-01-20,STORE-01,PRODUCT-006,household,12.99,13.23,0,1,65.0,5.0,19
2025-01-21,STORE-01,PRODUCT-006,household,12.99,13.0,0,0,46.0,6.0,16
2025-01-22,STORE-01,PRODUCT-006,household,12.99,13.06,0,0,120.0,0.0,13
2025-01-23,STORE-01,PRODUCT-006,household,12.99,12.94,0,0,107.0,1.0,13
2025-01-24,STORE-01,PRODUCT-006,household,12.99,13.09,0,0,94.0,2.0,15
2025-01-25,STORE-01,PRODUCT-006,household,12.99,12.89,0,0,79.0,3.0,14
2025-01-26,STORE-01,PRODUCT-006,household,12.99,13.19,0,0,65.0,4.0,12
2025-01-27,STORE-01,PRODUCT-006,household,12.99,12.81,0,0,53.0,5.0,18
2025-01-28,STORE-01,PRODUCT-006,household,12.99,9.4,1,0,35.0,6.0,22
2025-01-29,STORE-01,PRODUCT-006,household,12.99,12.99,0,0,120.0,0.0,12
2025-01-30,STORE-01,PRODUCT-006,household,12.99,13.08,0,0,108.0,1.0,14
2025-01-31,STORE-01,PRODUCT-006,household,12.99,12.82,0,0,94.0,2.0,13
2025-02-01,STORE-01,PRODUCT-006,household,12.99,12.74,0,0,81.0,3.0,16
2025-02-02,STORE-01,PRODUCT-006,household,12.99,,0,0,65.0,4.0,17
2025-02-03,STORE-01,PRODUCT-006,household,12.99,9.79,1,0,48.0,5.0,25
2025-02-04,STORE-01,PRODUCT-006,household,12.99,13.18,0,0,23.0,6.0,15
2025-02-05,STORE-01,PRODUCT-006,household,12.99,12.89,0,0,120.0,0.0,18
2025-02-06,STORE-01,PRODUCT-006,household,12.99,13.16,0,0,102.0,1.0,9
2025-02-07,STORE-01,PRODUCT-006,household,12.99,13.16,0,0,93.0,2.0,9
2025-02-08,STORE-01,PRODUCT-006,household,12.99,12.82,0,0,84.0,3.0,13
2025-02-09,STORE-01,PRODUCT-006,household,12.99,12.85,0,0,71.0,4.0,15
2025-02-10,STORE-01,PRODUCT-006,household,12.99,12.91,0,0,56.0,5.0,18
2025-02-11,STORE-01,PRODUCT-006,household,12.99,13.05,0,0,38.0,6.0,15
2025-02-12,STORE-01,PRODUCT-006,household,12.99,,0,0,120.0,0.0,15
2025-02-13,STORE-01,PRODUCT-006,household,12.99,12.8,0,0,105.0,1.0,14
2025-02-14,STORE-01,PRODUCT-006,household,12.99,12.9,0,1,91.0,2.0,17
2025-02-15,STORE-01,PRODUCT-006,household,12.99,13.17,0,0,74.0,3.0,14
2025-02-16,STORE-01,PRODUCT-006,household,12.99,13.17,0,0,60.0,4.0,16
2025-02-17,STORE-01,PRODUCT-006,household,12.99,13.0,0,1,44.0,5.0,15
2025-02-18,STORE-01,PRODUCT-006,household,12.99,12.84,0,0,29.0,,13
2025-02-19,STORE-01,PRODUCT-006,household,12.99,13.13,0,0,120.0,0.0,13
2025-02-20,STORE-01,PRODUCT-006,household,12.99,13.08,0,0,107.0,1.0,14
2025-02-21,STORE-01,PRODUCT-006,household,12.99,13.02,0,0,93.0,2.0,13
2025-02-22,STORE-01,PRODUCT-006,household,12.99,12.96,0,0,80.0,3.0,17
2025-02-23,STORE-01,PRODUCT-006,household,12.99,12.93,0,0,63.0,4.0,15
2025-02-24,STORE-01,PRODUCT-006,household,12.99,12.79,0,0,48.0,5.0,12
2025-02-25,STORE-01,PRODUCT-006,household,12.99,13.21,0,0,36.0,6.0,12
2025-02-26,STORE-01,PRODUCT-006,household,12.99,13.18,0,0,120.0,0.0,14
2025-02-27,STORE-01,PRODUCT-006,household,12.99,13.15,0,0,,1.0,13
2025-02-28,STORE-01,PRODUCT-006,household,12.99,9.19,1,0,93.0,,20
2025-03-01,STORE-01,PRODUCT-006,household,12.99,12.88,0,0,73.0,3.0,15
2025-03-02,STORE-01,PRODUCT-006,household,12.99,12.79,0,0,58.0,4.0,16
2025-03-03,STORE-01,PRODUCT-006,household,12.99,12.86,0,0,42.0,5.0,19
2025-03-04,STORE-01,PRODUCT-006,household,12.99,10.47,1,0,23.0,6.0,23
2025-03-05,STORE-01,PRODUCT-006,household,12.99,12.89,0,0,120.0,0.0,12
2025-03-06,STORE-01,PRODUCT-006,household,12.99,12.76,0,0,108.0,1.0,15
2025-03-07,STORE-01,PRODUCT-006,household,12.99,12.83,0,0,93.0,2.0,19
2025-03-08,STORE-01,PRODUCT-006,household,12.99,11.07,1,0,74.0,3.0,27
2025-03-09,STORE-01,PRODUCT-006,household,12.99,9.53,1,0,47.0,4.0,30
2025-03-10,STORE-01,PRODUCT-006,household,12.99,12.79,0,0,17.0,5.0,17
2025-03-11,STORE-01,PRODUCT-006,household,12.99,13.03,0,0,0.0,6.0,0
2025-03-12,STORE-01,PRODUCT-006,household,12.99,12.95,0,0,120.0,0.0,14
2025-03-13,STORE-01,PRODUCT-006,household,12.99,13.04,0,0,106.0,1.0,8
2025-03-14,STORE-01,PRODUCT-006,household,12.99,,0,0,98.0,2.0,15
2025-03-15,STORE-01,PRODUCT-006,household,12.99,13.1,0,0,83.0,3.0,19
2025-03-16,STORE-01,PRODUCT-006,household,12.99,13.0,0,0,64.0,4.0,16
2025-03-17,STORE-01,PRODUCT-006,household,12.99,13.07,0,1,48.0,5.0,16
2025-03-18,STORE-01,PRODUCT-006,household,12.99,13.04,0,0,32.0,6.0,12
2025-03-19,STORE-01,PRODUCT-006,household,12.99,12.77,0,0,120.0,0.0,18
2025-03-20,STORE-01,PRODUCT-006,household,12.99,12.92,0,0,102.0,1.0,14
2025-03-21,STORE-01,PRODUCT-006,household,12.99,12.87,0,0,88.0,2.0,13
2025-03-22,STORE-01,PRODUCT-006,household,12.99,12.9,0,0,75.0,3.0,10
2025-03-23,STORE-01,PRODUCT-006,household,12.99,12.88,0,0,65.0,4.0,11
2025-03-24,STORE-01,PRODUCT-006,household,12.99,13.0,0,0,54.0,5.0,10
2025-03-25,STORE-01,PRODUCT-006,household,12.99,13.03,0,0,,6.0,9
2025-03-26,STORE-01,PRODUCT-006,household,12.99,12.88,0,0,120.0,,10
2025-03-27,STORE-01,PRODUCT-006,household,12.99,10.09,1,0,110.0,1.0,22
2025-03-28,STORE-01,PRODUCT-006,household,12.99,12.91,0,0,88.0,2.0,16
2025-03-29,STORE-01,PRODUCT-006,household,12.99,13.1,0,0,72.0,3.0,16
2025-03-30,STORE-01,PRODUCT-006,household,12.99,12.8,0,0,56.0,4.0,13
2025-03-31,STORE-01,PRODUCT-006,household,12.99,12.94,0,0,43.0,5.0,8
2025-04-01,STORE-01,PRODUCT-006,household,12.99,13.1,0,0,35.0,6.0,5
2025-04-02,STORE-01,PRODUCT-006,household,12.99,13.23,0,0,120.0,0.0,11
2025-04-03,STORE-01,PRODUCT-006,household,12.99,12.73,0,0,109.0,1.0,10
2025-04-04,STORE-01,PRODUCT-006,household,12.99,12.76,0,0,,,12
2025-04-05,STORE-01,PRODUCT-006,household,12.99,13.09,0,0,87.0,3.0,12
2025-04-06,STORE-01,PRODUCT-006,household,12.99,12.92,0,0,75.0,4.0,10
2025-04-07,STORE-01,PRODUCT-006,household,12.99,12.95,0,0,65.0,5.0,10
2025-04-08,STORE-01,PRODUCT-006,household,12.99,10.77,1,0,55.0,6.0,20
2025-04-09,STORE-01,PRODUCT-006,household,12.99,13.08,0,0,120.0,0.0,9
2025-04-10,STORE-01,PRODUCT-006,household,12.99,12.74,0,0,111.0,1.0,15
2025-04-11,STORE-01,PRODUCT-006,household,12.99,13.2,0,0,96.0,2.0,17
2025-04-12,STORE-01,PRODUCT-006,household,12.99,12.79,0,0,79.0,3.0,17
2025-04-13,STORE-01,PRODUCT-006,household,12.99,12.76,0,0,62.0,4.0,13
2025-04-14,STORE-01,PRODUCT-006,household,12.99,10.59,1,0,49.0,,22
2025-04-15,STORE-01,PRODUCT-006,household,12.99,12.98,0,0,27.0,,11
2025-04-16,STORE-01,PRODUCT-006,household,12.99,13.02,0,0,120.0,0.0,12
2025-04-17,STORE-01,PRODUCT-006,household,12.99,13.11,0,0,108.0,1.0,15
2025-04-18,STORE-01,PRODUCT-006,household,12.99,12.95,0,0,93.0,2.0,16
2025-04-19,STORE-01,PRODUCT-006,household,12.99,12.87,0,0,77.0,3.0,19
2025-04-20,STORE-01,PRODUCT-006,household,12.99,13.15,0,1,58.0,4.0,20
