content/interview-scenarios/machine-learning-python/retail-demand-forecaster/workspace/data/train.csv
date,store_id,product_id,category,base_price,current_price,promotion,holiday,inventory_level,days_since_restock,units_sold
2025-01-01,STORE-02,PRODUCT-001,beverages,3.49,3.46,0,1,504.0,0.0,50
2025-01-02,STORE-02,PRODUCT-001,beverages,3.49,,0,0,454.0,1.0,40
2025-01-03,STORE-02,PRODUCT-001,beverages,3.49,3.56,0,0,414.0,2.0,19
2025-01-04,STORE-02,PRODUCT-001,beverages,3.49,3.5,0,0,395.0,3.0,18
2025-01-05,STORE-02,PRODUCT-001,beverages,3.49,3.5,0,0,377.0,,50
2025-01-06,STORE-02,PRODUCT-001,beverages,3.49,3.48,0,0,327.0,5.0,42
2025-01-07,STORE-02,PRODUCT-001,beverages,3.49,3.46,0,0,285.0,6.0,25
2025-01-08,STORE-02,PRODUCT-001,beverages,3.49,3.5,0,0,504.0,0.0,19
2025-01-09,STORE-02,PRODUCT-001,beverages,3.49,3.5,0,0,485.0,1.0,24
2025-01-10,STORE-02,PRODUCT-001,beverages,3.49,3.49,0,0,461.0,2.0,15
2025-01-11,STORE-02,PRODUCT-001,beverages,3.49,3.56,0,0,446.0,3.0,38
2025-01-12,STORE-02,PRODUCT-001,beverages,3.49,3.51,0,0,408.0,4.0,53
2025-01-13,STORE-02,PRODUCT-001,beverages,3.49,3.48,0,0,355.0,5.0,41
2025-01-14,STORE-02,PRODUCT-001,beverages,3.49,3.45,0,0,314.0,6.0,33
2025-01-15,STORE-02,PRODUCT-001,beverages,3.49,3.55,0,0,504.0,0.0,38
2025-01-16,STORE-02,PRODUCT-001,beverages,3.49,,0,0,466.0,1.0,61
2025-01-17,STORE-02,PRODUCT-001,beverages,3.49,3.44,0,0,,2.0,44
2025-01-18,STORE-02,PRODUCT-001,beverages,3.49,3.55,0,0,361.0,3.0,63
2025-01-19,STORE-02,PRODUCT-001,beverages,3.49,3.48,0,0,298.0,4.0,58
2025-01-20,STORE-02,PRODUCT-001,beverages,3.49,3.5,0,1,240.0,5.0,62
2025-01-21,STORE-02,PRODUCT-001,beverages,3.49,3.46,0,0,178.0,6.0,53
2025-01-22,STORE-02,PRODUCT-001,beverages,3.49,3.49,0,0,504.0,0.0,38
2025-01-23,STORE-02,PRODUCT-001,beverages,3.49,3.5,0,0,466.0,1.0,53
2025-01-24,STORE-02,PRODUCT-001,beverages,3.49,3.5,0,0,413.0,2.0,44
2025-01-25,STORE-02,PRODUCT-001,beverages,3.49,3.45,0,0,369.0,3.0,68
2025-01-26,STORE-02,PRODUCT-001,beverages,3.49,3.43,0,0,301.0,4.0,59
2025-01-27,STORE-02,PRODUCT-001,beverages,3.49,3.48,0,0,242.0,5.0,73
2025-01-28,STORE-02,PRODUCT-001,beverages,3.49,3.42,0,0,169.0,6.0,63
2025-01-29,STORE-02,PRODUCT-001,beverages,3.49,3.52,0,0,504.0,0.0,65
2025-01-30,STORE-02,PRODUCT-001,beverages,3.49,3.46,0,0,,1.0,70
2025-01-31,STORE-02,PRODUCT-001,beverages,3.49,3.53,0,0,369.0,2.0,46
2025-02-01,STORE-02,PRODUCT-001,beverages,3.49,3.42,0,0,323.0,3.0,47
2025-02-02,STORE-02,PRODUCT-001,beverages,3.49,,0,0,276.0,4.0,40
2025-02-03,STORE-02,PRODUCT-001,beverages,3.49,2.63,1,0,,5.0,83
2025-02-04,STORE-02,PRODUCT-001,beverages,3.49,3.52,0,0,153.0,6.0,47
2025-02-05,STORE-02,PRODUCT-001,beverages,3.49,3.51,0,0,504.0,0.0,37
2025-02-06,STORE-02,PRODUCT-001,beverages,3.49,3.54,0,0,467.0,1.0,27
2025-02-07,STORE-02,PRODUCT-001,beverages,3.49,3.43,0,0,440.0,2.0,35
2025-02-08,STORE-02,PRODUCT-001,beverages,3.49,3.48,0,0,405.0,3.0,45
2025-02-09,STORE-02,PRODUCT-001,beverages,3.49,3.53,0,0,360.0,4.0,40
2025-02-10,STORE-02,PRODUCT-001,beverages,3.49,3.43,0,0,320.0,5.0,34
2025-02-11,STORE-02,PRODUCT-001,beverages,3.49,3.43,0,0,286.0,6.0,44
2025-02-12,STORE-02,PRODUCT-001,beverages,3.49,3.53,0,0,504.0,0.0,39
2025-02-13,STORE-02,PRODUCT-001,beverages,3.49,2.86,1,0,465.0,1.0,74
2025-02-14,STORE-02,PRODUCT-001,beverages,3.49,3.45,0,1,391.0,2.0,65
2025-02-15,STORE-02,PRODUCT-001,beverages,3.49,3.48,0,0,326.0,3.0,50
2025-02-16,STORE-02,PRODUCT-001,beverages,3.49,3.47,0,0,276.0,4.0,31
2025-02-17,STORE-02,PRODUCT-001,beverages,3.49,3.56,0,1,245.0,5.0,38
2025-02-18,STORE-02,PRODUCT-001,beverages,3.49,3.47,0,0,207.0,6.0,20
2025-02-19,STORE-02,PRODUCT-001,beverages,3.49,3.49,0,0,504.0,0.0,32
2025-02-20,STORE-02,PRODUCT-001,beverages,3.49,3.5,0,0,472.0,1.0,26
2025-02-21,STORE-02,PRODUCT-001,beverages,3.49,3.45,0,0,446.0,2.0,34
2025-02-22,STORE-02,PRODUCT-001,beverages,3.49,3.54,0,0,412.0,3.0,49
2025-02-23,STORE-02,PRODUCT-001,beverages,3.49,3.44,0,0,363.0,4.0,68
2025-02-24,STORE-02,PRODUCT-001,beverages,3.49,3.46,0,0,295.0,5.0,27
2025-02-25,STORE-02,PRODUCT-001,beverages,3.49,3.51,0,0,268.0,6.0,31
2025-02-26,STORE-02,PRODUCT-001,beverages,3.49,2.62,1,0,504.0,0.0,67
2025-02-27,STORE-02,PRODUCT-001,beverages,3.49,3.52,0,0,437.0,1.0,32
2025-02-28,STORE-02,PRODUCT-001,beverages,3.49,2.56,1,0,405.0,2.0,66
2025-03-01,STORE-02,PRODUCT-001,beverages,3.49,3.47,0,0,339.0,3.0,56
2025-03-02,STORE-02,PRODUCT-001,beverages,3.49,3.54,0,0,283.0,4.0,66
2025-03-03,STORE-02,PRODUCT-001,beverages,3.49,3.48,0,0,217.0,5.0,41
2025-03-04,STORE-02,PRODUCT-001,beverages,3.49,3.47,0,0,176.0,6.0,40
2025-03-05,STORE-02,PRODUCT-001,beverages,3.49,3.51,0,0,504.0,0.0,65
2025-03-06,STORE-02,PRODUCT-001,beverages,3.49,3.42,0,0,439.0,1.0,63
2025-03-07,STORE-02,PRODUCT-001,beverages,3.49,3.56,0,0,376.0,2.0,43
2025-03-08,STORE-02,PRODUCT-001,beverages,3.49,3.55,0,0,333.0,3.0,39
2025-03-09,STORE-02,PRODUCT-001,beverages,3.49,3.53,0,0,294.0,4.0,57
2025-03-10,STORE-02,PRODUCT-001,beverages,3.49,3.43,0,0,237.0,5.0,50
2025-03-11,STORE-02,PRODUCT-001,beverages,3.49,3.48,0,0,187.0,6.0,44
2025-03-12,STORE-02,PRODUCT-001,beverages,3.49,3.45,0,0,504.0,0.0,25
2025-03-13,STORE-02,PRODUCT-001,beverages,3.49,2.61,1,0,479.0,1.0,54
2025-03-14,STORE-02,PRODUCT-001,beverages,3.49,3.53,0,0,425.0,2.0,18
2025-03-15,STORE-02,PRODUCT-001,beverages,3.49,3.49,0,0,407.0,3.0,44
2025-03-16,STORE-02,PRODUCT-001,beverages,3.49,3.45,0,0,363.0,4.0,60
2025-03-17,STORE-02,PRODUCT-001,beverages,3.49,3.44,0,1,303.0,5.0,80
2025-03-18,STORE-02,PRODUCT-001,beverages,3.49,3.52,0,0,223.0,6.0,69
2025-03-19,STORE-02,PRODUCT-001,beverages,3.49,3.52,0,0,504.0,0.0,41
2025-03-20,STORE-02,PRODUCT-001,beverages,3.49,3.54,0,0,463.0,1.0,29
2025-03-21,STORE-02,PRODUCT-001,beverages,3.49,3.06,1,0,434.0,2.0,46
2025-03-22,STORE-02,PRODUCT-001,beverages,3.49,3.46,0,0,388.0,,18
2025-03-23,STORE-02,PRODUCT-001,beverages,3.49,3.05,1,0,370.0,4.0,55
2025-03-24,STORE-02,PRODUCT-001,beverages,3.49,3.49,0,0,315.0,5.0,28
2025-03-25,STORE-02,PRODUCT-001,beverages,3.49,3.42,0,0,287.0,6.0,3
2025-03-26,STORE-02,PRODUCT-001,beverages,3.49,3.55,0,0,504.0,0.0,42
2025-03-27,STORE-02,PRODUCT-001,beverages,3.49,3.53,0,0,462.0,,44
2025-03-28,STORE-02,PRODUCT-001,beverages,3.49,3.49,0,0,,2.0,40
2025-03-29,STORE-02,PRODUCT-001,beverages,3.49,3.42,0,0,378.0,3.0,55
2025-03-30,STORE-02,PRODUCT-001,beverages,3.49,3.53,0,0,323.0,4.0,26
2025-03-31,STORE-02,PRODUCT-001,beverages,3.49,3.42,0,0,297.0,5.0,29
2025-04-01,STORE-02,PRODUCT-001,beverages,3.49,3.51,0,0,268.0,6.0,41
2025-04-02,STORE-02,PRODUCT-001,beverages,3.49,3.48,0,0,504.0,0.0,50
2025-04-03,STORE-02,PRODUCT-001,beverages,3.49,3.43,0,0,454.0,1.0,38
2025-04-04,STORE-02,PRODUCT-001,beverages,3.49,3.52,0,0,416.0,2.0,28
2025-04-05,STORE-02,PRODUCT-001,beverages,3.49,3.43,0,0,388.0,3.0,52
2025-04-06,STORE-02,PRODUCT-001,beverages,3.49,2.89,1,0,336.0,4.0,97
2025-04-07,STORE-02,PRODUCT-001,beverages,3.49,3.45,0,0,239.0,5.0,46
2025-04-08,STORE-02,PRODUCT-001,beverages,3.49,3.5,0,0,193.0,6.0,31
2025-04-09,STORE-02,PRODUCT-001,beverages,3.49,3.53,0,0,504.0,0.0,18
2025-04-10,STORE-02,PRODUCT-001,beverages,3.49,3.46,0,0,486.0,1.0,47
2025-04-11,STORE-02,PRODUCT-001,beverages,3.49,3.55,0,0,439.0,,41
2025-04-12,STORE-02,PRODUCT-001,beverages,3.49,3.52,0,0,398.0,3.0,29
2025-04-13,STORE-02,PRODUCT-001,beverages,3.49,3.04,1,0,369.0,4.0,65
2025-04-14,STORE-02,PRODUCT-001,beverages,3.49,3.49,0,0,304.0,5.0,22
2025-04-15,STORE-02,PRODUCT-001,beverages,3.49,3.49,0,0,282.0,6.0,23
2025-04-16,STORE-02,PRODUCT-001,beverages,3.49,3.53,0,0,504.0,0.0,32
2025-04-17,STORE-02,PRODUCT-001,beverages,3.49,3.5,0,0,472.0,1.0,29
2025-04-18,STORE-02,PRODUCT-001,beverages,3.49,3.48,0,0,443.0,2.0,33
2025-04-19,STORE-02,PRODUCT-001,beverages,3.49,3.43,0,0,410.0,,54
2025-04-20,STORE-02,PRODUCT-001,beverages,3.49,3.55,0,1,356.0,4.0,75
2025-01-01,STORE-02,PRODUCT-002,beverages,5.99,5.94,0,1,,0.0,38
2025-01-02,STORE-02,PRODUCT-002,beverages,5.99,5.88,0,0,274.0,1.0,26
2025-01-03,STORE-02,PRODUCT-002,beverages,5.99,5.96,0,0,248.0,2.0,36
2025-01-04,STORE-02,PRODUCT-002,beverages,5.99,6.1,0,0,212.0,3.0,33
2025-01-05,STORE-02,PRODUCT-002,beverages,5.99,5.96,0,0,179.0,4.0,27
2025-01-06,STORE-02,PRODUCT-002,beverages,5.99,5.96,0,0,152.0,5.0,28
2025-01-07,STORE-02,PRODUCT-002,beverages,5.99,5.93,0,0,124.0,6.0,26
2025-01-08,STORE-02,PRODUCT-002,beverages,5.99,5.88,0,0,312.0,0.0,18
2025-01-09,STORE-02,PRODUCT-002,beverages,5.99,5.18,1,0,294.0,1.0,35
2025-01-10,STORE-02,PRODUCT-002,beverages,5.99,6.01,0,0,259.0,2.0,25
2025-01-11,STORE-02,PRODUCT-002,beverages,5.99,6.01,0,0,234.0,,43
2025-01-12,STORE-02,PRODUCT-002,beverages,5.99,5.95,0,0,191.0,4.0,40
2025-01-13,STORE-02,PRODUCT-002,beverages,5.99,6.1,0,0,151.0,5.0,27
2025-01-14,STORE-02,PRODUCT-002,beverages,5.99,5.98,0,0,124.0,6.0,33
2025-01-15,STORE-02,PRODUCT-002,beverages,5.99,5.92,0,0,312.0,0.0,20
2025-01-16,STORE-02,PRODUCT-002,beverages,5.99,6.08,0,0,,1.0,24
2025-01-17,STORE-02,PRODUCT-002,beverages,5.99,5.89,0,0,268.0,2.0,4
2025-01-18,STORE-02,PRODUCT-002,beverages,5.99,6.07,0,0,264.0,3.0,19
2025-01-19,STORE-02,PRODUCT-002,beverages,5.99,6.04,0,0,245.0,4.0,29
2025-01-20,STORE-02,PRODUCT-002,beverages,5.99,6.08,0,1,216.0,5.0,40
2025-01-21,STORE-02,PRODUCT-002,beverages,5.99,5.94,0,0,176.0,6.0,25
2025-01-22,STORE-02,PRODUCT-002,beverages,5.99,6.05,0,0,312.0,,24
2025-01-23,STORE-02,PRODUCT-002,beverages,5.99,4.89,1,0,288.0,1.0,39
2025-01-24,STORE-02,PRODUCT-002,beverages,5.99,5.92,0,0,249.0,2.0,21
2025-01-25,STORE-02,PRODUCT-002,beverages,5.99,5.94,0,0,228.0,3.0,34
2025-01-26,STORE-02,PRODUCT-002,beverages,5.99,6.07,0,0,194.0,,23
2025-01-27,STORE-02,PRODUCT-002,beverages,5.99,5.94,0,0,171.0,5.0,29
2025-01-28,STORE-02,PRODUCT-002,beverages,5.99,5.91,0,0,142.0,6.0,20
2025-01-29,STORE-02,PRODUCT-002,beverages,5.99,6.09,0,0,312.0,0.0,16
2025-01-30,STORE-02,PRODUCT-002,beverages,5.99,6.03,0,0,296.0,1.0,30
2025-01-31,STORE-02,PRODUCT-002,beverages,5.99,4.74,1,0,266.0,2.0,44
2025-02-01,STORE-02,PRODUCT-002,beverages,5.99,6.01,0,0,,3.0,33
2025-02-02,STORE-02,PRODUCT-002,beverages,5.99,5.88,0,0,189.0,4.0,38
2025-02-03,STORE-02,PRODUCT-002,beverages,5.99,6.04,0,0,151.0,5.0,16
2025-02-04,STORE-02,PRODUCT-002,beverages,5.99,5.89,0,0,135.0,6.0,35
2025-02-05,STORE-02,PRODUCT-002,beverages,5.99,,0,0,312.0,0.0,55
2025-02-06,STORE-02,PRODUCT-002,beverages,5.99,6.04,0,0,257.0,1.0,41
2025-02-07,STORE-02,PRODUCT-002,beverages,5.99,6.04,0,0,216.0,2.0,48
2025-02-08,STORE-02,PRODUCT-002,beverages,5.99,6.08,0,0,168.0,3.0,52
2025-02-09,STORE-02,PRODUCT-002,beverages,5.99,5.95,0,0,,4.0,40
2025-02-10,STORE-02,PRODUCT-002,beverages,5.99,6.1,0,0,76.0,5.0,33
2025-02-11,STORE-02,PRODUCT-002,beverages,5.99,6.0,0,0,43.0,6.0,36
2025-02-12,STORE-02,PRODUCT-002,beverages,5.99,,0,0,312.0,0.0,23
2025-02-13,STORE-02,PRODUCT-002,beverages,5.99,6.05,0,0,289.0,1.0,20
2025-02-14,STORE-02,PRODUCT-002,beverages,5.99,5.88,0,1,269.0,2.0,19
2025-02-15,STORE-02,PRODUCT-002,beverages,5.99,6.07,0,0,250.0,3.0,19
2025-02-16,STORE-02,PRODUCT-002,beverages,5.99,6.1,0,0,231.0,4.0,24
2025-02-17,STORE-02,PRODUCT-002,beverages,5.99,6.08,0,1,207.0,5.0,23
2025-02-18,STORE-02,PRODUCT-002,beverages,5.99,6.06,0,0,184.0,6.0,1
2025-02-19,STORE-02,PRODUCT-002,beverages,5.99,6.08,0,0,312.0,0.0,19
2025-02-20,STORE-02,PRODUCT-002,beverages,5.99,5.94,0,0,293.0,1.0,27
2025-02-21,STORE-02,PRODUCT-002,beverages,5.99,6.06,0,0,266.0,2.0,22
2025-02-22,STORE-02,PRODUCT-002,beverages,5.99,6.02,0,0,244.0,3.0,40
2025-02-23,STORE-02,PRODUCT-002,beverages,5.99,5.87,0,0,204.0,4.0,39
2025-02-24,STORE-02,PRODUCT-002,beverages,5.99,5.88,0,0,165.0,5.0,16
2025-02-25,STORE-02,PRODUCT-002,beverages,5.99,5.95,0,0,149.0,6.0,22
2025-02-26,STORE-02,PRODUCT-002,beverages,5.99,5.95,0,0,312.0,0.0,18
2025-02-27,STORE-02,PRODUCT-002,beverages,5.99,4.45,1,0,294.0,1.0,58
2025-02-28,STORE-02,PRODUCT-002,beverages,5.99,5.97,0,0,236.0,2.0,21
2025-03-01,STORE-02,PRODUCT-002,beverages,5.99,4.94,1,0,215.0,3.0,65
2025-03-02,STORE-02,PRODUCT-002,beverages,5.99,6.02,0,0,150.0,4.0,45
2025-03-03,STORE-02,PRODUCT-002,beverages,5.99,5.97,0,0,105.0,5.0,44
2025-03-04,STORE-02,PRODUCT-002,beverages,5.99,5.89,0,0,61.0,6.0,30
2025-03-05,STORE-02,PRODUCT-002,beverages,5.99,6.11,0,0,312.0,0.0,20
2025-03-06,STORE-02,PRODUCT-002,beverages,5.99,4.77,1,0,292.0,1.0,42
2025-03-07,STORE-02,PRODUCT-002,beverages,5.99,6.04,0,0,250.0,2.0,14
2025-03-08,STORE-02,PRODUCT-002,beverages,5.99,5.95,0,0,236.0,3.0,14
2025-03-09,STORE-02,PRODUCT-002,beverages,5.99,5.99,0,0,222.0,4.0,16
2025-03-10,STORE-02,PRODUCT-002,beverages,5.99,5.94,0,0,206.0,5.0,17
2025-03-11,STORE-02,PRODUCT-002,beverages,5.99,5.89,0,0,189.0,6.0,21
2025-03-12,STORE-02,PRODUCT-002,beverages,5.99,4.25,1,0,312.0,0.0,45
2025-03-13,STORE-02,PRODUCT-002,beverages,5.99,6.02,0,0,267.0,,18
2025-03-14,STORE-02,PRODUCT-002,beverages,5.99,5.93,0,0,249.0,2.0,27
2025-03-15,STORE-02,PRODUCT-002,beverages,5.99,6.02,0,0,222.0,3.0,24
2025-03-16,STORE-02,PRODUCT-002,beverages,5.99,5.94,0,0,198.0,4.0,35
2025-03-17,STORE-02,PRODUCT-002,beverages,5.99,5.9,0,1,163.0,5.0,38
2025-03-18,STORE-02,PRODUCT-002,beverages,5.99,6.1,0,0,125.0,6.0,31
2025-03-19,STORE-02,PRODUCT-002,beverages,5.99,6.01,0,0,312.0,0.0,32
2025-03-20,STORE-02,PRODUCT-002,beverages,5.99,6.03,0,0,280.0,1.0,27
2025-03-21,STORE-02,PRODUCT-002,beverages,5.99,5.93,0,0,253.0,2.0,27
2025-03-22,STORE-02,PRODUCT-002,beverages,5.99,6.1,0,0,226.0,3.0,41
2025-03-23,STORE-02,PRODUCT-002,beverages,5.99,6.03,0,0,185.0,4.0,35
2025-03-24,STORE-02,PRODUCT-002,beverages,5.99,5.89,0,0,150.0,5.0,27
2025-03-25,STORE-02,PRODUCT-002,beverages,5.99,4.49,1,0,123.0,6.0,50
2025-03-26,STORE-02,PRODUCT-002,beverages,5.99,5.97,0,0,312.0,0.0,22
2025-03-27,STORE-02,PRODUCT-002,beverages,5.99,5.87,0,0,290.0,1.0,11
2025-03-28,STORE-02,PRODUCT-002,beverages,5.99,6.02,0,0,279.0,2.0,6
2025-03-29,STORE-02,PRODUCT-002,beverages,5.99,5.89,0,0,273.0,3.0,26
2025-03-30,STORE-02,PRODUCT-002,beverages,5.99,6.08,0,0,247.0,4.0,22
2025-03-31,STORE-02,PRODUCT-002,beverages,5.99,5.93,0,0,225.0,5.0,14
2025-04-01,STORE-02,PRODUCT-002,beverages,5.99,4.84,1,0,211.0,6.0,46
2025-04-02,STORE-02,PRODUCT-002,beverages,5.99,5.89,0,0,312.0,0.0,36
2025-04-03,STORE-02,PRODUCT-002,beverages,5.99,6.07,0,0,276.0,1.0,35
2025-04-04,STORE-02,PRODUCT-002,beverages,5.99,6.0,0,0,241.0,2.0,35
2025-04-05,STORE-02,PRODUCT-002,beverages,5.99,6.02,0,0,206.0,3.0,45
2025-04-06,STORE-02,PRODUCT-002,beverages,5.99,5.89,0,0,161.0,4.0,48
2025-04-07,STORE-02,PRODUCT-002,beverages,5.99,6.09,0,0,113.0,5.0,43
2025-04-08,STORE-02,PRODUCT-002,beverages,5.99,5.96,0,0,70.0,6.0,55
2025-04-09,STORE-02,PRODUCT-002,beverages,5.99,6.03,0,0,312.0,0.0,42
2025-04-10,STORE-02,PRODUCT-002,beverages,5.99,5.93,0,0,270.0,1.0,47
2025-04-11,STORE-02,PRODUCT-002,beverages,5.99,,0,0,223.0,2.0,54
2025-04-12,STORE-02,PRODUCT-002,beverages,5.99,5.89,0,0,169.0,3.0,45
2025-04-13,STORE-02,PRODUCT-002,beverages,5.99,5.94,0,0,124.0,4.0,37
2025-04-14,STORE-02,PRODUCT-002,beverages,5.99,5.99,0,0,87.0,5.0,28
2025-04-15,STORE-02,PRODUCT-002,beverages,5.99,4.8,1,0,59.0,6.0,46
2025-04-16,STORE-02,PRODUCT-002,beverages,5.99,5.93,0,0,312.0,0.0,36
2025-04-17,STORE-02,PRODUCT-002,beverages,5.99,5.91,0,0,276.0,1.0,38
2025-04-18,STORE-02,PRODUCT-002,beverages,5.99,6.03,0,0,238.0,2.0,36
2025-04-19,STORE-02,PRODUCT-002,beverages,5.99,5.94,0,0,202.0,3.0,31
2025-04-20,STORE-02,PRODUCT-002,beverages,5.99,6.0,0,1,171.0,4.0,37
