content/interview-scenarios/machine-learning-python/retail-demand-forecaster/workspace/data/train.csv
date,store_id,product_id,category,base_price,current_price,promotion,holiday,inventory_level,days_since_restock,units_sold
2025-01-01,STORE-02,PRODUCT-003,snacks,2.99,,0,1,432.0,0.0,42
2025-01-02,STORE-02,PRODUCT-003,snacks,2.99,2.96,0,0,390.0,1.0,25
2025-01-03,STORE-02,PRODUCT-003,snacks,2.99,3.0,0,0,,2.0,5
2025-01-04,STORE-02,PRODUCT-003,snacks,2.99,2.99,0,0,360.0,3.0,38
2025-01-05,STORE-02,PRODUCT-003,snacks,2.99,3.01,0,0,322.0,4.0,39
2025-01-06,STORE-02,PRODUCT-003,snacks,2.99,3.03,0,0,283.0,5.0,18
2025-01-07,STORE-02,PRODUCT-003,snacks,2.99,2.99,0,0,265.0,6.0,26
2025-01-08,STORE-02,PRODUCT-003,snacks,2.99,2.97,0,0,432.0,0.0,19
2025-01-09,STORE-02,PRODUCT-003,snacks,2.99,3.01,0,0,413.0,1.0,19
2025-01-10,STORE-02,PRODUCT-003,snacks,2.99,2.95,0,0,394.0,2.0,11
2025-01-11,STORE-02,PRODUCT-003,snacks,2.99,,0,0,383.0,3.0,26
2025-01-12,STORE-02,PRODUCT-003,snacks,2.99,3.01,0,0,357.0,4.0,23
2025-01-13,STORE-02,PRODUCT-003,snacks,2.99,2.96,0,0,334.0,5.0,36
2025-01-14,STORE-02,PRODUCT-003,snacks,2.99,3.03,0,0,298.0,6.0,36
2025-01-15,STORE-02,PRODUCT-003,snacks,2.99,2.97,0,0,432.0,0.0,32
2025-01-16,STORE-02,PRODUCT-003,snacks,2.99,3.03,0,0,400.0,1.0,48
2025-01-17,STORE-02,PRODUCT-003,snacks,2.99,2.99,0,0,352.0,2.0,40
2025-01-18,STORE-02,PRODUCT-003,snacks,2.99,3.04,0,0,312.0,,37
2025-01-19,STORE-02,PRODUCT-003,snacks,2.99,2.94,0,0,275.0,4.0,36
2025-01-20,STORE-02,PRODUCT-003,snacks,2.99,3.05,0,1,239.0,5.0,51
2025-01-21,STORE-02,PRODUCT-003,snacks,2.99,2.3,1,0,188.0,6.0,64
2025-01-22,STORE-02,PRODUCT-003,snacks,2.99,2.98,0,0,432.0,0.0,27
2025-01-23,STORE-02,PRODUCT-003,snacks,2.99,3.0,0,0,405.0,1.0,18
2025-01-24,STORE-02,PRODUCT-003,snacks,2.99,2.97,0,0,387.0,2.0,16
2025-01-25,STORE-02,PRODUCT-003,snacks,2.99,2.47,1,0,371.0,3.0,80
2025-01-26,STORE-02,PRODUCT-003,snacks,2.99,3.01,0,0,291.0,,42
2025-01-27,STORE-02,PRODUCT-003,snacks,2.99,2.56,1,0,249.0,5.0,56
2025-01-28,STORE-02,PRODUCT-003,snacks,2.99,2.21,1,0,193.0,6.0,86
2025-01-29,STORE-02,PRODUCT-003,snacks,2.99,3.0,0,0,432.0,0.0,62
2025-01-30,STORE-02,PRODUCT-003,snacks,2.99,3.03,0,0,370.0,1.0,55
2025-01-31,STORE-02,PRODUCT-003,snacks,2.99,2.95,0,0,315.0,2.0,59
2025-02-01,STORE-02,PRODUCT-003,snacks,2.99,2.95,0,0,256.0,3.0,73
2025-02-02,STORE-02,PRODUCT-003,snacks,2.99,3.04,0,0,183.0,4.0,64
2025-02-03,STORE-02,PRODUCT-003,snacks,2.99,3.0,0,0,119.0,5.0,50
2025-02-04,STORE-02,PRODUCT-003,snacks,2.99,3.04,0,0,69.0,6.0,64
2025-02-05,STORE-02,PRODUCT-003,snacks,2.99,2.99,0,0,432.0,0.0,64
2025-02-06,STORE-02,PRODUCT-003,snacks,2.99,2.96,0,0,,1.0,46
2025-02-07,STORE-02,PRODUCT-003,snacks,2.99,2.96,0,0,322.0,2.0,31
2025-02-08,STORE-02,PRODUCT-003,snacks,2.99,3.04,0,0,291.0,3.0,24
2025-02-09,STORE-02,PRODUCT-003,snacks,2.99,2.27,1,0,267.0,4.0,67
2025-02-10,STORE-02,PRODUCT-003,snacks,2.99,3.03,0,0,200.0,5.0,39
2025-02-11,STORE-02,PRODUCT-003,snacks,2.99,3.01,0,0,,6.0,43
2025-02-12,STORE-02,PRODUCT-003,snacks,2.99,3.04,0,0,432.0,0.0,24
2025-02-13,STORE-02,PRODUCT-003,snacks,2.99,2.95,0,0,408.0,1.0,40
2025-02-14,STORE-02,PRODUCT-003,snacks,2.99,2.96,0,1,368.0,2.0,33
2025-02-15,STORE-02,PRODUCT-003,snacks,2.99,3.03,0,0,335.0,3.0,40
2025-02-16,STORE-02,PRODUCT-003,snacks,2.99,3.02,0,0,295.0,4.0,30
2025-02-17,STORE-02,PRODUCT-003,snacks,2.99,2.93,0,1,265.0,5.0,55
2025-02-18,STORE-02,PRODUCT-003,snacks,2.99,2.93,0,0,210.0,6.0,36
2025-02-19,STORE-02,PRODUCT-003,snacks,2.99,2.93,0,0,432.0,0.0,41
2025-02-20,STORE-02,PRODUCT-003,snacks,2.99,2.97,0,0,391.0,1.0,45
2025-02-21,STORE-02,PRODUCT-003,snacks,2.99,,0,0,346.0,2.0,37
2025-02-22,STORE-02,PRODUCT-003,snacks,2.99,2.96,0,0,309.0,3.0,36
2025-02-23,STORE-02,PRODUCT-003,snacks,2.99,3.05,0,0,273.0,4.0,39
2025-02-24,STORE-02,PRODUCT-003,snacks,2.99,3.02,0,0,234.0,5.0,37
2025-02-25,STORE-02,PRODUCT-003,snacks,2.99,2.96,0,0,,,39
2025-02-26,STORE-02,PRODUCT-003,snacks,2.99,2.45,1,0,432.0,0.0,77
2025-02-27,STORE-02,PRODUCT-003,snacks,2.99,2.97,0,0,355.0,1.0,38
2025-02-28,STORE-02,PRODUCT-003,snacks,2.99,2.96,0,0,317.0,2.0,51
2025-03-01,STORE-02,PRODUCT-003,snacks,2.99,2.19,1,0,266.0,3.0,97
2025-03-02,STORE-02,PRODUCT-003,snacks,2.99,3.0,0,0,169.0,4.0,63
2025-03-03,STORE-02,PRODUCT-003,snacks,2.99,3.0,0,0,106.0,5.0,51
2025-03-04,STORE-02,PRODUCT-003,snacks,2.99,3.02,0,0,,6.0,55
2025-03-05,STORE-02,PRODUCT-003,snacks,2.99,2.96,0,0,,0.0,47
2025-03-06,STORE-02,PRODUCT-003,snacks,2.99,3.04,0,0,385.0,1.0,40
2025-03-07,STORE-02,PRODUCT-003,snacks,2.99,2.96,0,0,345.0,2.0,44
2025-03-08,STORE-02,PRODUCT-003,snacks,2.99,3.05,0,0,301.0,3.0,59
2025-03-09,STORE-02,PRODUCT-003,snacks,2.99,3.0,0,0,242.0,4.0,59
2025-03-10,STORE-02,PRODUCT-003,snacks,2.99,2.42,1,0,,5.0,85
2025-03-11,STORE-02,PRODUCT-003,snacks,2.99,3.04,0,0,98.0,6.0,61
2025-03-12,STORE-02,PRODUCT-003,snacks,2.99,2.99,0,0,432.0,0.0,63
2025-03-13,STORE-02,PRODUCT-003,snacks,2.99,2.96,0,0,369.0,1.0,64
2025-03-14,STORE-02,PRODUCT-003,snacks,2.99,3.01,0,0,305.0,2.0,40
2025-03-15,STORE-02,PRODUCT-003,snacks,2.99,2.98,0,0,265.0,3.0,50
2025-03-16,STORE-02,PRODUCT-003,snacks,2.99,3.03,0,0,215.0,4.0,52
2025-03-17,STORE-02,PRODUCT-003,snacks,2.99,3.03,0,1,163.0,5.0,67
2025-03-18,STORE-02,PRODUCT-003,snacks,2.99,3.05,0,0,96.0,6.0,36
2025-03-19,STORE-02,PRODUCT-003,snacks,2.99,2.95,0,0,432.0,,69
2025-03-20,STORE-02,PRODUCT-003,snacks,2.99,2.96,0,0,363.0,1.0,58
2025-03-21,STORE-02,PRODUCT-003,snacks,2.99,2.97,0,0,305.0,2.0,57
2025-03-22,STORE-02,PRODUCT-003,snacks,2.99,2.67,1,0,248.0,3.0,76
2025-03-23,STORE-02,PRODUCT-003,snacks,2.99,3.04,0,0,172.0,4.0,44
2025-03-24,STORE-02,PRODUCT-003,snacks,2.99,3.01,0,0,128.0,5.0,40
2025-03-25,STORE-02,PRODUCT-003,snacks,2.99,2.95,0,0,88.0,6.0,35
2025-03-26,STORE-02,PRODUCT-003,snacks,2.99,2.96,0,0,432.0,0.0,38
2025-03-27,STORE-02,PRODUCT-003,snacks,2.99,3.03,0,0,394.0,1.0,37
2025-03-28,STORE-02,PRODUCT-003,snacks,2.99,2.49,1,0,357.0,2.0,67
2025-03-29,STORE-02,PRODUCT-003,snacks,2.99,2.94,0,0,,3.0,50
2025-03-30,STORE-02,PRODUCT-003,snacks,2.99,2.94,0,0,,4.0,40
2025-03-31,STORE-02,PRODUCT-003,snacks,2.99,2.96,0,0,200.0,5.0,26
2025-04-01,STORE-02,PRODUCT-003,snacks,2.99,2.95,0,0,174.0,6.0,11
2025-04-02,STORE-02,PRODUCT-003,snacks,2.99,2.97,0,0,432.0,0.0,15
2025-04-03,STORE-02,PRODUCT-003,snacks,2.99,2.96,0,0,417.0,1.0,19
2025-04-04,STORE-02,PRODUCT-003,snacks,2.99,3.01,0,0,398.0,2.0,18
2025-04-05,STORE-02,PRODUCT-003,snacks,2.99,2.57,1,0,380.0,3.0,60
2025-04-06,STORE-02,PRODUCT-003,snacks,2.99,3.03,0,0,320.0,4.0,37
2025-04-07,STORE-02,PRODUCT-003,snacks,2.99,2.94,0,0,283.0,5.0,12
2025-04-08,STORE-02,PRODUCT-003,snacks,2.99,3.03,0,0,271.0,6.0,18
2025-04-09,STORE-02,PRODUCT-003,snacks,2.99,3.0,0,0,432.0,0.0,12
2025-04-10,STORE-02,PRODUCT-003,snacks,2.99,2.96,0,0,420.0,1.0,22
2025-04-11,STORE-02,PRODUCT-003,snacks,2.99,,0,0,398.0,2.0,7
2025-04-12,STORE-02,PRODUCT-003,snacks,2.99,2.94,0,0,391.0,3.0,21
2025-04-13,STORE-02,PRODUCT-003,snacks,2.99,2.99,0,0,370.0,4.0,35
2025-04-14,STORE-02,PRODUCT-003,snacks,2.99,3.02,0,0,335.0,5.0,48
2025-04-15,STORE-02,PRODUCT-003,snacks,2.99,2.97,0,0,287.0,,57
2025-04-16,STORE-02,PRODUCT-003,snacks,2.99,3.04,0,0,432.0,0.0,50
2025-04-17,STORE-02,PRODUCT-003,snacks,2.99,2.95,0,0,382.0,1.0,63
2025-04-18,STORE-02,PRODUCT-003,snacks,2.99,2.99,0,0,319.0,2.0,52
2025-04-19,STORE-02,PRODUCT-003,snacks,2.99,2.97,0,0,267.0,3.0,51
2025-04-20,STORE-02,PRODUCT-003,snacks,2.99,2.98,0,1,216.0,4.0,75
2025-01-01,STORE-02,PRODUCT-004,snacks,4.49,4.46,0,1,,0.0,25
2025-01-02,STORE-02,PRODUCT-004,snacks,4.49,4.41,0,0,227.0,1.0,13
2025-01-03,STORE-02,PRODUCT-004,snacks,4.49,4.44,0,0,214.0,2.0,17
2025-01-04,STORE-02,PRODUCT-004,snacks,4.49,4.48,0,0,197.0,3.0,21
2025-01-05,STORE-02,PRODUCT-004,snacks,4.49,4.43,0,0,176.0,4.0,5
2025-01-06,STORE-02,PRODUCT-004,snacks,4.49,4.58,0,0,171.0,5.0,4
2025-01-07,STORE-02,PRODUCT-004,snacks,4.49,,0,0,167.0,6.0,7
2025-01-08,STORE-02,PRODUCT-004,snacks,4.49,3.86,1,0,252.0,0.0,28
2025-01-09,STORE-02,PRODUCT-004,snacks,4.49,4.49,0,0,224.0,1.0,21
2025-01-10,STORE-02,PRODUCT-004,snacks,4.49,,0,0,203.0,2.0,22
2025-01-11,STORE-02,PRODUCT-004,snacks,4.49,4.01,1,0,181.0,3.0,27
2025-01-12,STORE-02,PRODUCT-004,snacks,4.49,4.43,0,0,154.0,4.0,27
2025-01-13,STORE-02,PRODUCT-004,snacks,4.49,3.64,1,0,127.0,5.0,33
2025-01-14,STORE-02,PRODUCT-004,snacks,4.49,4.45,0,0,,6.0,21
2025-01-15,STORE-02,PRODUCT-004,snacks,4.49,4.47,0,0,252.0,0.0,17
2025-01-16,STORE-02,PRODUCT-004,snacks,4.49,4.42,0,0,235.0,1.0,26
2025-01-17,STORE-02,PRODUCT-004,snacks,4.49,4.44,0,0,209.0,2.0,28
2025-01-18,STORE-02,PRODUCT-004,snacks,4.49,4.47,0,0,181.0,3.0,40
2025-01-19,STORE-02,PRODUCT-004,snacks,4.49,4.02,1,0,141.0,,50
2025-01-20,STORE-02,PRODUCT-004,snacks,4.49,4.44,0,1,91.0,5.0,41
2025-01-21,STORE-02,PRODUCT-004,snacks,4.49,4.41,0,0,50.0,6.0,29
2025-01-22,STORE-02,PRODUCT-004,snacks,4.49,4.45,0,0,252.0,0.0,27
2025-01-23,STORE-02,PRODUCT-004,snacks,4.49,4.52,0,0,225.0,1.0,29
2025-01-24,STORE-02,PRODUCT-004,snacks,4.49,4.56,0,0,196.0,2.0,23
2025-01-25,STORE-02,PRODUCT-004,snacks,4.49,4.45,0,0,173.0,3.0,31
2025-01-26,STORE-02,PRODUCT-004,snacks,4.49,4.46,0,0,142.0,4.0,38
2025-01-27,STORE-02,PRODUCT-004,snacks,4.49,4.41,0,0,104.0,5.0,18
2025-01-28,STORE-02,PRODUCT-004,snacks,4.49,4.55,0,0,86.0,6.0,16
2025-01-29,STORE-02,PRODUCT-004,snacks,4.49,4.43,0,0,252.0,0.0,21
2025-01-30,STORE-02,PRODUCT-004,snacks,4.49,3.96,1,0,231.0,1.0,33
2025-01-31,STORE-02,PRODUCT-004,snacks,4.49,4.51,0,0,198.0,2.0,20
2025-02-01,STORE-02,PRODUCT-004,snacks,4.49,4.48,0,0,178.0,3.0,5
2025-02-02,STORE-02,PRODUCT-004,snacks,4.49,4.54,0,0,173.0,4.0,15
2025-02-03,STORE-02,PRODUCT-004,snacks,4.49,4.55,0,0,158.0,5.0,24
2025-02-04,STORE-02,PRODUCT-004,snacks,4.49,4.41,0,0,134.0,6.0,16
2025-02-05,STORE-02,PRODUCT-004,snacks,4.49,4.56,0,0,252.0,0.0,28
2025-02-06,STORE-02,PRODUCT-004,snacks,4.49,4.56,0,0,224.0,1.0,32
2025-02-07,STORE-02,PRODUCT-004,snacks,4.49,4.43,0,0,192.0,2.0,21
2025-02-08,STORE-02,PRODUCT-004,snacks,4.49,4.46,0,0,171.0,3.0,32
2025-02-09,STORE-02,PRODUCT-004,snacks,4.49,4.53,0,0,139.0,4.0,27
2025-02-10,STORE-02,PRODUCT-004,snacks,4.49,4.45,0,0,112.0,5.0,10
2025-02-11,STORE-02,PRODUCT-004,snacks,4.49,4.48,0,0,102.0,6.0,13
2025-02-12,STORE-02,PRODUCT-004,snacks,4.49,4.42,0,0,252.0,0.0,22
2025-02-13,STORE-02,PRODUCT-004,snacks,4.49,4.53,0,0,230.0,1.0,21
2025-02-14,STORE-02,PRODUCT-004,snacks,4.49,4.57,0,1,209.0,2.0,29
2025-02-15,STORE-02,PRODUCT-004,snacks,4.49,4.56,0,0,180.0,3.0,33
2025-02-16,STORE-02,PRODUCT-004,snacks,4.49,4.46,0,0,147.0,4.0,29
2025-02-17,STORE-02,PRODUCT-004,snacks,4.49,4.48,0,1,118.0,5.0,30
2025-02-18,STORE-02,PRODUCT-004,snacks,4.49,4.58,0,0,88.0,6.0,31
2025-02-19,STORE-02,PRODUCT-004,snacks,4.49,3.45,1,0,252.0,0.0,48
2025-02-20,STORE-02,PRODUCT-004,snacks,4.49,4.42,0,0,204.0,,29
2025-02-21,STORE-02,PRODUCT-004,snacks,4.49,4.57,0,0,175.0,2.0,17
2025-02-22,STORE-02,PRODUCT-004,snacks,4.49,4.58,0,0,158.0,3.0,10
2025-02-23,STORE-02,PRODUCT-004,snacks,4.49,3.99,1,0,148.0,4.0,27
2025-02-24,STORE-02,PRODUCT-004,snacks,4.49,4.48,0,0,121.0,5.0,15
2025-02-25,STORE-02,PRODUCT-004,snacks,4.49,4.5,0,0,106.0,6.0,8
2025-02-26,STORE-02,PRODUCT-004,snacks,4.49,4.55,0,0,252.0,0.0,12
2025-02-27,STORE-02,PRODUCT-004,snacks,4.49,4.47,0,0,240.0,1.0,23
2025-02-28,STORE-02,PRODUCT-004,snacks,4.49,4.46,0,0,217.0,2.0,13
2025-03-01,STORE-02,PRODUCT-004,snacks,4.49,4.44,0,0,204.0,3.0,2
2025-03-02,STORE-02,PRODUCT-004,snacks,4.49,4.55,0,0,202.0,4.0,8
2025-03-03,STORE-02,PRODUCT-004,snacks,4.49,,0,0,194.0,5.0,17
2025-03-04,STORE-02,PRODUCT-004,snacks,4.49,4.42,0,0,177.0,6.0,20
2025-03-05,STORE-02,PRODUCT-004,snacks,4.49,4.41,0,0,252.0,0.0,23
2025-03-06,STORE-02,PRODUCT-004,snacks,4.49,4.47,0,0,229.0,1.0,24
2025-03-07,STORE-02,PRODUCT-004,snacks,4.49,4.5,0,0,205.0,2.0,16
2025-03-08,STORE-02,PRODUCT-004,snacks,4.49,4.41,0,0,189.0,3.0,17
2025-03-09,STORE-02,PRODUCT-004,snacks,4.49,4.57,0,0,172.0,4.0,18
2025-03-10,STORE-02,PRODUCT-004,snacks,4.49,4.41,0,0,154.0,5.0,21
2025-03-11,STORE-02,PRODUCT-004,snacks,4.49,4.55,0,0,133.0,6.0,7
2025-03-12,STORE-02,PRODUCT-004,snacks,4.49,4.51,0,0,252.0,0.0,4
2025-03-13,STORE-02,PRODUCT-004,snacks,4.49,4.46,0,0,248.0,1.0,6
2025-03-14,STORE-02,PRODUCT-004,snacks,4.49,,0,0,242.0,2.0,7
2025-03-15,STORE-02,PRODUCT-004,snacks,4.49,4.43,0,0,235.0,3.0,18
2025-03-16,STORE-02,PRODUCT-004,snacks,4.49,4.55,0,0,217.0,4.0,20
2025-03-17,STORE-02,PRODUCT-004,snacks,4.49,4.56,0,1,197.0,5.0,21
2025-03-18,STORE-02,PRODUCT-004,snacks,4.49,4.44,0,0,176.0,6.0,28
2025-03-19,STORE-02,PRODUCT-004,snacks,4.49,4.44,0,0,252.0,0.0,25
2025-03-20,STORE-02,PRODUCT-004,snacks,4.49,4.57,0,0,227.0,1.0,24
2025-03-21,STORE-02,PRODUCT-004,snacks,4.49,4.47,0,0,203.0,2.0,27
2025-03-22,STORE-02,PRODUCT-004,snacks,4.49,4.5,0,0,,3.0,24
2025-03-23,STORE-02,PRODUCT-004,snacks,4.49,4.55,0,0,152.0,4.0,36
2025-03-24,STORE-02,PRODUCT-004,snacks,4.49,4.55,0,0,116.0,5.0,35
2025-03-25,STORE-02,PRODUCT-004,snacks,4.49,4.47,0,0,81.0,6.0,30
2025-03-26,STORE-02,PRODUCT-004,snacks,4.49,4.45,0,0,252.0,0.0,26
2025-03-27,STORE-02,PRODUCT-004,snacks,4.49,4.46,0,0,226.0,1.0,32
2025-03-28,STORE-02,PRODUCT-004,snacks,4.49,4.46,0,0,194.0,2.0,27
2025-03-29,STORE-02,PRODUCT-004,snacks,4.49,4.46,0,0,167.0,3.0,32
2025-03-30,STORE-02,PRODUCT-004,snacks,4.49,4.54,0,0,135.0,4.0,28
2025-03-31,STORE-02,PRODUCT-004,snacks,4.49,4.45,0,0,107.0,5.0,26
2025-04-01,STORE-02,PRODUCT-004,snacks,4.49,4.4,0,0,81.0,6.0,35
2025-04-02,STORE-02,PRODUCT-004,snacks,4.49,4.42,0,0,252.0,0.0,36
2025-04-03,STORE-02,PRODUCT-004,snacks,4.49,4.43,0,0,216.0,1.0,22
2025-04-04,STORE-02,PRODUCT-004,snacks,4.49,4.5,0,0,194.0,2.0,25
2025-04-05,STORE-02,PRODUCT-004,snacks,4.49,4.43,0,0,169.0,,26
2025-04-06,STORE-02,PRODUCT-004,snacks,4.49,4.56,0,0,143.0,4.0,18
2025-04-07,STORE-02,PRODUCT-004,snacks,4.49,4.47,0,0,125.0,5.0,23
2025-04-08,STORE-02,PRODUCT-004,snacks,4.49,4.44,0,0,102.0,6.0,33
2025-04-09,STORE-02,PRODUCT-004,snacks,4.49,3.29,1,0,252.0,0.0,50
2025-04-10,STORE-02,PRODUCT-004,snacks,4.49,4.48,0,0,202.0,1.0,25
2025-04-11,STORE-02,PRODUCT-004,snacks,4.49,4.01,1,0,177.0,2.0,25
2025-04-12,STORE-02,PRODUCT-004,snacks,4.49,3.52,1,0,152.0,3.0,49
2025-04-13,STORE-02,PRODUCT-004,snacks,4.49,3.33,1,0,103.0,4.0,49
2025-04-14,STORE-02,PRODUCT-004,snacks,4.49,4.47,0,0,54.0,5.0,21
2025-04-15,STORE-02,PRODUCT-004,snacks,4.49,4.5,0,0,33.0,6.0,27
2025-04-16,STORE-02,PRODUCT-004,snacks,4.49,4.56,0,0,252.0,,18
2025-04-17,STORE-02,PRODUCT-004,snacks,4.49,4.5,0,0,234.0,1.0,18
2025-04-18,STORE-02,PRODUCT-004,snacks,4.49,4.54,0,0,216.0,2.0,15
2025-04-19,STORE-02,PRODUCT-004,snacks,4.49,4.44,0,0,201.0,3.0,22
2025-04-20,STORE-02,PRODUCT-004,snacks,4.49,4.56,0,1,,4.0,26
