content/interview-scenarios/machine-learning-python/retail-demand-forecaster/workspace/data/train.csv
date,store_id,product_id,category,base_price,current_price,promotion,holiday,inventory_level,days_since_restock,units_sold
2025-01-01,STORE-03,PRODUCT-001,beverages,3.49,3.53,0,1,504.0,0.0,75
2025-01-02,STORE-03,PRODUCT-001,beverages,3.49,3.51,0,0,,1.0,47
2025-01-03,STORE-03,PRODUCT-001,beverages,3.49,3.44,0,0,382.0,2.0,50
2025-01-04,STORE-03,PRODUCT-001,beverages,3.49,3.43,0,0,332.0,3.0,72
2025-01-05,STORE-03,PRODUCT-001,beverages,3.49,3.46,0,0,260.0,4.0,48
2025-01-06,STORE-03,PRODUCT-001,beverages,3.49,3.5,0,0,212.0,5.0,55
2025-01-07,STORE-03,PRODUCT-001,beverages,3.49,3.47,0,0,157.0,6.0,48
2025-01-08,STORE-03,PRODUCT-001,beverages,3.49,3.46,0,0,504.0,0.0,43
2025-01-09,STORE-03,PRODUCT-001,beverages,3.49,3.5,0,0,461.0,1.0,31
2025-01-10,STORE-03,PRODUCT-001,beverages,3.49,3.45,0,0,430.0,2.0,54
2025-01-11,STORE-03,PRODUCT-001,beverages,3.49,3.53,0,0,376.0,3.0,58
2025-01-12,STORE-03,PRODUCT-001,beverages,3.49,3.42,0,0,318.0,4.0,69
2025-01-13,STORE-03,PRODUCT-001,beverages,3.49,3.46,0,0,249.0,5.0,54
2025-01-14,STORE-03,PRODUCT-001,beverages,3.49,3.47,0,0,195.0,6.0,43
2025-01-15,STORE-03,PRODUCT-001,beverages,3.49,3.04,1,0,504.0,0.0,70
2025-01-16,STORE-03,PRODUCT-001,beverages,3.49,3.42,0,0,434.0,1.0,37
2025-01-17,STORE-03,PRODUCT-001,beverages,3.49,3.44,0,0,397.0,2.0,46
2025-01-18,STORE-03,PRODUCT-001,beverages,3.49,3.56,0,0,351.0,3.0,54
2025-01-19,STORE-03,PRODUCT-001,beverages,3.49,3.52,0,0,297.0,4.0,68
2025-01-20,STORE-03,PRODUCT-001,beverages,3.49,3.49,0,1,229.0,5.0,69
2025-01-21,STORE-03,PRODUCT-001,beverages,3.49,3.44,0,0,160.0,6.0,48
2025-01-22,STORE-03,PRODUCT-001,beverages,3.49,3.53,0,0,504.0,0.0,53
2025-01-23,STORE-03,PRODUCT-001,beverages,3.49,,0,0,451.0,1.0,58
2025-01-24,STORE-03,PRODUCT-001,beverages,3.49,3.43,0,0,393.0,2.0,73
2025-01-25,STORE-03,PRODUCT-001,beverages,3.49,3.49,0,0,320.0,3.0,84
2025-01-26,STORE-03,PRODUCT-001,beverages,3.49,3.48,0,0,236.0,4.0,64
2025-01-27,STORE-03,PRODUCT-001,beverages,3.49,3.55,0,0,172.0,5.0,41
2025-01-28,STORE-03,PRODUCT-001,beverages,3.49,3.55,0,0,131.0,6.0,6
2025-01-29,STORE-03,PRODUCT-001,beverages,3.49,3.53,0,0,504.0,0.0,14
2025-01-30,STORE-03,PRODUCT-001,beverages,3.49,3.54,0,0,490.0,1.0,39
2025-01-31,STORE-03,PRODUCT-001,beverages,3.49,3.53,0,0,451.0,2.0,43
2025-02-01,STORE-03,PRODUCT-001,beverages,3.49,,0,0,408.0,3.0,64
2025-02-02,STORE-03,PRODUCT-001,beverages,3.49,3.48,0,0,344.0,4.0,61
2025-02-03,STORE-03,PRODUCT-001,beverages,3.49,3.48,0,0,283.0,5.0,40
2025-02-04,STORE-03,PRODUCT-001,beverages,3.49,3.47,0,0,,6.0,28
2025-02-05,STORE-03,PRODUCT-001,beverages,3.49,3.5,0,0,504.0,0.0,40
2025-02-06,STORE-03,PRODUCT-001,beverages,3.49,3.46,0,0,464.0,1.0,41
2025-02-07,STORE-03,PRODUCT-001,beverages,3.49,3.56,0,0,423.0,2.0,63
2025-02-08,STORE-03,PRODUCT-001,beverages,3.49,3.55,0,0,360.0,3.0,58
2025-02-09,STORE-03,PRODUCT-001,beverages,3.49,3.49,0,0,302.0,4.0,26
2025-02-10,STORE-03,PRODUCT-001,beverages,3.49,3.46,0,0,276.0,5.0,13
2025-02-11,STORE-03,PRODUCT-001,beverages,3.49,3.42,0,0,263.0,6.0,24
2025-02-12,STORE-03,PRODUCT-001,beverages,3.49,2.46,1,0,504.0,0.0,93
2025-02-13,STORE-03,PRODUCT-001,beverages,3.49,3.5,0,0,411.0,1.0,28
2025-02-14,STORE-03,PRODUCT-001,beverages,3.49,3.52,0,1,383.0,2.0,70
2025-02-15,STORE-03,PRODUCT-001,beverages,3.49,3.56,0,0,,3.0,71
2025-02-16,STORE-03,PRODUCT-001,beverages,3.49,3.47,0,0,242.0,4.0,60
2025-02-17,STORE-03,PRODUCT-001,beverages,3.49,3.44,0,1,182.0,5.0,66
2025-02-18,STORE-03,PRODUCT-001,beverages,3.49,3.53,0,0,116.0,,27
2025-02-19,STORE-03,PRODUCT-001,beverages,3.49,3.54,0,0,504.0,0.0,53
2025-02-20,STORE-03,PRODUCT-001,beverages,3.49,3.54,0,0,451.0,1.0,51
2025-02-21,STORE-03,PRODUCT-001,beverages,3.49,3.45,0,0,400.0,2.0,48
2025-02-22,STORE-03,PRODUCT-001,beverages,3.49,3.44,0,0,352.0,3.0,65
2025-02-23,STORE-03,PRODUCT-001,beverages,3.49,3.45,0,0,287.0,4.0,86
2025-02-24,STORE-03,PRODUCT-001,beverages,3.49,3.43,0,0,201.0,5.0,71
2025-02-25,STORE-03,PRODUCT-001,beverages,3.49,3.51,0,0,130.0,,37
2025-02-26,STORE-03,PRODUCT-001,beverages,3.49,3.55,0,0,504.0,0.0,44
2025-02-27,STORE-03,PRODUCT-001,beverages,3.49,3.46,0,0,460.0,1.0,48
2025-02-28,STORE-03,PRODUCT-001,beverages,3.49,2.63,1,0,412.0,2.0,89
2025-03-01,STORE-03,PRODUCT-001,beverages,3.49,3.5,0,0,323.0,3.0,48
2025-03-02,STORE-03,PRODUCT-001,beverages,3.49,3.44,0,0,275.0,4.0,72
2025-03-03,STORE-03,PRODUCT-001,beverages,3.49,3.52,0,0,203.0,5.0,34
2025-03-04,STORE-03,PRODUCT-001,beverages,3.49,3.53,0,0,169.0,6.0,23
2025-03-05,STORE-03,PRODUCT-001,beverages,3.49,3.51,0,0,504.0,0.0,37
2025-03-06,STORE-03,PRODUCT-001,beverages,3.49,3.49,0,0,467.0,1.0,15
2025-03-07,STORE-03,PRODUCT-001,beverages,3.49,3.45,0,0,452.0,2.0,32
2025-03-08,STORE-03,PRODUCT-001,beverages,3.49,3.45,0,0,420.0,3.0,49
2025-03-09,STORE-03,PRODUCT-001,beverages,3.49,3.48,0,0,371.0,4.0,43
2025-03-10,STORE-03,PRODUCT-001,beverages,3.49,3.5,0,0,328.0,5.0,43
2025-03-11,STORE-03,PRODUCT-001,beverages,3.49,3.49,0,0,285.0,6.0,42
2025-03-12,STORE-03,PRODUCT-001,beverages,3.49,3.52,0,0,504.0,0.0,43
2025-03-13,STORE-03,PRODUCT-001,beverages,3.49,3.55,0,0,461.0,1.0,37
2025-03-14,STORE-03,PRODUCT-001,beverages,3.49,2.76,1,0,424.0,2.0,83
2025-03-15,STORE-03,PRODUCT-001,beverages,3.49,2.46,1,0,341.0,3.0,145
2025-03-16,STORE-03,PRODUCT-001,beverages,3.49,3.51,0,0,196.0,4.0,69
2025-03-17,STORE-03,PRODUCT-001,beverages,3.49,3.43,0,1,127.0,5.0,50
2025-03-18,STORE-03,PRODUCT-001,beverages,3.49,2.56,1,0,77.0,6.0,77
2025-03-19,STORE-03,PRODUCT-001,beverages,3.49,3.53,0,0,504.0,0.0,28
2025-03-20,STORE-03,PRODUCT-001,beverages,3.49,2.74,1,0,476.0,1.0,94
2025-03-21,STORE-03,PRODUCT-001,beverages,3.49,3.48,0,0,382.0,2.0,47
2025-03-22,STORE-03,PRODUCT-001,beverages,3.49,2.83,1,0,335.0,3.0,134
2025-03-23,STORE-03,PRODUCT-001,beverages,3.49,3.46,0,0,201.0,4.0,97
2025-03-24,STORE-03,PRODUCT-001,beverages,3.49,2.88,1,0,104.0,5.0,104
2025-03-25,STORE-03,PRODUCT-001,beverages,3.49,,0,0,0.0,6.0,0
2025-03-26,STORE-03,PRODUCT-001,beverages,3.49,3.5,0,0,504.0,0.0,41
2025-03-27,STORE-03,PRODUCT-001,beverages,3.49,3.48,0,0,463.0,1.0,56
2025-03-28,STORE-03,PRODUCT-001,beverages,3.49,3.53,0,0,407.0,,40
2025-03-29,STORE-03,PRODUCT-001,beverages,3.49,3.43,0,0,367.0,3.0,43
2025-03-30,STORE-03,PRODUCT-001,beverages,3.49,3.55,0,0,324.0,4.0,60
2025-03-31,STORE-03,PRODUCT-001,beverages,3.49,3.47,0,0,264.0,5.0,76
2025-04-01,STORE-03,PRODUCT-001,beverages,3.49,3.5,0,0,188.0,6.0,53
2025-04-02,STORE-03,PRODUCT-001,beverages,3.49,2.47,1,0,504.0,,105
2025-04-03,STORE-03,PRODUCT-001,beverages,3.49,,0,0,399.0,1.0,53
2025-04-04,STORE-03,PRODUCT-001,beverages,3.49,3.5,0,0,346.0,2.0,44
2025-04-05,STORE-03,PRODUCT-001,beverages,3.49,3.5,0,0,302.0,3.0,53
2025-04-06,STORE-03,PRODUCT-001,beverages,3.49,3.51,0,0,249.0,4.0,74
2025-04-07,STORE-03,PRODUCT-001,beverages,3.49,3.51,0,0,175.0,5.0,51
2025-04-08,STORE-03,PRODUCT-001,beverages,3.49,3.55,0,0,124.0,6.0,39
2025-04-09,STORE-03,PRODUCT-001,beverages,3.49,3.51,0,0,504.0,0.0,31
2025-04-10,STORE-03,PRODUCT-001,beverages,3.49,3.49,0,0,473.0,1.0,31
2025-04-11,STORE-03,PRODUCT-001,beverages,3.49,3.51,0,0,442.0,2.0,36
2025-04-12,STORE-03,PRODUCT-001,beverages,3.49,3.44,0,0,406.0,3.0,52
2025-04-13,STORE-03,PRODUCT-001,beverages,3.49,3.45,0,0,354.0,4.0,52
2025-04-14,STORE-03,PRODUCT-001,beverages,3.49,3.48,0,0,,5.0,37
2025-04-15,STORE-03,PRODUCT-001,beverages,3.49,3.42,0,0,265.0,6.0,42
2025-04-16,STORE-03,PRODUCT-001,beverages,3.49,3.54,0,0,504.0,0.0,37
2025-04-17,STORE-03,PRODUCT-001,beverages,3.49,2.77,1,0,467.0,1.0,83
2025-04-18,STORE-03,PRODUCT-001,beverages,3.49,3.44,0,0,384.0,2.0,53
2025-04-19,STORE-03,PRODUCT-001,beverages,3.49,3.53,0,0,331.0,3.0,66
2025-04-20,STORE-03,PRODUCT-001,beverages,3.49,3.55,0,1,265.0,4.0,90
2025-01-01,STORE-03,PRODUCT-002,beverages,5.99,5.87,0,1,312.0,0.0,46
2025-01-02,STORE-03,PRODUCT-002,beverages,5.99,4.95,1,0,266.0,1.0,65
2025-01-03,STORE-03,PRODUCT-002,beverages,5.99,5.97,0,0,201.0,2.0,44
2025-01-04,STORE-03,PRODUCT-002,beverages,5.99,6.01,0,0,157.0,3.0,45
2025-01-05,STORE-03,PRODUCT-002,beverages,5.99,6.08,0,0,112.0,4.0,29
2025-01-06,STORE-03,PRODUCT-002,beverages,5.99,,0,0,83.0,5.0,3
2025-01-07,STORE-03,PRODUCT-002,beverages,5.99,5.89,0,0,80.0,6.0,13
2025-01-08,STORE-03,PRODUCT-002,beverages,5.99,4.73,1,0,312.0,0.0,52
2025-01-09,STORE-03,PRODUCT-002,beverages,5.99,6.08,0,0,260.0,1.0,31
2025-01-10,STORE-03,PRODUCT-002,beverages,5.99,5.88,0,0,229.0,2.0,27
2025-01-11,STORE-03,PRODUCT-002,beverages,5.99,5.99,0,0,202.0,3.0,32
2025-01-12,STORE-03,PRODUCT-002,beverages,5.99,5.94,0,0,170.0,4.0,19
2025-01-13,STORE-03,PRODUCT-002,beverages,5.99,5.9,0,0,151.0,5.0,26
2025-01-14,STORE-03,PRODUCT-002,beverages,5.99,5.92,0,0,125.0,6.0,21
2025-01-15,STORE-03,PRODUCT-002,beverages,5.99,5.95,0,0,312.0,0.0,22
2025-01-16,STORE-03,PRODUCT-002,beverages,5.99,5.99,0,0,290.0,1.0,28
2025-01-17,STORE-03,PRODUCT-002,beverages,5.99,6.08,0,0,262.0,2.0,42
2025-01-18,STORE-03,PRODUCT-002,beverages,5.99,5.88,0,0,220.0,3.0,42
2025-01-19,STORE-03,PRODUCT-002,beverages,5.99,6.04,0,0,178.0,4.0,32
2025-01-20,STORE-03,PRODUCT-002,beverages,5.99,5.36,1,1,146.0,5.0,58
2025-01-21,STORE-03,PRODUCT-002,beverages,5.99,5.9,0,0,88.0,6.0,43
2025-01-22,STORE-03,PRODUCT-002,beverages,5.99,5.88,0,0,312.0,0.0,32
2025-01-23,STORE-03,PRODUCT-002,beverages,5.99,5.87,0,0,280.0,1.0,34
2025-01-24,STORE-03,PRODUCT-002,beverages,5.99,6.0,0,0,246.0,2.0,33
2025-01-25,STORE-03,PRODUCT-002,beverages,5.99,5.96,0,0,213.0,3.0,48
2025-01-26,STORE-03,PRODUCT-002,beverages,5.99,6.1,0,0,165.0,4.0,30
2025-01-27,STORE-03,PRODUCT-002,beverages,5.99,5.98,0,0,135.0,5.0,27
2025-01-28,STORE-03,PRODUCT-002,beverages,5.99,5.94,0,0,108.0,6.0,19
2025-01-29,STORE-03,PRODUCT-002,beverages,5.99,6.11,0,0,312.0,0.0,23
2025-01-30,STORE-03,PRODUCT-002,beverages,5.99,5.21,1,0,289.0,1.0,41
2025-01-31,STORE-03,PRODUCT-002,beverages,5.99,5.99,0,0,248.0,2.0,16
2025-02-01,STORE-03,PRODUCT-002,beverages,5.99,5.94,0,0,232.0,3.0,20
2025-02-02,STORE-03,PRODUCT-002,beverages,5.99,6.1,0,0,212.0,4.0,32
2025-02-03,STORE-03,PRODUCT-002,beverages,5.99,5.87,0,0,180.0,5.0,12
2025-02-04,STORE-03,PRODUCT-002,beverages,5.99,6.1,0,0,168.0,6.0,18
2025-02-05,STORE-03,PRODUCT-002,beverages,5.99,5.08,1,0,312.0,0.0,49
2025-02-06,STORE-03,PRODUCT-002,beverages,5.99,6.04,0,0,263.0,1.0,29
2025-02-07,STORE-03,PRODUCT-002,beverages,5.99,5.97,0,0,234.0,2.0,15
2025-02-08,STORE-03,PRODUCT-002,beverages,5.99,6.1,0,0,219.0,3.0,27
2025-02-09,STORE-03,PRODUCT-002,beverages,5.99,5.92,0,0,192.0,4.0,41
2025-02-10,STORE-03,PRODUCT-002,beverages,5.99,6.04,0,0,151.0,5.0,33
2025-02-11,STORE-03,PRODUCT-002,beverages,5.99,5.96,0,0,118.0,6.0,31
2025-02-12,STORE-03,PRODUCT-002,beverages,5.99,5.91,0,0,312.0,0.0,18
2025-02-13,STORE-03,PRODUCT-002,beverages,5.99,6.06,0,0,294.0,1.0,12
2025-02-14,STORE-03,PRODUCT-002,beverages,5.99,6.06,0,1,282.0,2.0,14
2025-02-15,STORE-03,PRODUCT-002,beverages,5.99,5.93,0,0,268.0,3.0,29
2025-02-16,STORE-03,PRODUCT-002,beverages,5.99,5.99,0,0,239.0,4.0,33
2025-02-17,STORE-03,PRODUCT-002,beverages,5.99,6.1,0,1,206.0,5.0,53
2025-02-18,STORE-03,PRODUCT-002,beverages,5.99,6.08,0,0,153.0,6.0,39
2025-02-19,STORE-03,PRODUCT-002,beverages,5.99,6.01,0,0,312.0,0.0,27
2025-02-20,STORE-03,PRODUCT-002,beverages,5.99,5.96,0,0,285.0,1.0,27
2025-02-21,STORE-03,PRODUCT-002,beverages,5.99,6.08,0,0,258.0,2.0,20
2025-02-22,STORE-03,PRODUCT-002,beverages,5.99,6.1,0,0,238.0,3.0,37
2025-02-23,STORE-03,PRODUCT-002,beverages,5.99,5.98,0,0,201.0,4.0,35
2025-02-24,STORE-03,PRODUCT-002,beverages,5.99,6.0,0,0,166.0,5.0,19
2025-02-25,STORE-03,PRODUCT-002,beverages,5.99,5.88,0,0,147.0,6.0,30
2025-02-26,STORE-03,PRODUCT-002,beverages,5.99,4.93,1,0,312.0,0.0,43
2025-02-27,STORE-03,PRODUCT-002,beverages,5.99,5.95,0,0,269.0,1.0,14
2025-02-28,STORE-03,PRODUCT-002,beverages,5.99,5.94,0,0,255.0,2.0,19
2025-03-01,STORE-03,PRODUCT-002,beverages,5.99,6.01,0,0,236.0,3.0,34
2025-03-02,STORE-03,PRODUCT-002,beverages,5.99,5.93,0,0,202.0,4.0,44
2025-03-03,STORE-03,PRODUCT-002,beverages,5.99,5.89,0,0,158.0,,41
2025-03-04,STORE-03,PRODUCT-002,beverages,5.99,5.89,0,0,117.0,6.0,48
2025-03-05,STORE-03,PRODUCT-002,beverages,5.99,6.07,0,0,312.0,0.0,45
2025-03-06,STORE-03,PRODUCT-002,beverages,5.99,4.38,1,0,267.0,1.0,58
2025-03-07,STORE-03,PRODUCT-002,beverages,5.99,6.1,0,0,209.0,2.0,26
2025-03-08,STORE-03,PRODUCT-002,beverages,5.99,5.15,1,0,,3.0,74
2025-03-09,STORE-03,PRODUCT-002,beverages,5.99,5.9,0,0,109.0,4.0,31
2025-03-10,STORE-03,PRODUCT-002,beverages,5.99,5.93,0,0,78.0,5.0,22
2025-03-11,STORE-03,PRODUCT-002,beverages,5.99,5.92,0,0,56.0,6.0,14
2025-03-12,STORE-03,PRODUCT-002,beverages,5.99,5.96,0,0,312.0,0.0,15
2025-03-13,STORE-03,PRODUCT-002,beverages,5.99,5.01,1,0,297.0,1.0,50
2025-03-14,STORE-03,PRODUCT-002,beverages,5.99,5.99,0,0,247.0,2.0,31
2025-03-15,STORE-03,PRODUCT-002,beverages,5.99,5.96,0,0,216.0,3.0,42
2025-03-16,STORE-03,PRODUCT-002,beverages,5.99,5.95,0,0,174.0,,41
2025-03-17,STORE-03,PRODUCT-002,beverages,5.99,4.9,1,1,133.0,5.0,73
2025-03-18,STORE-03,PRODUCT-002,beverages,5.99,6.04,0,0,60.0,6.0,23
2025-03-19,STORE-03,PRODUCT-002,beverages,5.99,5.94,0,0,312.0,0.0,34
2025-03-20,STORE-03,PRODUCT-002,beverages,5.99,6.04,0,0,278.0,1.0,37
2025-03-21,STORE-03,PRODUCT-002,beverages,5.99,6.09,0,0,241.0,2.0,25
2025-03-22,STORE-03,PRODUCT-002,beverages,5.99,6.05,0,0,216.0,3.0,22
2025-03-23,STORE-03,PRODUCT-002,beverages,5.99,5.95,0,0,194.0,4.0,32
2025-03-24,STORE-03,PRODUCT-002,beverages,5.99,6.08,0,0,162.0,5.0,41
2025-03-25,STORE-03,PRODUCT-002,beverages,5.99,5.88,0,0,121.0,6.0,45
2025-03-26,STORE-03,PRODUCT-002,beverages,5.99,5.99,0,0,312.0,0.0,31
2025-03-27,STORE-03,PRODUCT-002,beverages,5.99,5.95,0,0,281.0,1.0,27
2025-03-28,STORE-03,PRODUCT-002,beverages,5.99,,0,0,254.0,2.0,31
2025-03-29,STORE-03,PRODUCT-002,beverages,5.99,6.06,0,0,223.0,3.0,44
2025-03-30,STORE-03,PRODUCT-002,beverages,5.99,6.05,0,0,179.0,4.0,44
2025-03-31,STORE-03,PRODUCT-002,beverages,5.99,6.01,0,0,135.0,5.0,27
2025-04-01,STORE-03,PRODUCT-002,beverages,5.99,5.98,0,0,108.0,6.0,24
2025-04-02,STORE-03,PRODUCT-002,beverages,5.99,5.89,0,0,312.0,0.0,27
2025-04-03,STORE-03,PRODUCT-002,beverages,5.99,5.94,0,0,285.0,1.0,19
2025-04-04,STORE-03,PRODUCT-002,beverages,5.99,6.06,0,0,266.0,2.0,24
2025-04-05,STORE-03,PRODUCT-002,beverages,5.99,5.9,0,0,242.0,3.0,17
2025-04-06,STORE-03,PRODUCT-002,beverages,5.99,6.03,0,0,225.0,4.0,40
2025-04-07,STORE-03,PRODUCT-002,beverages,5.99,6.07,0,0,185.0,5.0,26
2025-04-08,STORE-03,PRODUCT-002,beverages,5.99,5.88,0,0,159.0,6.0,29
2025-04-09,STORE-03,PRODUCT-002,beverages,5.99,5.9,0,0,312.0,0.0,24
2025-04-10,STORE-03,PRODUCT-002,beverages,5.99,6.02,0,0,288.0,1.0,15
2025-04-11,STORE-03,PRODUCT-002,beverages,5.99,6.04,0,0,273.0,2.0,23
2025-04-12,STORE-03,PRODUCT-002,beverages,5.99,6.02,0,0,250.0,3.0,30
2025-04-13,STORE-03,PRODUCT-002,beverages,5.99,6.11,0,0,220.0,4.0,25
2025-04-14,STORE-03,PRODUCT-002,beverages,5.99,5.88,0,0,195.0,5.0,15
2025-04-15,STORE-03,PRODUCT-002,beverages,5.99,6.04,0,0,180.0,6.0,24
2025-04-16,STORE-03,PRODUCT-002,beverages,5.99,5.9,0,0,312.0,0.0,35
2025-04-17,STORE-03,PRODUCT-002,beverages,5.99,6.11,0,0,277.0,1.0,31
2025-04-18,STORE-03,PRODUCT-002,beverages,5.99,4.96,1,0,246.0,2.0,63
2025-04-19,STORE-03,PRODUCT-002,beverages,5.99,6.04,0,0,,3.0,38
2025-04-20,STORE-03,PRODUCT-002,beverages,5.99,5.98,0,1,145.0,4.0,51
