content/interview-scenarios/machine-learning-python/retail-demand-forecaster/workspace/data/train.csv
date,store_id,product_id,category,base_price,current_price,promotion,holiday,inventory_level,days_since_restock,units_sold
2025-01-01,STORE-03,PRODUCT-003,snacks,2.99,2.95,0,1,432.0,0.0,53
2025-01-02,STORE-03,PRODUCT-003,snacks,2.99,2.93,0,0,379.0,1.0,32
2025-01-03,STORE-03,PRODUCT-003,snacks,2.99,2.35,1,0,347.0,2.0,60
2025-01-04,STORE-03,PRODUCT-003,snacks,2.99,3.0,0,0,287.0,3.0,51
2025-01-05,STORE-03,PRODUCT-003,snacks,2.99,2.93,0,0,236.0,4.0,58
2025-01-06,STORE-03,PRODUCT-003,snacks,2.99,3.02,0,0,178.0,5.0,60
2025-01-07,STORE-03,PRODUCT-003,snacks,2.99,2.95,0,0,118.0,6.0,43
2025-01-08,STORE-03,PRODUCT-003,snacks,2.99,3.01,0,0,432.0,0.0,37
2025-01-09,STORE-03,PRODUCT-003,snacks,2.99,3.05,0,0,395.0,1.0,24
2025-01-10,STORE-03,PRODUCT-003,snacks,2.99,3.03,0,0,371.0,2.0,35
2025-01-11,STORE-03,PRODUCT-003,snacks,2.99,3.0,0,0,336.0,3.0,52
2025-01-12,STORE-03,PRODUCT-003,snacks,2.99,2.94,0,0,284.0,4.0,61
2025-01-13,STORE-03,PRODUCT-003,snacks,2.99,3.03,0,0,223.0,5.0,56
2025-01-14,STORE-03,PRODUCT-003,snacks,2.99,3.04,0,0,167.0,6.0,34
2025-01-15,STORE-03,PRODUCT-003,snacks,2.99,2.34,1,0,432.0,0.0,74
2025-01-16,STORE-03,PRODUCT-003,snacks,2.99,2.96,0,0,358.0,1.0,32
2025-01-17,STORE-03,PRODUCT-003,snacks,2.99,3.04,0,0,326.0,2.0,29
2025-01-18,STORE-03,PRODUCT-003,snacks,2.99,2.99,0,0,297.0,3.0,37
2025-01-19,STORE-03,PRODUCT-003,snacks,2.99,2.95,0,0,260.0,4.0,28
2025-01-20,STORE-03,PRODUCT-003,snacks,2.99,3.01,0,1,232.0,5.0,47
2025-01-21,STORE-03,PRODUCT-003,snacks,2.99,3.02,0,0,185.0,6.0,30
2025-01-22,STORE-03,PRODUCT-003,snacks,2.99,3.05,0,0,432.0,0.0,13
2025-01-23,STORE-03,PRODUCT-003,snacks,2.99,2.97,0,0,419.0,1.0,32
2025-01-24,STORE-03,PRODUCT-003,snacks,2.99,3.04,0,0,,2.0,13
2025-01-25,STORE-03,PRODUCT-003,snacks,2.99,3.04,0,0,374.0,3.0,34
2025-01-26,STORE-03,PRODUCT-003,snacks,2.99,2.95,0,0,340.0,4.0,32
2025-01-27,STORE-03,PRODUCT-003,snacks,2.99,2.98,0,0,308.0,5.0,31
2025-01-28,STORE-03,PRODUCT-003,snacks,2.99,2.95,0,0,277.0,6.0,38
2025-01-29,STORE-03,PRODUCT-003,snacks,2.99,2.94,0,0,432.0,0.0,53
2025-01-30,STORE-03,PRODUCT-003,snacks,2.99,2.95,0,0,379.0,1.0,44
2025-01-31,STORE-03,PRODUCT-003,snacks,2.99,2.95,0,0,335.0,2.0,57
2025-02-01,STORE-03,PRODUCT-003,snacks,2.99,3.01,0,0,278.0,3.0,44
2025-02-02,STORE-03,PRODUCT-003,snacks,2.99,3.01,0,0,234.0,4.0,56
2025-02-03,STORE-03,PRODUCT-003,snacks,2.99,3.03,0,0,178.0,,43
2025-02-04,STORE-03,PRODUCT-003,snacks,2.99,2.95,0,0,,6.0,54
2025-02-05,STORE-03,PRODUCT-003,snacks,2.99,3.05,0,0,432.0,0.0,60
2025-02-06,STORE-03,PRODUCT-003,snacks,2.99,2.96,0,0,372.0,1.0,51
2025-02-07,STORE-03,PRODUCT-003,snacks,2.99,3.04,0,0,321.0,2.0,47
2025-02-08,STORE-03,PRODUCT-003,snacks,2.99,3.01,0,0,274.0,3.0,34
2025-02-09,STORE-03,PRODUCT-003,snacks,2.99,3.02,0,0,240.0,,18
2025-02-10,STORE-03,PRODUCT-003,snacks,2.99,3.04,0,0,222.0,5.0,22
2025-02-11,STORE-03,PRODUCT-003,snacks,2.99,2.96,0,0,200.0,6.0,28
2025-02-12,STORE-03,PRODUCT-003,snacks,2.99,2.53,1,0,432.0,0.0,64
2025-02-13,STORE-03,PRODUCT-003,snacks,2.99,2.96,0,0,368.0,1.0,44
2025-02-14,STORE-03,PRODUCT-003,snacks,2.99,2.93,0,1,324.0,2.0,73
2025-02-15,STORE-03,PRODUCT-003,snacks,2.99,3.03,0,0,251.0,3.0,44
2025-02-16,STORE-03,PRODUCT-003,snacks,2.99,3.01,0,0,207.0,4.0,63
2025-02-17,STORE-03,PRODUCT-003,snacks,2.99,2.93,0,1,144.0,5.0,46
2025-02-18,STORE-03,PRODUCT-003,snacks,2.99,2.96,0,0,98.0,6.0,27
2025-02-19,STORE-03,PRODUCT-003,snacks,2.99,3.05,0,0,432.0,0.0,22
2025-02-20,STORE-03,PRODUCT-003,snacks,2.99,2.99,0,0,410.0,1.0,25
2025-02-21,STORE-03,PRODUCT-003,snacks,2.99,3.05,0,0,385.0,2.0,33
2025-02-22,STORE-03,PRODUCT-003,snacks,2.99,2.97,0,0,352.0,3.0,42
2025-02-23,STORE-03,PRODUCT-003,snacks,2.99,2.98,0,0,310.0,4.0,39
2025-02-24,STORE-03,PRODUCT-003,snacks,2.99,2.97,0,0,271.0,5.0,34
2025-02-25,STORE-03,PRODUCT-003,snacks,2.99,2.95,0,0,237.0,6.0,38
2025-02-26,STORE-03,PRODUCT-003,snacks,2.99,,0,0,432.0,0.0,34
2025-02-27,STORE-03,PRODUCT-003,snacks,2.99,2.62,1,0,398.0,1.0,63
2025-02-28,STORE-03,PRODUCT-003,snacks,2.99,3.04,0,0,335.0,2.0,49
2025-03-01,STORE-03,PRODUCT-003,snacks,2.99,3.01,0,0,286.0,3.0,55
2025-03-02,STORE-03,PRODUCT-003,snacks,2.99,2.95,0,0,231.0,4.0,68
2025-03-03,STORE-03,PRODUCT-003,snacks,2.99,2.47,1,0,163.0,5.0,67
2025-03-04,STORE-03,PRODUCT-003,snacks,2.99,3.05,0,0,96.0,6.0,52
2025-03-05,STORE-03,PRODUCT-003,snacks,2.99,3.03,0,0,432.0,0.0,46
2025-03-06,STORE-03,PRODUCT-003,snacks,2.99,3.04,0,0,386.0,1.0,62
2025-03-07,STORE-03,PRODUCT-003,snacks,2.99,2.98,0,0,324.0,2.0,38
2025-03-08,STORE-03,PRODUCT-003,snacks,2.99,2.94,0,0,286.0,3.0,40
2025-03-09,STORE-03,PRODUCT-003,snacks,2.99,2.97,0,0,246.0,4.0,36
2025-03-10,STORE-03,PRODUCT-003,snacks,2.99,2.95,0,0,210.0,5.0,30
2025-03-11,STORE-03,PRODUCT-003,snacks,2.99,2.95,0,0,180.0,6.0,45
2025-03-12,STORE-03,PRODUCT-003,snacks,2.99,2.68,1,0,432.0,0.0,57
2025-03-13,STORE-03,PRODUCT-003,snacks,2.99,2.93,0,0,375.0,1.0,59
2025-03-14,STORE-03,PRODUCT-003,snacks,2.99,3.02,0,0,316.0,2.0,69
2025-03-15,STORE-03,PRODUCT-003,snacks,2.99,3.03,0,0,247.0,3.0,62
2025-03-16,STORE-03,PRODUCT-003,snacks,2.99,2.96,0,0,185.0,4.0,65
2025-03-17,STORE-03,PRODUCT-003,snacks,2.99,2.98,0,1,120.0,5.0,50
2025-03-18,STORE-03,PRODUCT-003,snacks,2.99,3.03,0,0,70.0,6.0,31
2025-03-19,STORE-03,PRODUCT-003,snacks,2.99,2.95,0,0,432.0,0.0,56
2025-03-20,STORE-03,PRODUCT-003,snacks,2.99,2.97,0,0,376.0,1.0,50
2025-03-21,STORE-03,PRODUCT-003,snacks,2.99,3.0,0,0,326.0,2.0,48
2025-03-22,STORE-03,PRODUCT-003,snacks,2.99,3.03,0,0,278.0,3.0,73
2025-03-23,STORE-03,PRODUCT-003,snacks,2.99,2.99,0,0,205.0,4.0,60
2025-03-24,STORE-03,PRODUCT-003,snacks,2.99,2.99,0,0,145.0,5.0,50
2025-03-25,STORE-03,PRODUCT-003,snacks,2.99,3.04,0,0,95.0,6.0,44
2025-03-26,STORE-03,PRODUCT-003,snacks,2.99,3.01,0,0,432.0,0.0,31
2025-03-27,STORE-03,PRODUCT-003,snacks,2.99,2.94,0,0,401.0,1.0,37
2025-03-28,STORE-03,PRODUCT-003,snacks,2.99,2.98,0,0,364.0,2.0,31
2025-03-29,STORE-03,PRODUCT-003,snacks,2.99,2.98,0,0,333.0,3.0,51
2025-03-30,STORE-03,PRODUCT-003,snacks,2.99,3.02,0,0,282.0,4.0,56
2025-03-31,STORE-03,PRODUCT-003,snacks,2.99,3.05,0,0,226.0,,16
2025-04-01,STORE-03,PRODUCT-003,snacks,2.99,2.96,0,0,210.0,6.0,16
2025-04-02,STORE-03,PRODUCT-003,snacks,2.99,2.95,0,0,432.0,0.0,28
2025-04-03,STORE-03,PRODUCT-003,snacks,2.99,2.96,0,0,404.0,1.0,43
2025-04-04,STORE-03,PRODUCT-003,snacks,2.99,3.0,0,0,361.0,2.0,50
2025-04-05,STORE-03,PRODUCT-003,snacks,2.99,2.94,0,0,311.0,3.0,44
2025-04-06,STORE-03,PRODUCT-003,snacks,2.99,2.98,0,0,267.0,4.0,37
2025-04-07,STORE-03,PRODUCT-003,snacks,2.99,3.01,0,0,230.0,5.0,26
2025-04-08,STORE-03,PRODUCT-003,snacks,2.99,2.98,0,0,204.0,6.0,24
2025-04-09,STORE-03,PRODUCT-003,snacks,2.99,2.93,0,0,432.0,0.0,17
2025-04-10,STORE-03,PRODUCT-003,snacks,2.99,2.28,1,0,415.0,1.0,48
2025-04-11,STORE-03,PRODUCT-003,snacks,2.99,2.95,0,0,367.0,2.0,28
2025-04-12,STORE-03,PRODUCT-003,snacks,2.99,2.94,0,0,339.0,3.0,37
2025-04-13,STORE-03,PRODUCT-003,snacks,2.99,2.97,0,0,302.0,4.0,56
2025-04-14,STORE-03,PRODUCT-003,snacks,2.99,2.98,0,0,246.0,5.0,38
2025-04-15,STORE-03,PRODUCT-003,snacks,2.99,2.98,0,0,208.0,6.0,38
2025-04-16,STORE-03,PRODUCT-003,snacks,2.99,3.04,0,0,432.0,0.0,56
2025-04-17,STORE-03,PRODUCT-003,snacks,2.99,3.04,0,0,376.0,1.0,55
2025-04-18,STORE-03,PRODUCT-003,snacks,2.99,3.03,0,0,321.0,2.0,56
2025-04-19,STORE-03,PRODUCT-003,snacks,2.99,2.96,0,0,265.0,3.0,62
2025-04-20,STORE-03,PRODUCT-003,snacks,2.99,3.01,0,1,203.0,4.0,62
2025-01-01,STORE-03,PRODUCT-004,snacks,4.49,4.46,0,1,252.0,0.0,26
2025-01-02,STORE-03,PRODUCT-004,snacks,4.49,4.44,0,0,226.0,1.0,24
2025-01-03,STORE-03,PRODUCT-004,snacks,4.49,4.56,0,0,202.0,2.0,17
2025-01-04,STORE-03,PRODUCT-004,snacks,4.49,4.43,0,0,185.0,3.0,26
2025-01-05,STORE-03,PRODUCT-004,snacks,4.49,4.54,0,0,159.0,4.0,26
2025-01-06,STORE-03,PRODUCT-004,snacks,4.49,4.57,0,0,133.0,5.0,15
2025-01-07,STORE-03,PRODUCT-004,snacks,4.49,4.57,0,0,118.0,6.0,3
2025-01-08,STORE-03,PRODUCT-004,snacks,4.49,4.49,0,0,252.0,0.0,15
2025-01-09,STORE-03,PRODUCT-004,snacks,4.49,4.49,0,0,237.0,1.0,20
2025-01-10,STORE-03,PRODUCT-004,snacks,4.49,4.46,0,0,217.0,2.0,23
2025-01-11,STORE-03,PRODUCT-004,snacks,4.49,4.5,0,0,194.0,3.0,32
2025-01-12,STORE-03,PRODUCT-004,snacks,4.49,4.46,0,0,162.0,4.0,26
2025-01-13,STORE-03,PRODUCT-004,snacks,4.49,4.44,0,0,136.0,5.0,21
2025-01-14,STORE-03,PRODUCT-004,snacks,4.49,4.48,0,0,115.0,6.0,23
2025-01-15,STORE-03,PRODUCT-004,snacks,4.49,4.41,0,0,252.0,0.0,26
2025-01-16,STORE-03,PRODUCT-004,snacks,4.49,4.46,0,0,226.0,1.0,12
2025-01-17,STORE-03,PRODUCT-004,snacks,4.49,4.57,0,0,214.0,2.0,7
2025-01-18,STORE-03,PRODUCT-004,snacks,4.49,4.48,0,0,207.0,3.0,14
2025-01-19,STORE-03,PRODUCT-004,snacks,4.49,4.44,0,0,193.0,4.0,28
2025-01-20,STORE-03,PRODUCT-004,snacks,4.49,4.5,0,1,165.0,5.0,28
2025-01-21,STORE-03,PRODUCT-004,snacks,4.49,4.53,0,0,,6.0,23
2025-01-22,STORE-03,PRODUCT-004,snacks,4.49,4.53,0,0,252.0,0.0,21
2025-01-23,STORE-03,PRODUCT-004,snacks,4.49,4.56,0,0,231.0,1.0,20
2025-01-24,STORE-03,PRODUCT-004,snacks,4.49,4.41,0,0,211.0,2.0,21
2025-01-25,STORE-03,PRODUCT-004,snacks,4.49,4.57,0,0,190.0,3.0,25
2025-01-26,STORE-03,PRODUCT-004,snacks,4.49,4.5,0,0,165.0,4.0,28
2025-01-27,STORE-03,PRODUCT-004,snacks,4.49,4.53,0,0,137.0,5.0,28
2025-01-28,STORE-03,PRODUCT-004,snacks,4.49,3.94,1,0,109.0,6.0,34
2025-01-29,STORE-03,PRODUCT-004,snacks,4.49,3.14,1,0,252.0,0.0,46
2025-01-30,STORE-03,PRODUCT-004,snacks,4.49,4.45,0,0,206.0,,27
2025-01-31,STORE-03,PRODUCT-004,snacks,4.49,4.45,0,0,179.0,2.0,34
2025-02-01,STORE-03,PRODUCT-004,snacks,4.49,4.41,0,0,145.0,3.0,31
2025-02-02,STORE-03,PRODUCT-004,snacks,4.49,3.95,1,0,114.0,4.0,53
2025-02-03,STORE-03,PRODUCT-004,snacks,4.49,4.54,0,0,61.0,5.0,25
2025-02-04,STORE-03,PRODUCT-004,snacks,4.49,4.47,0,0,36.0,6.0,21
2025-02-05,STORE-03,PRODUCT-004,snacks,4.49,4.49,0,0,252.0,0.0,25
2025-02-06,STORE-03,PRODUCT-004,snacks,4.49,4.57,0,0,227.0,1.0,31
2025-02-07,STORE-03,PRODUCT-004,snacks,4.49,3.98,1,0,196.0,2.0,59
2025-02-08,STORE-03,PRODUCT-004,snacks,4.49,4.41,0,0,137.0,3.0,46
2025-02-09,STORE-03,PRODUCT-004,snacks,4.49,4.55,0,0,91.0,,45
2025-02-10,STORE-03,PRODUCT-004,snacks,4.49,4.45,0,0,46.0,5.0,29
2025-02-11,STORE-03,PRODUCT-004,snacks,4.49,4.49,0,0,17.0,6.0,17
2025-02-12,STORE-03,PRODUCT-004,snacks,4.49,4.58,0,0,252.0,,21
2025-02-13,STORE-03,PRODUCT-004,snacks,4.49,3.29,1,0,231.0,1.0,40
2025-02-14,STORE-03,PRODUCT-004,snacks,4.49,4.49,0,1,191.0,2.0,20
2025-02-15,STORE-03,PRODUCT-004,snacks,4.49,4.46,0,0,171.0,3.0,23
2025-02-16,STORE-03,PRODUCT-004,snacks,4.49,4.44,0,0,,4.0,21
2025-02-17,STORE-03,PRODUCT-004,snacks,4.49,4.43,0,1,127.0,5.0,33
2025-02-18,STORE-03,PRODUCT-004,snacks,4.49,4.52,0,0,94.0,6.0,18
2025-02-19,STORE-03,PRODUCT-004,snacks,4.49,4.55,0,0,252.0,0.0,23
2025-02-20,STORE-03,PRODUCT-004,snacks,4.49,4.41,0,0,229.0,1.0,19
2025-02-21,STORE-03,PRODUCT-004,snacks,4.49,4.52,0,0,210.0,2.0,30
2025-02-22,STORE-03,PRODUCT-004,snacks,4.49,4.57,0,0,180.0,3.0,27
2025-02-23,STORE-03,PRODUCT-004,snacks,4.49,4.41,0,0,153.0,,20
2025-02-24,STORE-03,PRODUCT-004,snacks,4.49,4.42,0,0,133.0,5.0,8
2025-02-25,STORE-03,PRODUCT-004,snacks,4.49,4.54,0,0,125.0,6.0,6
2025-02-26,STORE-03,PRODUCT-004,snacks,4.49,4.47,0,0,252.0,0.0,6
2025-02-27,STORE-03,PRODUCT-004,snacks,4.49,4.53,0,0,246.0,1.0,10
2025-02-28,STORE-03,PRODUCT-004,snacks,4.49,4.47,0,0,236.0,2.0,17
2025-03-01,STORE-03,PRODUCT-004,snacks,4.49,4.58,0,0,219.0,3.0,19
2025-03-02,STORE-03,PRODUCT-004,snacks,4.49,4.47,0,0,200.0,4.0,28
2025-03-03,STORE-03,PRODUCT-004,snacks,4.49,4.43,0,0,172.0,5.0,24
2025-03-04,STORE-03,PRODUCT-004,snacks,4.49,4.55,0,0,148.0,6.0,32
2025-03-05,STORE-03,PRODUCT-004,snacks,4.49,,0,0,252.0,0.0,37
2025-03-06,STORE-03,PRODUCT-004,snacks,4.49,4.42,0,0,215.0,1.0,43
2025-03-07,STORE-03,PRODUCT-004,snacks,4.49,4.51,0,0,172.0,2.0,37
2025-03-08,STORE-03,PRODUCT-004,snacks,4.49,4.54,0,0,135.0,3.0,34
2025-03-09,STORE-03,PRODUCT-004,snacks,4.49,4.43,0,0,101.0,,34
2025-03-10,STORE-03,PRODUCT-004,snacks,4.49,4.4,0,0,67.0,5.0,34
2025-03-11,STORE-03,PRODUCT-004,snacks,4.49,4.52,0,0,33.0,6.0,16
2025-03-12,STORE-03,PRODUCT-004,snacks,4.49,4.44,0,0,252.0,0.0,19
2025-03-13,STORE-03,PRODUCT-004,snacks,4.49,4.42,0,0,233.0,,29
2025-03-14,STORE-03,PRODUCT-004,snacks,4.49,4.51,0,0,204.0,2.0,30
2025-03-15,STORE-03,PRODUCT-004,snacks,4.49,3.55,1,0,174.0,3.0,55
2025-03-16,STORE-03,PRODUCT-004,snacks,4.49,4.52,0,0,,4.0,26
2025-03-17,STORE-03,PRODUCT-004,snacks,4.49,4.44,0,1,93.0,5.0,22
2025-03-18,STORE-03,PRODUCT-004,snacks,4.49,4.5,0,0,71.0,6.0,22
2025-03-19,STORE-03,PRODUCT-004,snacks,4.49,4.5,0,0,252.0,0.0,29
2025-03-20,STORE-03,PRODUCT-004,snacks,4.49,4.48,0,0,223.0,1.0,27
2025-03-21,STORE-03,PRODUCT-004,snacks,4.49,4.47,0,0,196.0,2.0,29
2025-03-22,STORE-03,PRODUCT-004,snacks,4.49,4.46,0,0,167.0,,28
2025-03-23,STORE-03,PRODUCT-004,snacks,4.49,4.46,0,0,139.0,4.0,27
2025-03-24,STORE-03,PRODUCT-004,snacks,4.49,4.48,0,0,112.0,5.0,32
2025-03-25,STORE-03,PRODUCT-004,snacks,4.49,4.48,0,0,80.0,6.0,28
2025-03-26,STORE-03,PRODUCT-004,snacks,4.49,4.47,0,0,252.0,0.0,35
2025-03-27,STORE-03,PRODUCT-004,snacks,4.49,4.49,0,0,217.0,1.0,32
2025-03-28,STORE-03,PRODUCT-004,snacks,4.49,4.45,0,0,185.0,2.0,31
2025-03-29,STORE-03,PRODUCT-004,snacks,4.49,4.5,0,0,154.0,3.0,32
2025-03-30,STORE-03,PRODUCT-004,snacks,4.49,4.41,0,0,122.0,4.0,33
2025-03-31,STORE-03,PRODUCT-004,snacks,4.49,4.46,0,0,89.0,,41
2025-04-01,STORE-03,PRODUCT-004,snacks,4.49,4.43,0,0,48.0,6.0,34
2025-04-02,STORE-03,PRODUCT-004,snacks,4.49,4.41,0,0,252.0,0.0,34
2025-04-03,STORE-03,PRODUCT-004,snacks,4.49,3.4,1,0,218.0,1.0,55
2025-04-04,STORE-03,PRODUCT-004,snacks,4.49,4.53,0,0,163.0,2.0,50
2025-04-05,STORE-03,PRODUCT-004,snacks,4.49,4.43,0,0,113.0,3.0,34
2025-04-06,STORE-03,PRODUCT-004,snacks,4.49,4.52,0,0,79.0,4.0,30
2025-04-07,STORE-03,PRODUCT-004,snacks,4.49,4.55,0,0,49.0,5.0,20
2025-04-08,STORE-03,PRODUCT-004,snacks,4.49,4.58,0,0,29.0,6.0,20
2025-04-09,STORE-03,PRODUCT-004,snacks,4.49,4.53,0,0,252.0,0.0,22
2025-04-10,STORE-03,PRODUCT-004,snacks,4.49,3.53,1,0,230.0,1.0,41
2025-04-11,STORE-03,PRODUCT-004,snacks,4.49,4.57,0,0,189.0,2.0,9
2025-04-12,STORE-03,PRODUCT-004,snacks,4.49,4.52,0,0,180.0,3.0,33
2025-04-13,STORE-03,PRODUCT-004,snacks,4.49,3.62,1,0,147.0,4.0,54
2025-04-14,STORE-03,PRODUCT-004,snacks,4.49,4.5,0,0,93.0,5.0,15
2025-04-15,STORE-03,PRODUCT-004,snacks,4.49,4.43,0,0,78.0,6.0,27
2025-04-16,STORE-03,PRODUCT-004,snacks,4.49,4.46,0,0,252.0,0.0,26
2025-04-17,STORE-03,PRODUCT-004,snacks,4.49,4.56,0,0,226.0,1.0,29
2025-04-18,STORE-03,PRODUCT-004,snacks,4.49,4.56,0,0,197.0,2.0,31
2025-04-19,STORE-03,PRODUCT-004,snacks,4.49,4.5,0,0,166.0,3.0,47
2025-04-20,STORE-03,PRODUCT-004,snacks,4.49,4.53,0,1,119.0,4.0,46
