content/interview-scenarios/machine-learning-python/retail-demand-forecaster/workspace/data/train.csv
date,store_id,product_id,category,base_price,current_price,promotion,holiday,inventory_level,days_since_restock,units_sold
2025-01-01,STORE-03,PRODUCT-005,household,8.99,9.09,0,1,192.0,0.0,31
2025-01-02,STORE-03,PRODUCT-005,household,8.99,8.86,0,0,161.0,1.0,32
2025-01-03,STORE-03,PRODUCT-005,household,8.99,8.91,0,0,129.0,2.0,27
2025-01-04,STORE-03,PRODUCT-005,household,8.99,,0,0,102.0,,22
2025-01-05,STORE-03,PRODUCT-005,household,8.99,8.83,0,0,80.0,4.0,26
2025-01-06,STORE-03,PRODUCT-005,household,8.99,8.96,0,0,54.0,5.0,23
2025-01-07,STORE-03,PRODUCT-005,household,8.99,9.14,0,0,,6.0,23
2025-01-08,STORE-03,PRODUCT-005,household,8.99,8.82,0,0,192.0,0.0,15
2025-01-09,STORE-03,PRODUCT-005,household,8.99,8.91,0,0,,1.0,17
2025-01-10,STORE-03,PRODUCT-005,household,8.99,9.1,0,0,160.0,2.0,18
2025-01-11,STORE-03,PRODUCT-005,household,8.99,7.12,1,0,142.0,3.0,34
2025-01-12,STORE-03,PRODUCT-005,household,8.99,9.04,0,0,108.0,4.0,26
2025-01-13,STORE-03,PRODUCT-005,household,8.99,9.07,0,0,82.0,5.0,22
2025-01-14,STORE-03,PRODUCT-005,household,8.99,9.0,0,0,60.0,6.0,24
2025-01-15,STORE-03,PRODUCT-005,household,8.99,9.02,0,0,192.0,0.0,33
2025-01-16,STORE-03,PRODUCT-005,household,8.99,7.74,1,0,159.0,1.0,36
2025-01-17,STORE-03,PRODUCT-005,household,8.99,9.15,0,0,123.0,2.0,16
2025-01-18,STORE-03,PRODUCT-005,household,8.99,9.03,0,0,107.0,3.0,8
2025-01-19,STORE-03,PRODUCT-005,household,8.99,8.96,0,0,99.0,4.0,11
2025-01-20,STORE-03,PRODUCT-005,household,8.99,7.69,1,1,88.0,5.0,29
2025-01-21,STORE-03,PRODUCT-005,household,8.99,8.88,0,0,59.0,6.0,11
2025-01-22,STORE-03,PRODUCT-005,household,8.99,7.94,1,0,192.0,0.0,20
2025-01-23,STORE-03,PRODUCT-005,household,8.99,9.09,0,0,172.0,1.0,11
2025-01-24,STORE-03,PRODUCT-005,household,8.99,9.11,0,0,,2.0,14
2025-01-25,STORE-03,PRODUCT-005,household,8.99,8.99,0,0,147.0,3.0,19
2025-01-26,STORE-03,PRODUCT-005,household,8.99,9.16,0,0,128.0,4.0,16
2025-01-27,STORE-03,PRODUCT-005,household,8.99,8.89,0,0,112.0,5.0,19
2025-01-28,STORE-03,PRODUCT-005,household,8.99,8.83,0,0,93.0,6.0,16
2025-01-29,STORE-03,PRODUCT-005,household,8.99,8.82,0,0,192.0,0.0,14
2025-01-30,STORE-03,PRODUCT-005,household,8.99,9.01,0,0,178.0,1.0,20
2025-01-31,STORE-03,PRODUCT-005,household,8.99,9.14,0,0,158.0,2.0,23
2025-02-01,STORE-03,PRODUCT-005,household,8.99,8.98,0,0,,3.0,16
2025-02-02,STORE-03,PRODUCT-005,household,8.99,8.88,0,0,119.0,4.0,17
2025-02-03,STORE-03,PRODUCT-005,household,8.99,7.09,1,0,102.0,5.0,20
2025-02-04,STORE-03,PRODUCT-005,household,8.99,8.86,0,0,82.0,6.0,2
2025-02-05,STORE-03,PRODUCT-005,household,8.99,9.02,0,0,192.0,0.0,5
2025-02-06,STORE-03,PRODUCT-005,household,8.99,6.72,1,0,187.0,1.0,18
2025-02-07,STORE-03,PRODUCT-005,household,8.99,6.73,1,0,169.0,2.0,29
2025-02-08,STORE-03,PRODUCT-005,household,8.99,8.9,0,0,140.0,3.0,13
2025-02-09,STORE-03,PRODUCT-005,household,8.99,8.87,0,0,127.0,4.0,13
2025-02-10,STORE-03,PRODUCT-005,household,8.99,9.06,0,0,114.0,5.0,4
2025-02-11,STORE-03,PRODUCT-005,household,8.99,9.01,0,0,110.0,6.0,14
2025-02-12,STORE-03,PRODUCT-005,household,8.99,7.95,1,0,192.0,0.0,29
2025-02-13,STORE-03,PRODUCT-005,household,8.99,8.94,0,0,163.0,1.0,19
2025-02-14,STORE-03,PRODUCT-005,household,8.99,9.13,0,1,144.0,2.0,25
2025-02-15,STORE-03,PRODUCT-005,household,8.99,8.98,0,0,119.0,3.0,17
2025-02-16,STORE-03,PRODUCT-005,household,8.99,7.75,1,0,102.0,4.0,28
2025-02-17,STORE-03,PRODUCT-005,household,8.99,8.95,0,1,74.0,,29
2025-02-18,STORE-03,PRODUCT-005,household,8.99,9.08,0,0,45.0,6.0,18
2025-02-19,STORE-03,PRODUCT-005,household,8.99,9.14,0,0,192.0,0.0,16
2025-02-20,STORE-03,PRODUCT-005,household,8.99,9.0,0,0,176.0,1.0,9
2025-02-21,STORE-03,PRODUCT-005,household,8.99,9.0,0,0,167.0,2.0,18
2025-02-22,STORE-03,PRODUCT-005,household,8.99,8.86,0,0,149.0,3.0,22
2025-02-23,STORE-03,PRODUCT-005,household,8.99,9.12,0,0,127.0,4.0,21
2025-02-24,STORE-03,PRODUCT-005,household,8.99,8.9,0,0,106.0,5.0,15
2025-02-25,STORE-03,PRODUCT-005,household,8.99,8.99,0,0,91.0,,19
2025-02-26,STORE-03,PRODUCT-005,household,8.99,8.85,0,0,192.0,0.0,17
2025-02-27,STORE-03,PRODUCT-005,household,8.99,9.1,0,0,175.0,1.0,5
2025-02-28,STORE-03,PRODUCT-005,household,8.99,9.1,0,0,170.0,2.0,12
2025-03-01,STORE-03,PRODUCT-005,household,8.99,8.96,0,0,158.0,3.0,24
2025-03-02,STORE-03,PRODUCT-005,household,8.99,9.05,0,0,134.0,4.0,33
2025-03-03,STORE-03,PRODUCT-005,household,8.99,9.14,0,0,101.0,,28
2025-03-04,STORE-03,PRODUCT-005,household,8.99,8.84,0,0,73.0,6.0,32
2025-03-05,STORE-03,PRODUCT-005,household,8.99,8.99,0,0,192.0,0.0,25
2025-03-06,STORE-03,PRODUCT-005,household,8.99,8.91,0,0,167.0,1.0,27
2025-03-07,STORE-03,PRODUCT-005,household,8.99,9.06,0,0,140.0,2.0,22
2025-03-08,STORE-03,PRODUCT-005,household,8.99,,0,0,118.0,3.0,20
2025-03-09,STORE-03,PRODUCT-005,household,8.99,8.9,0,0,98.0,4.0,23
2025-03-10,STORE-03,PRODUCT-005,household,8.99,8.9,0,0,75.0,5.0,17
2025-03-11,STORE-03,PRODUCT-005,household,8.99,9.02,0,0,,6.0,15
2025-03-12,STORE-03,PRODUCT-005,household,8.99,8.93,0,0,192.0,0.0,18
2025-03-13,STORE-03,PRODUCT-005,household,8.99,8.93,0,0,174.0,1.0,20
2025-03-14,STORE-03,PRODUCT-005,household,8.99,8.86,0,0,154.0,2.0,17
2025-03-15,STORE-03,PRODUCT-005,household,8.99,8.9,0,0,137.0,3.0,14
2025-03-16,STORE-03,PRODUCT-005,household,8.99,7.85,1,0,123.0,4.0,30
2025-03-17,STORE-03,PRODUCT-005,household,8.99,9.01,0,1,93.0,5.0,28
2025-03-18,STORE-03,PRODUCT-005,household,8.99,9.05,0,0,65.0,6.0,23
2025-03-19,STORE-03,PRODUCT-005,household,8.99,9.06,0,0,192.0,0.0,19
2025-03-20,STORE-03,PRODUCT-005,household,8.99,7.42,1,0,173.0,1.0,34
2025-03-21,STORE-03,PRODUCT-005,household,8.99,6.67,1,0,139.0,2.0,24
2025-03-22,STORE-03,PRODUCT-005,household,8.99,9.05,0,0,115.0,3.0,16
2025-03-23,STORE-03,PRODUCT-005,household,8.99,9.05,0,0,99.0,4.0,23
2025-03-24,STORE-03,PRODUCT-005,household,8.99,9.1,0,0,76.0,5.0,24
2025-03-25,STORE-03,PRODUCT-005,household,8.99,8.95,0,0,52.0,6.0,13
2025-03-26,STORE-03,PRODUCT-005,household,8.99,8.98,0,0,,0.0,25
2025-03-27,STORE-03,PRODUCT-005,household,8.99,8.85,0,0,167.0,1.0,25
2025-03-28,STORE-03,PRODUCT-005,household,8.99,9.07,0,0,,2.0,24
2025-03-29,STORE-03,PRODUCT-005,household,8.99,8.84,0,0,118.0,3.0,24
2025-03-30,STORE-03,PRODUCT-005,household,8.99,8.89,0,0,94.0,4.0,27
2025-03-31,STORE-03,PRODUCT-005,household,8.99,6.6,1,0,67.0,5.0,33
2025-04-01,STORE-03,PRODUCT-005,household,8.99,9.02,0,0,34.0,6.0,18
2025-04-02,STORE-03,PRODUCT-005,household,8.99,6.36,1,0,192.0,0.0,29
2025-04-03,STORE-03,PRODUCT-005,household,8.99,8.98,0,0,163.0,1.0,11
2025-04-04,STORE-03,PRODUCT-005,household,8.99,9.15,0,0,152.0,2.0,12
2025-04-05,STORE-03,PRODUCT-005,household,8.99,7.66,1,0,140.0,3.0,29
2025-04-06,STORE-03,PRODUCT-005,household,8.99,8.98,0,0,111.0,4.0,13
2025-04-07,STORE-03,PRODUCT-005,household,8.99,9.05,0,0,98.0,5.0,6
2025-04-08,STORE-03,PRODUCT-005,household,8.99,8.92,0,0,92.0,6.0,8
2025-04-09,STORE-03,PRODUCT-005,household,8.99,8.09,1,0,192.0,0.0,29
2025-04-10,STORE-03,PRODUCT-005,household,8.99,9.17,0,0,163.0,1.0,17
2025-04-11,STORE-03,PRODUCT-005,household,8.99,8.91,0,0,146.0,2.0,16
2025-04-12,STORE-03,PRODUCT-005,household,8.99,9.1,0,0,130.0,3.0,16
2025-04-13,STORE-03,PRODUCT-005,household,8.99,9.16,0,0,114.0,4.0,20
2025-04-14,STORE-03,PRODUCT-005,household,8.99,8.85,0,0,94.0,5.0,17
2025-04-15,STORE-03,PRODUCT-005,household,8.99,9.04,0,0,77.0,6.0,16
2025-04-16,STORE-03,PRODUCT-005,household,8.99,9.08,0,0,192.0,0.0,11
2025-04-17,STORE-03,PRODUCT-005,household,8.99,9.17,0,0,181.0,1.0,13
2025-04-18,STORE-03,PRODUCT-005,household,8.99,8.99,0,0,168.0,2.0,13
2025-04-19,STORE-03,PRODUCT-005,household,8.99,9.07,0,0,155.0,3.0,18
2025-04-20,STORE-03,PRODUCT-005,household,8.99,9.11,0,1,137.0,4.0,27
2025-01-01,STORE-03,PRODUCT-006,household,12.99,13.05,0,1,120.0,0.0,10
2025-01-02,STORE-03,PRODUCT-006,household,12.99,12.77,0,0,110.0,1.0,2
2025-01-03,STORE-03,PRODUCT-006,household,12.99,13.21,0,0,108.0,2.0,5
2025-01-04,STORE-03,PRODUCT-006,household,12.99,10.84,1,0,103.0,3.0,16
2025-01-05,STORE-03,PRODUCT-006,household,12.99,12.87,0,0,87.0,4.0,10
2025-01-06,STORE-03,PRODUCT-006,household,12.99,9.33,1,0,77.0,5.0,20
2025-01-07,STORE-03,PRODUCT-006,household,12.99,12.77,0,0,57.0,6.0,6
2025-01-08,STORE-03,PRODUCT-006,household,12.99,12.82,0,0,120.0,0.0,9
2025-01-09,STORE-03,PRODUCT-006,household,12.99,13.23,0,0,111.0,1.0,7
2025-01-10,STORE-03,PRODUCT-006,household,12.99,12.91,0,0,104.0,2.0,8
2025-01-11,STORE-03,PRODUCT-006,household,12.99,12.96,0,0,96.0,3.0,8
2025-01-12,STORE-03,PRODUCT-006,household,12.99,12.87,0,0,88.0,4.0,8
2025-01-13,STORE-03,PRODUCT-006,household,12.99,12.84,0,0,80.0,5.0,7
2025-01-14,STORE-03,PRODUCT-006,household,12.99,13.21,0,0,73.0,6.0,3
2025-01-15,STORE-03,PRODUCT-006,household,12.99,12.92,0,0,120.0,0.0,6
2025-01-16,STORE-03,PRODUCT-006,household,12.99,13.2,0,0,114.0,1.0,4
2025-01-17,STORE-03,PRODUCT-006,household,12.99,12.93,0,0,110.0,2.0,9
2025-01-18,STORE-03,PRODUCT-006,household,12.99,12.73,0,0,101.0,3.0,11
2025-01-19,STORE-03,PRODUCT-006,household,12.99,12.95,0,0,90.0,4.0,9
2025-01-20,STORE-03,PRODUCT-006,household,12.99,10.02,1,1,81.0,5.0,21
2025-01-21,STORE-03,PRODUCT-006,household,12.99,12.76,0,0,60.0,6.0,11
2025-01-22,STORE-03,PRODUCT-006,household,12.99,12.98,0,0,120.0,0.0,9
2025-01-23,STORE-03,PRODUCT-006,household,12.99,13.24,0,0,111.0,1.0,8
2025-01-24,STORE-03,PRODUCT-006,household,12.99,12.82,0,0,103.0,2.0,7
2025-01-25,STORE-03,PRODUCT-006,household,12.99,13.2,0,0,96.0,3.0,5
2025-01-26,STORE-03,PRODUCT-006,household,12.99,12.76,0,0,91.0,4.0,13
2025-01-27,STORE-03,PRODUCT-006,household,12.99,13.02,0,0,78.0,5.0,10
2025-01-28,STORE-03,PRODUCT-006,household,12.99,13.07,0,0,68.0,6.0,11
2025-01-29,STORE-03,PRODUCT-006,household,12.99,13.06,0,0,120.0,0.0,9
2025-01-30,STORE-03,PRODUCT-006,household,12.99,12.8,0,0,111.0,1.0,9
2025-01-31,STORE-03,PRODUCT-006,household,12.99,12.98,0,0,102.0,2.0,13
2025-02-01,STORE-03,PRODUCT-006,household,12.99,12.89,0,0,89.0,3.0,10
2025-02-02,STORE-03,PRODUCT-006,household,12.99,13.18,0,0,79.0,4.0,10
2025-02-03,STORE-03,PRODUCT-006,household,12.99,13.13,0,0,69.0,5.0,10
2025-02-04,STORE-03,PRODUCT-006,household,12.99,12.85,0,0,59.0,6.0,10
2025-02-05,STORE-03,PRODUCT-006,household,12.99,12.73,0,0,120.0,0.0,15
2025-02-06,STORE-03,PRODUCT-006,household,12.99,12.92,0,0,105.0,1.0,19
2025-02-07,STORE-03,PRODUCT-006,household,12.99,13.23,0,0,86.0,2.0,17
2025-02-08,STORE-03,PRODUCT-006,household,12.99,12.94,0,0,69.0,3.0,16
2025-02-09,STORE-03,PRODUCT-006,household,12.99,12.8,0,0,53.0,4.0,16
2025-02-10,STORE-03,PRODUCT-006,household,12.99,12.92,0,0,37.0,5.0,12
2025-02-11,STORE-03,PRODUCT-006,household,12.99,13.04,0,0,25.0,6.0,18
2025-02-12,STORE-03,PRODUCT-006,household,12.99,10.62,1,0,120.0,0.0,16
2025-02-13,STORE-03,PRODUCT-006,household,12.99,13.16,0,0,104.0,1.0,14
2025-02-14,STORE-03,PRODUCT-006,household,12.99,12.75,0,1,90.0,2.0,17
2025-02-15,STORE-03,PRODUCT-006,household,12.99,13.16,0,0,73.0,3.0,9
2025-02-16,STORE-03,PRODUCT-006,household,12.99,12.89,0,0,64.0,4.0,7
2025-02-17,STORE-03,PRODUCT-006,household,12.99,12.75,0,1,57.0,5.0,4
2025-02-18,STORE-03,PRODUCT-006,household,12.99,12.86,0,0,53.0,6.0,4
2025-02-19,STORE-03,PRODUCT-006,household,12.99,13.03,0,0,120.0,0.0,6
2025-02-20,STORE-03,PRODUCT-006,household,12.99,13.2,0,0,114.0,1.0,11
2025-02-21,STORE-03,PRODUCT-006,household,12.99,11.21,1,0,103.0,2.0,14
2025-02-22,STORE-03,PRODUCT-006,household,12.99,13.13,0,0,89.0,3.0,5
2025-02-23,STORE-03,PRODUCT-006,household,12.99,12.73,0,0,84.0,4.0,3
2025-02-24,STORE-03,PRODUCT-006,household,12.99,12.84,0,0,81.0,5.0,8
2025-02-25,STORE-03,PRODUCT-006,household,12.99,12.83,0,0,73.0,6.0,7
2025-02-26,STORE-03,PRODUCT-006,household,12.99,13.18,0,0,120.0,0.0,8
2025-02-27,STORE-03,PRODUCT-006,household,12.99,13.12,0,0,112.0,,9
2025-02-28,STORE-03,PRODUCT-006,household,12.99,13.15,0,0,103.0,2.0,9
2025-03-01,STORE-03,PRODUCT-006,household,12.99,9.13,1,0,94.0,3.0,27
2025-03-02,STORE-03,PRODUCT-006,household,12.99,12.81,0,0,67.0,4.0,12
2025-03-03,STORE-03,PRODUCT-006,household,12.99,13.04,0,0,55.0,5.0,14
2025-03-04,STORE-03,PRODUCT-006,household,12.99,13.16,0,0,41.0,6.0,12
2025-03-05,STORE-03,PRODUCT-006,household,12.99,13.08,0,0,120.0,0.0,7
2025-03-06,STORE-03,PRODUCT-006,household,12.99,,0,0,113.0,1.0,5
2025-03-07,STORE-03,PRODUCT-006,household,12.99,12.93,0,0,108.0,2.0,9
2025-03-08,STORE-03,PRODUCT-006,household,12.99,12.74,0,0,99.0,3.0,10
2025-03-09,STORE-03,PRODUCT-006,household,12.99,13.0,0,0,89.0,4.0,6
2025-03-10,STORE-03,PRODUCT-006,household,12.99,,0,0,83.0,5.0,5
2025-03-11,STORE-03,PRODUCT-006,household,12.99,12.86,0,0,78.0,6.0,7
2025-03-12,STORE-03,PRODUCT-006,household,12.99,13.2,0,0,120.0,0.0,9
2025-03-13,STORE-03,PRODUCT-006,household,12.99,13.13,0,0,111.0,1.0,12
2025-03-14,STORE-03,PRODUCT-006,household,12.99,13.04,0,0,99.0,2.0,12
2025-03-15,STORE-03,PRODUCT-006,household,12.99,12.83,0,0,87.0,3.0,11
2025-03-16,STORE-03,PRODUCT-006,household,12.99,12.95,0,0,76.0,4.0,9
2025-03-17,STORE-03,PRODUCT-006,household,12.99,12.83,0,1,67.0,5.0,14
2025-03-18,STORE-03,PRODUCT-006,household,12.99,13.06,0,0,53.0,6.0,15
2025-03-19,STORE-03,PRODUCT-006,household,12.99,13.13,0,0,120.0,0.0,15
2025-03-20,STORE-03,PRODUCT-006,household,12.99,,0,0,105.0,1.0,17
2025-03-21,STORE-03,PRODUCT-006,household,12.99,12.77,0,0,88.0,2.0,20
2025-03-22,STORE-03,PRODUCT-006,household,12.99,,0,0,68.0,3.0,15
2025-03-23,STORE-03,PRODUCT-006,household,12.99,13.04,0,0,53.0,4.0,15
2025-03-24,STORE-03,PRODUCT-006,household,12.99,12.75,0,0,38.0,5.0,14
2025-03-25,STORE-03,PRODUCT-006,household,12.99,11.17,1,0,24.0,6.0,20
2025-03-26,STORE-03,PRODUCT-006,household,12.99,13.05,0,0,120.0,0.0,11
2025-03-27,STORE-03,PRODUCT-006,household,12.99,11.06,1,0,109.0,1.0,18
2025-03-28,STORE-03,PRODUCT-006,household,12.99,12.95,0,0,91.0,2.0,12
2025-03-29,STORE-03,PRODUCT-006,household,12.99,12.83,0,0,79.0,3.0,13
2025-03-30,STORE-03,PRODUCT-006,household,12.99,13.2,0,0,66.0,4.0,15
2025-03-31,STORE-03,PRODUCT-006,household,12.99,12.79,0,0,51.0,5.0,18
2025-04-01,STORE-03,PRODUCT-006,household,12.99,13.19,0,0,33.0,6.0,14
2025-04-02,STORE-03,PRODUCT-006,household,12.99,10.97,1,0,120.0,0.0,13
2025-04-03,STORE-03,PRODUCT-006,household,12.99,13.22,0,0,107.0,1.0,7
2025-04-04,STORE-03,PRODUCT-006,household,12.99,12.81,0,0,100.0,2.0,3
2025-04-05,STORE-03,PRODUCT-006,household,12.99,13.11,0,0,97.0,3.0,8
2025-04-06,STORE-03,PRODUCT-006,household,12.99,12.8,0,0,89.0,4.0,12
2025-04-07,STORE-03,PRODUCT-006,household,12.99,12.8,0,0,77.0,5.0,9
2025-04-08,STORE-03,PRODUCT-006,household,12.99,13.1,0,0,68.0,6.0,13
2025-04-09,STORE-03,PRODUCT-006,household,12.99,12.84,0,0,120.0,0.0,19
2025-04-10,STORE-03,PRODUCT-006,household,12.99,12.78,0,0,101.0,1.0,13
2025-04-11,STORE-03,PRODUCT-006,household,12.99,13.19,0,0,88.0,2.0,15
2025-04-12,STORE-03,PRODUCT-006,household,12.99,12.97,0,0,73.0,3.0,12
2025-04-13,STORE-03,PRODUCT-006,household,12.99,13.03,0,0,61.0,4.0,11
2025-04-14,STORE-03,PRODUCT-006,household,12.99,13.09,0,0,50.0,5.0,15
2025-04-15,STORE-03,PRODUCT-006,household,12.99,12.76,0,0,35.0,6.0,13
2025-04-16,STORE-03,PRODUCT-006,household,12.99,12.86,0,0,120.0,0.0,16
2025-04-17,STORE-03,PRODUCT-006,household,12.99,13.19,0,0,104.0,1.0,18
2025-04-18,STORE-03,PRODUCT-006,household,12.99,12.98,0,0,86.0,2.0,14
2025-04-19,STORE-03,PRODUCT-006,household,12.99,13.13,0,0,72.0,3.0,14
2025-04-20,STORE-03,PRODUCT-006,household,12.99,12.94,0,1,58.0,4.0,13
