content/interview-scenarios/machine-learning-python/retail-demand-forecaster/workspace/data/train.csv
date,store_id,product_id,category,base_price,current_price,promotion,holiday,inventory_level,days_since_restock,units_sold
2025-01-01,STORE-04,PRODUCT-001,beverages,3.49,3.47,0,1,504.0,0.0,78
2025-01-02,STORE-04,PRODUCT-001,beverages,3.49,3.51,0,0,426.0,1.0,47
2025-01-03,STORE-04,PRODUCT-001,beverages,3.49,3.53,0,0,379.0,2.0,20
2025-01-04,STORE-04,PRODUCT-001,beverages,3.49,2.67,1,0,359.0,3.0,84
2025-01-05,STORE-04,PRODUCT-001,beverages,3.49,3.44,0,0,275.0,4.0,47
2025-01-06,STORE-04,PRODUCT-001,beverages,3.49,3.46,0,0,228.0,5.0,41
2025-01-07,STORE-04,PRODUCT-001,beverages,3.49,3.46,0,0,187.0,6.0,31
2025-01-08,STORE-04,PRODUCT-001,beverages,3.49,2.64,1,0,504.0,0.0,69
2025-01-09,STORE-04,PRODUCT-001,beverages,3.49,3.46,0,0,435.0,1.0,42
2025-01-10,STORE-04,PRODUCT-001,beverages,3.49,2.58,1,0,393.0,,64
2025-01-11,STORE-04,PRODUCT-001,beverages,3.49,3.45,0,0,329.0,3.0,37
2025-01-12,STORE-04,PRODUCT-001,beverages,3.49,,0,0,292.0,4.0,10
2025-01-13,STORE-04,PRODUCT-001,beverages,3.49,3.51,0,0,282.0,5.0,13
2025-01-14,STORE-04,PRODUCT-001,beverages,3.49,3.46,0,0,269.0,6.0,17
2025-01-15,STORE-04,PRODUCT-001,beverages,3.49,3.53,0,0,504.0,0.0,40
2025-01-16,STORE-04,PRODUCT-001,beverages,3.49,3.04,1,0,,1.0,91
2025-01-17,STORE-04,PRODUCT-001,beverages,3.49,3.45,0,0,373.0,2.0,92
2025-01-18,STORE-04,PRODUCT-001,beverages,3.49,3.55,0,0,281.0,3.0,84
2025-01-19,STORE-04,PRODUCT-001,beverages,3.49,3.52,0,0,197.0,4.0,54
2025-01-20,STORE-04,PRODUCT-001,beverages,3.49,3.44,0,1,143.0,5.0,54
2025-01-21,STORE-04,PRODUCT-001,beverages,3.49,,0,0,89.0,6.0,28
2025-01-22,STORE-04,PRODUCT-001,beverages,3.49,3.46,0,0,504.0,,36
2025-01-23,STORE-04,PRODUCT-001,beverages,3.49,3.43,0,0,,1.0,49
2025-01-24,STORE-04,PRODUCT-001,beverages,3.49,2.47,1,0,419.0,2.0,76
2025-01-25,STORE-04,PRODUCT-001,beverages,3.49,3.46,0,0,343.0,3.0,39
2025-01-26,STORE-04,PRODUCT-001,beverages,3.49,3.43,0,0,304.0,4.0,40
2025-01-27,STORE-04,PRODUCT-001,beverages,3.49,3.48,0,0,264.0,5.0,12
2025-01-28,STORE-04,PRODUCT-001,beverages,3.49,,0,0,252.0,6.0,58
2025-01-29,STORE-04,PRODUCT-001,beverages,3.49,3.45,0,0,504.0,,40
2025-01-30,STORE-04,PRODUCT-001,beverages,3.49,3.45,0,0,464.0,1.0,46
2025-01-31,STORE-04,PRODUCT-001,beverages,3.49,3.55,0,0,418.0,2.0,14
2025-02-01,STORE-04,PRODUCT-001,beverages,3.49,3.43,0,0,404.0,3.0,38
2025-02-02,STORE-04,PRODUCT-001,beverages,3.49,3.51,0,0,366.0,4.0,49
2025-02-03,STORE-04,PRODUCT-001,beverages,3.49,3.52,0,0,317.0,5.0,39
2025-02-04,STORE-04,PRODUCT-001,beverages,3.49,3.49,0,0,278.0,6.0,34
2025-02-05,STORE-04,PRODUCT-001,beverages,3.49,,0,0,504.0,0.0,13
2025-02-06,STORE-04,PRODUCT-001,beverages,3.49,3.47,0,0,491.0,1.0,23
2025-02-07,STORE-04,PRODUCT-001,beverages,3.49,3.44,0,0,468.0,2.0,21
2025-02-08,STORE-04,PRODUCT-001,beverages,3.49,3.56,0,0,447.0,3.0,41
2025-02-09,STORE-04,PRODUCT-001,beverages,3.49,3.5,0,0,406.0,4.0,53
2025-02-10,STORE-04,PRODUCT-001,beverages,3.49,3.49,0,0,353.0,5.0,39
2025-02-11,STORE-04,PRODUCT-001,beverages,3.49,3.45,0,0,314.0,,9
2025-02-12,STORE-04,PRODUCT-001,beverages,3.49,3.51,0,0,504.0,,9
2025-02-13,STORE-04,PRODUCT-001,beverages,3.49,3.44,0,0,495.0,1.0,24
2025-02-14,STORE-04,PRODUCT-001,beverages,3.49,3.49,0,1,471.0,2.0,61
2025-02-15,STORE-04,PRODUCT-001,beverages,3.49,3.48,0,0,410.0,3.0,33
2025-02-16,STORE-04,PRODUCT-001,beverages,3.49,3.56,0,0,377.0,4.0,61
2025-02-17,STORE-04,PRODUCT-001,beverages,3.49,3.43,0,1,,5.0,67
2025-02-18,STORE-04,PRODUCT-001,beverages,3.49,3.46,0,0,249.0,6.0,71
2025-02-19,STORE-04,PRODUCT-001,beverages,3.49,2.58,1,0,504.0,0.0,85
2025-02-20,STORE-04,PRODUCT-001,beverages,3.49,3.46,0,0,419.0,1.0,47
2025-02-21,STORE-04,PRODUCT-001,beverages,3.49,3.43,0,0,372.0,2.0,52
2025-02-22,STORE-04,PRODUCT-001,beverages,3.49,3.5,0,0,320.0,3.0,35
2025-02-23,STORE-04,PRODUCT-001,beverages,3.49,3.51,0,0,285.0,4.0,25
2025-02-24,STORE-04,PRODUCT-001,beverages,3.49,3.44,0,0,260.0,5.0,5
2025-02-25,STORE-04,PRODUCT-001,beverages,3.49,3.46,0,0,255.0,6.0,41
2025-02-26,STORE-04,PRODUCT-001,beverages,3.49,3.49,0,0,504.0,,16
2025-02-27,STORE-04,PRODUCT-001,beverages,3.49,3.43,0,0,,1.0,30
2025-02-28,STORE-04,PRODUCT-001,beverages,3.49,3.45,0,0,458.0,2.0,21
2025-03-01,STORE-04,PRODUCT-001,beverages,3.49,3.49,0,0,437.0,3.0,58
2025-03-02,STORE-04,PRODUCT-001,beverages,3.49,3.43,0,0,379.0,4.0,69
2025-03-03,STORE-04,PRODUCT-001,beverages,3.49,3.46,0,0,310.0,5.0,34
2025-03-04,STORE-04,PRODUCT-001,beverages,3.49,3.45,0,0,276.0,6.0,34
2025-03-05,STORE-04,PRODUCT-001,beverages,3.49,3.46,0,0,504.0,0.0,38
2025-03-06,STORE-04,PRODUCT-001,beverages,3.49,,0,0,466.0,,20
2025-03-07,STORE-04,PRODUCT-001,beverages,3.49,3.5,0,0,446.0,2.0,43
2025-03-08,STORE-04,PRODUCT-001,beverages,3.49,3.51,0,0,403.0,3.0,52
2025-03-09,STORE-04,PRODUCT-001,beverages,3.49,3.46,0,0,351.0,4.0,39
2025-03-10,STORE-04,PRODUCT-001,beverages,3.49,3.54,0,0,312.0,5.0,14
2025-03-11,STORE-04,PRODUCT-001,beverages,3.49,3.49,0,0,298.0,6.0,17
2025-03-12,STORE-04,PRODUCT-001,beverages,3.49,3.55,0,0,504.0,0.0,7
2025-03-13,STORE-04,PRODUCT-001,beverages,3.49,3.54,0,0,497.0,1.0,0
2025-03-14,STORE-04,PRODUCT-001,beverages,3.49,3.51,0,0,497.0,2.0,28
2025-03-15,STORE-04,PRODUCT-001,beverages,3.49,2.53,1,0,469.0,3.0,88
2025-03-16,STORE-04,PRODUCT-001,beverages,3.49,3.48,0,0,381.0,4.0,67
2025-03-17,STORE-04,PRODUCT-001,beverages,3.49,2.53,1,1,314.0,5.0,117
2025-03-18,STORE-04,PRODUCT-001,beverages,3.49,3.47,0,0,197.0,6.0,43
2025-03-19,STORE-04,PRODUCT-001,beverages,3.49,3.48,0,0,504.0,0.0,27
2025-03-20,STORE-04,PRODUCT-001,beverages,3.49,3.48,0,0,477.0,1.0,33
2025-03-21,STORE-04,PRODUCT-001,beverages,3.49,3.44,0,0,444.0,2.0,41
2025-03-22,STORE-04,PRODUCT-001,beverages,3.49,3.47,0,0,403.0,3.0,64
2025-03-23,STORE-04,PRODUCT-001,beverages,3.49,3.43,0,0,339.0,4.0,62
2025-03-24,STORE-04,PRODUCT-001,beverages,3.49,3.45,0,0,277.0,5.0,53
2025-03-25,STORE-04,PRODUCT-001,beverages,3.49,3.44,0,0,224.0,6.0,73
2025-03-26,STORE-04,PRODUCT-001,beverages,3.49,3.5,0,0,504.0,0.0,58
2025-03-27,STORE-04,PRODUCT-001,beverages,3.49,3.5,0,0,446.0,1.0,58
2025-03-28,STORE-04,PRODUCT-001,beverages,3.49,3.54,0,0,388.0,2.0,53
2025-03-29,STORE-04,PRODUCT-001,beverages,3.49,3.46,0,0,335.0,3.0,48
2025-03-30,STORE-04,PRODUCT-001,beverages,3.49,3.53,0,0,287.0,4.0,46
2025-03-31,STORE-04,PRODUCT-001,beverages,3.49,3.5,0,0,241.0,5.0,30
2025-04-01,STORE-04,PRODUCT-001,beverages,3.49,3.47,0,0,211.0,6.0,51
2025-04-02,STORE-04,PRODUCT-001,beverages,3.49,3.51,0,0,504.0,0.0,68
2025-04-03,STORE-04,PRODUCT-001,beverages,3.49,3.43,0,0,436.0,1.0,54
2025-04-04,STORE-04,PRODUCT-001,beverages,3.49,,0,0,382.0,2.0,42
2025-04-05,STORE-04,PRODUCT-001,beverages,3.49,3.53,0,0,340.0,3.0,38
2025-04-06,STORE-04,PRODUCT-001,beverages,3.49,3.45,0,0,302.0,4.0,21
2025-04-07,STORE-04,PRODUCT-001,beverages,3.49,2.73,1,0,281.0,5.0,66
2025-04-08,STORE-04,PRODUCT-001,beverages,3.49,3.55,0,0,215.0,6.0,26
2025-04-09,STORE-04,PRODUCT-001,beverages,3.49,3.51,0,0,504.0,0.0,59
2025-04-10,STORE-04,PRODUCT-001,beverages,3.49,3.45,0,0,445.0,1.0,44
2025-04-11,STORE-04,PRODUCT-001,beverages,3.49,3.49,0,0,401.0,,50
2025-04-12,STORE-04,PRODUCT-001,beverages,3.49,3.44,0,0,351.0,3.0,67
2025-04-13,STORE-04,PRODUCT-001,beverages,3.49,3.49,0,0,284.0,4.0,59
2025-04-14,STORE-04,PRODUCT-001,beverages,3.49,3.44,0,0,,5.0,40
2025-04-15,STORE-04,PRODUCT-001,beverages,3.49,3.42,0,0,185.0,6.0,44
2025-04-16,STORE-04,PRODUCT-001,beverages,3.49,3.55,0,0,,0.0,26
2025-04-17,STORE-04,PRODUCT-001,beverages,3.49,3.51,0,0,478.0,1.0,32
2025-04-18,STORE-04,PRODUCT-001,beverages,3.49,3.48,0,0,446.0,2.0,22
2025-04-19,STORE-04,PRODUCT-001,beverages,3.49,3.49,0,0,424.0,3.0,46
2025-04-20,STORE-04,PRODUCT-001,beverages,3.49,3.44,0,1,378.0,4.0,75
2025-01-01,STORE-04,PRODUCT-002,beverages,5.99,5.93,0,1,312.0,0.0,34
2025-01-02,STORE-04,PRODUCT-002,beverages,5.99,5.92,0,0,278.0,1.0,18
2025-01-03,STORE-04,PRODUCT-002,beverages,5.99,6.01,0,0,260.0,2.0,26
2025-01-04,STORE-04,PRODUCT-002,beverages,5.99,6.03,0,0,234.0,3.0,37
2025-01-05,STORE-04,PRODUCT-002,beverages,5.99,6.02,0,0,197.0,4.0,34
2025-01-06,STORE-04,PRODUCT-002,beverages,5.99,5.99,0,0,163.0,5.0,23
2025-01-07,STORE-04,PRODUCT-002,beverages,5.99,5.94,0,0,140.0,6.0,33
2025-01-08,STORE-04,PRODUCT-002,beverages,5.99,5.95,0,0,312.0,0.0,37
2025-01-09,STORE-04,PRODUCT-002,beverages,5.99,6.0,0,0,275.0,1.0,32
2025-01-10,STORE-04,PRODUCT-002,beverages,5.99,6.01,0,0,243.0,2.0,36
2025-01-11,STORE-04,PRODUCT-002,beverages,5.99,6.1,0,0,207.0,3.0,37
2025-01-12,STORE-04,PRODUCT-002,beverages,5.99,5.99,0,0,170.0,4.0,40
2025-01-13,STORE-04,PRODUCT-002,beverages,5.99,6.05,0,0,130.0,5.0,23
2025-01-14,STORE-04,PRODUCT-002,beverages,5.99,6.07,0,0,107.0,6.0,31
2025-01-15,STORE-04,PRODUCT-002,beverages,5.99,4.34,1,0,312.0,0.0,56
2025-01-16,STORE-04,PRODUCT-002,beverages,5.99,6.03,0,0,256.0,1.0,17
2025-01-17,STORE-04,PRODUCT-002,beverages,5.99,6.04,0,0,239.0,2.0,9
2025-01-18,STORE-04,PRODUCT-002,beverages,5.99,6.05,0,0,230.0,3.0,13
2025-01-19,STORE-04,PRODUCT-002,beverages,5.99,5.96,0,0,217.0,4.0,31
2025-01-20,STORE-04,PRODUCT-002,beverages,5.99,6.07,0,1,186.0,5.0,34
2025-01-21,STORE-04,PRODUCT-002,beverages,5.99,4.95,1,0,152.0,6.0,42
2025-01-22,STORE-04,PRODUCT-002,beverages,5.99,4.25,1,0,,0.0,36
2025-01-23,STORE-04,PRODUCT-002,beverages,5.99,6.09,0,0,276.0,1.0,17
2025-01-24,STORE-04,PRODUCT-002,beverages,5.99,6.09,0,0,259.0,2.0,19
2025-01-25,STORE-04,PRODUCT-002,beverages,5.99,4.49,1,0,240.0,,55
2025-01-26,STORE-04,PRODUCT-002,beverages,5.99,6.0,0,0,185.0,4.0,20
2025-01-27,STORE-04,PRODUCT-002,beverages,5.99,5.9,0,0,165.0,5.0,19
2025-01-28,STORE-04,PRODUCT-002,beverages,5.99,5.92,0,0,146.0,6.0,15
2025-01-29,STORE-04,PRODUCT-002,beverages,5.99,5.89,0,0,312.0,0.0,9
2025-01-30,STORE-04,PRODUCT-002,beverages,5.99,5.94,0,0,303.0,1.0,17
2025-01-31,STORE-04,PRODUCT-002,beverages,5.99,6.01,0,0,286.0,2.0,23
2025-02-01,STORE-04,PRODUCT-002,beverages,5.99,6.03,0,0,263.0,3.0,24
2025-02-02,STORE-04,PRODUCT-002,beverages,5.99,6.04,0,0,239.0,4.0,24
2025-02-03,STORE-04,PRODUCT-002,beverages,5.99,6.05,0,0,215.0,5.0,11
2025-02-04,STORE-04,PRODUCT-002,beverages,5.99,6.08,0,0,204.0,6.0,15
2025-02-05,STORE-04,PRODUCT-002,beverages,5.99,5.89,0,0,312.0,0.0,19
2025-02-06,STORE-04,PRODUCT-002,beverages,5.99,6.04,0,0,293.0,1.0,30
2025-02-07,STORE-04,PRODUCT-002,beverages,5.99,5.96,0,0,263.0,2.0,39
2025-02-08,STORE-04,PRODUCT-002,beverages,5.99,6.04,0,0,224.0,3.0,53
2025-02-09,STORE-04,PRODUCT-002,beverages,5.99,5.95,0,0,171.0,4.0,45
2025-02-10,STORE-04,PRODUCT-002,beverages,5.99,5.88,0,0,126.0,5.0,41
2025-02-11,STORE-04,PRODUCT-002,beverages,5.99,5.99,0,0,85.0,6.0,30
2025-02-12,STORE-04,PRODUCT-002,beverages,5.99,5.88,0,0,312.0,0.0,27
2025-02-13,STORE-04,PRODUCT-002,beverages,5.99,6.09,0,0,285.0,1.0,30
2025-02-14,STORE-04,PRODUCT-002,beverages,5.99,4.69,1,1,255.0,2.0,53
2025-02-15,STORE-04,PRODUCT-002,beverages,5.99,6.03,0,0,,3.0,27
2025-02-16,STORE-04,PRODUCT-002,beverages,5.99,5.87,0,0,175.0,4.0,23
2025-02-17,STORE-04,PRODUCT-002,beverages,5.99,5.24,1,1,152.0,5.0,43
2025-02-18,STORE-04,PRODUCT-002,beverages,5.99,5.95,0,0,109.0,6.0,22
2025-02-19,STORE-04,PRODUCT-002,beverages,5.99,5.88,0,0,312.0,0.0,26
2025-02-20,STORE-04,PRODUCT-002,beverages,5.99,5.88,0,0,286.0,1.0,24
2025-02-21,STORE-04,PRODUCT-002,beverages,5.99,5.99,0,0,262.0,2.0,16
2025-02-22,STORE-04,PRODUCT-002,beverages,5.99,6.1,0,0,246.0,3.0,26
2025-02-23,STORE-04,PRODUCT-002,beverages,5.99,5.96,0,0,220.0,4.0,35
2025-02-24,STORE-04,PRODUCT-002,beverages,5.99,6.04,0,0,185.0,5.0,35
2025-02-25,STORE-04,PRODUCT-002,beverages,5.99,5.95,0,0,150.0,6.0,29
2025-02-26,STORE-04,PRODUCT-002,beverages,5.99,5.89,0,0,312.0,0.0,24
2025-02-27,STORE-04,PRODUCT-002,beverages,5.99,6.08,0,0,288.0,1.0,13
2025-02-28,STORE-04,PRODUCT-002,beverages,5.99,5.98,0,0,275.0,2.0,30
2025-03-01,STORE-04,PRODUCT-002,beverages,5.99,6.08,0,0,245.0,,40
2025-03-02,STORE-04,PRODUCT-002,beverages,5.99,5.98,0,0,205.0,4.0,36
2025-03-03,STORE-04,PRODUCT-002,beverages,5.99,6.02,0,0,169.0,5.0,21
2025-03-04,STORE-04,PRODUCT-002,beverages,5.99,5.99,0,0,148.0,6.0,31
2025-03-05,STORE-04,PRODUCT-002,beverages,5.99,5.94,0,0,312.0,0.0,20
2025-03-06,STORE-04,PRODUCT-002,beverages,5.99,5.97,0,0,292.0,1.0,10
2025-03-07,STORE-04,PRODUCT-002,beverages,5.99,5.92,0,0,282.0,2.0,11
2025-03-08,STORE-04,PRODUCT-002,beverages,5.99,5.15,1,0,271.0,3.0,41
2025-03-09,STORE-04,PRODUCT-002,beverages,5.99,5.87,0,0,230.0,4.0,15
2025-03-10,STORE-04,PRODUCT-002,beverages,5.99,5.88,0,0,215.0,5.0,32
2025-03-11,STORE-04,PRODUCT-002,beverages,5.99,5.96,0,0,183.0,6.0,43
2025-03-12,STORE-04,PRODUCT-002,beverages,5.99,5.88,0,0,312.0,0.0,36
2025-03-13,STORE-04,PRODUCT-002,beverages,5.99,6.08,0,0,276.0,,25
2025-03-14,STORE-04,PRODUCT-002,beverages,5.99,6.07,0,0,251.0,2.0,21
2025-03-15,STORE-04,PRODUCT-002,beverages,5.99,5.97,0,0,230.0,3.0,19
2025-03-16,STORE-04,PRODUCT-002,beverages,5.99,5.99,0,0,211.0,4.0,21
2025-03-17,STORE-04,PRODUCT-002,beverages,5.99,6.07,0,1,190.0,5.0,36
2025-03-18,STORE-04,PRODUCT-002,beverages,5.99,5.99,0,0,154.0,6.0,31
2025-03-19,STORE-04,PRODUCT-002,beverages,5.99,5.92,0,0,312.0,0.0,26
2025-03-20,STORE-04,PRODUCT-002,beverages,5.99,6.06,0,0,286.0,1.0,27
2025-03-21,STORE-04,PRODUCT-002,beverages,5.99,5.99,0,0,259.0,2.0,23
2025-03-22,STORE-04,PRODUCT-002,beverages,5.99,5.97,0,0,,3.0,25
2025-03-23,STORE-04,PRODUCT-002,beverages,5.99,5.1,1,0,211.0,4.0,51
2025-03-24,STORE-04,PRODUCT-002,beverages,5.99,5.9,0,0,160.0,5.0,21
2025-03-25,STORE-04,PRODUCT-002,beverages,5.99,6.04,0,0,139.0,6.0,14
2025-03-26,STORE-04,PRODUCT-002,beverages,5.99,5.89,0,0,312.0,,14
2025-03-27,STORE-04,PRODUCT-002,beverages,5.99,6.05,0,0,298.0,1.0,21
2025-03-28,STORE-04,PRODUCT-002,beverages,5.99,5.95,0,0,277.0,2.0,18
2025-03-29,STORE-04,PRODUCT-002,beverages,5.99,6.01,0,0,259.0,3.0,24
2025-03-30,STORE-04,PRODUCT-002,beverages,5.99,5.98,0,0,235.0,4.0,37
2025-03-31,STORE-04,PRODUCT-002,beverages,5.99,5.91,0,0,198.0,5.0,18
2025-04-01,STORE-04,PRODUCT-002,beverages,5.99,,0,0,180.0,6.0,31
2025-04-02,STORE-04,PRODUCT-002,beverages,5.99,5.94,0,0,312.0,0.0,35
2025-04-03,STORE-04,PRODUCT-002,beverages,5.99,5.89,0,0,277.0,1.0,26
2025-04-04,STORE-04,PRODUCT-002,beverages,5.99,6.0,0,0,251.0,2.0,26
2025-04-05,STORE-04,PRODUCT-002,beverages,5.99,6.07,0,0,225.0,3.0,29
2025-04-06,STORE-04,PRODUCT-002,beverages,5.99,5.98,0,0,196.0,4.0,36
2025-04-07,STORE-04,PRODUCT-002,beverages,5.99,5.88,0,0,160.0,,35
2025-04-08,STORE-04,PRODUCT-002,beverages,5.99,6.02,0,0,125.0,6.0,29
2025-04-09,STORE-04,PRODUCT-002,beverages,5.99,,0,0,312.0,0.0,17
2025-04-10,STORE-04,PRODUCT-002,beverages,5.99,6.05,0,0,295.0,1.0,20
2025-04-11,STORE-04,PRODUCT-002,beverages,5.99,6.04,0,0,275.0,2.0,17
2025-04-12,STORE-04,PRODUCT-002,beverages,5.99,5.92,0,0,258.0,3.0,22
2025-04-13,STORE-04,PRODUCT-002,beverages,5.99,6.06,0,0,236.0,4.0,23
2025-04-14,STORE-04,PRODUCT-002,beverages,5.99,6.07,0,0,213.0,,31
2025-04-15,STORE-04,PRODUCT-002,beverages,5.99,5.92,0,0,182.0,6.0,21
2025-04-16,STORE-04,PRODUCT-002,beverages,5.99,5.94,0,0,312.0,0.0,14
2025-04-17,STORE-04,PRODUCT-002,beverages,5.99,5.98,0,0,298.0,1.0,25
2025-04-18,STORE-04,PRODUCT-002,beverages,5.99,6.09,0,0,273.0,2.0,33
2025-04-19,STORE-04,PRODUCT-002,beverages,5.99,5.96,0,0,240.0,3.0,31
2025-04-20,STORE-04,PRODUCT-002,beverages,5.99,5.88,0,1,209.0,4.0,49
