content/interview-scenarios/machine-learning-python/retail-demand-forecaster/workspace/data/train.csv
date,store_id,product_id,category,base_price,current_price,promotion,holiday,inventory_level,days_since_restock,units_sold
2025-01-01,STORE-04,PRODUCT-003,snacks,2.99,2.97,0,1,432.0,0.0,40
2025-01-02,STORE-04,PRODUCT-003,snacks,2.99,3.01,0,0,392.0,1.0,13
2025-01-03,STORE-04,PRODUCT-003,snacks,2.99,3.04,0,0,379.0,2.0,19
2025-01-04,STORE-04,PRODUCT-003,snacks,2.99,2.98,0,0,360.0,3.0,27
2025-01-05,STORE-04,PRODUCT-003,snacks,2.99,2.98,0,0,333.0,4.0,48
2025-01-06,STORE-04,PRODUCT-003,snacks,2.99,3.03,0,0,285.0,5.0,31
2025-01-07,STORE-04,PRODUCT-003,snacks,2.99,3.0,0,0,254.0,6.0,11
2025-01-08,STORE-04,PRODUCT-003,snacks,2.99,2.97,0,0,432.0,,32
2025-01-09,STORE-04,PRODUCT-003,snacks,2.99,2.96,0,0,400.0,1.0,35
2025-01-10,STORE-04,PRODUCT-003,snacks,2.99,3.04,0,0,365.0,2.0,26
2025-01-11,STORE-04,PRODUCT-003,snacks,2.99,2.94,0,0,339.0,3.0,58
2025-01-12,STORE-04,PRODUCT-003,snacks,2.99,2.99,0,0,281.0,4.0,35
2025-01-13,STORE-04,PRODUCT-003,snacks,2.99,2.94,0,0,246.0,5.0,27
2025-01-14,STORE-04,PRODUCT-003,snacks,2.99,3.03,0,0,219.0,6.0,13
2025-01-15,STORE-04,PRODUCT-003,snacks,2.99,2.98,0,0,432.0,0.0,7
2025-01-16,STORE-04,PRODUCT-003,snacks,2.99,3.02,0,0,425.0,1.0,20
2025-01-17,STORE-04,PRODUCT-003,snacks,2.99,2.99,0,0,405.0,2.0,14
2025-01-18,STORE-04,PRODUCT-003,snacks,2.99,3.02,0,0,391.0,3.0,46
2025-01-19,STORE-04,PRODUCT-003,snacks,2.99,2.95,0,0,,4.0,24
2025-01-20,STORE-04,PRODUCT-003,snacks,2.99,2.94,0,1,321.0,5.0,36
2025-01-21,STORE-04,PRODUCT-003,snacks,2.99,2.96,0,0,285.0,6.0,35
2025-01-22,STORE-04,PRODUCT-003,snacks,2.99,3.05,0,0,432.0,0.0,26
2025-01-23,STORE-04,PRODUCT-003,snacks,2.99,3.01,0,0,406.0,1.0,26
2025-01-24,STORE-04,PRODUCT-003,snacks,2.99,2.99,0,0,380.0,2.0,21
2025-01-25,STORE-04,PRODUCT-003,snacks,2.99,2.94,0,0,359.0,3.0,43
2025-01-26,STORE-04,PRODUCT-003,snacks,2.99,3.04,0,0,316.0,4.0,55
2025-01-27,STORE-04,PRODUCT-003,snacks,2.99,2.51,1,0,261.0,5.0,63
2025-01-28,STORE-04,PRODUCT-003,snacks,2.99,2.99,0,0,198.0,6.0,42
2025-01-29,STORE-04,PRODUCT-003,snacks,2.99,2.94,0,0,432.0,0.0,45
2025-01-30,STORE-04,PRODUCT-003,snacks,2.99,2.98,0,0,387.0,1.0,30
2025-01-31,STORE-04,PRODUCT-003,snacks,2.99,3.05,0,0,357.0,2.0,28
2025-02-01,STORE-04,PRODUCT-003,snacks,2.99,2.98,0,0,329.0,3.0,26
2025-02-02,STORE-04,PRODUCT-003,snacks,2.99,2.94,0,0,303.0,4.0,24
2025-02-03,STORE-04,PRODUCT-003,snacks,2.99,3.03,0,0,279.0,5.0,42
2025-02-04,STORE-04,PRODUCT-003,snacks,2.99,2.99,0,0,237.0,6.0,48
2025-02-05,STORE-04,PRODUCT-003,snacks,2.99,2.96,0,0,432.0,0.0,27
2025-02-06,STORE-04,PRODUCT-003,snacks,2.99,2.94,0,0,405.0,1.0,24
2025-02-07,STORE-04,PRODUCT-003,snacks,2.99,2.99,0,0,381.0,2.0,20
2025-02-08,STORE-04,PRODUCT-003,snacks,2.99,3.03,0,0,361.0,3.0,14
2025-02-09,STORE-04,PRODUCT-003,snacks,2.99,2.98,0,0,347.0,4.0,12
2025-02-10,STORE-04,PRODUCT-003,snacks,2.99,3.01,0,0,335.0,5.0,22
2025-02-11,STORE-04,PRODUCT-003,snacks,2.99,2.58,1,0,313.0,6.0,30
2025-02-12,STORE-04,PRODUCT-003,snacks,2.99,3.04,0,0,432.0,0.0,33
2025-02-13,STORE-04,PRODUCT-003,snacks,2.99,2.95,0,0,399.0,1.0,21
2025-02-14,STORE-04,PRODUCT-003,snacks,2.99,2.51,1,1,378.0,2.0,65
2025-02-15,STORE-04,PRODUCT-003,snacks,2.99,2.93,0,0,313.0,3.0,29
2025-02-16,STORE-04,PRODUCT-003,snacks,2.99,2.98,0,0,284.0,4.0,63
2025-02-17,STORE-04,PRODUCT-003,snacks,2.99,2.97,0,1,221.0,5.0,62
2025-02-18,STORE-04,PRODUCT-003,snacks,2.99,3.03,0,0,159.0,6.0,40
2025-02-19,STORE-04,PRODUCT-003,snacks,2.99,2.97,0,0,432.0,0.0,45
2025-02-20,STORE-04,PRODUCT-003,snacks,2.99,3.0,0,0,387.0,1.0,25
2025-02-21,STORE-04,PRODUCT-003,snacks,2.99,3.03,0,0,362.0,2.0,29
2025-02-22,STORE-04,PRODUCT-003,snacks,2.99,2.94,0,0,333.0,,57
2025-02-23,STORE-04,PRODUCT-003,snacks,2.99,3.01,0,0,276.0,4.0,55
2025-02-24,STORE-04,PRODUCT-003,snacks,2.99,3.02,0,0,221.0,5.0,23
2025-02-25,STORE-04,PRODUCT-003,snacks,2.99,2.96,0,0,198.0,6.0,17
2025-02-26,STORE-04,PRODUCT-003,snacks,2.99,3.04,0,0,432.0,0.0,8
2025-02-27,STORE-04,PRODUCT-003,snacks,2.99,2.96,0,0,424.0,1.0,37
2025-02-28,STORE-04,PRODUCT-003,snacks,2.99,3.0,0,0,387.0,2.0,41
2025-03-01,STORE-04,PRODUCT-003,snacks,2.99,2.2,1,0,346.0,,74
2025-03-02,STORE-04,PRODUCT-003,snacks,2.99,2.3,1,0,272.0,4.0,86
2025-03-03,STORE-04,PRODUCT-003,snacks,2.99,2.97,0,0,186.0,5.0,23
2025-03-04,STORE-04,PRODUCT-003,snacks,2.99,2.94,0,0,163.0,6.0,33
2025-03-05,STORE-04,PRODUCT-003,snacks,2.99,2.99,0,0,432.0,0.0,60
2025-03-06,STORE-04,PRODUCT-003,snacks,2.99,2.98,0,0,372.0,1.0,59
2025-03-07,STORE-04,PRODUCT-003,snacks,2.99,2.98,0,0,313.0,2.0,30
2025-03-08,STORE-04,PRODUCT-003,snacks,2.99,2.65,1,0,283.0,3.0,71
2025-03-09,STORE-04,PRODUCT-003,snacks,2.99,2.94,0,0,212.0,4.0,43
2025-03-10,STORE-04,PRODUCT-003,snacks,2.99,3.02,0,0,169.0,5.0,38
2025-03-11,STORE-04,PRODUCT-003,snacks,2.99,2.93,0,0,131.0,6.0,48
2025-03-12,STORE-04,PRODUCT-003,snacks,2.99,3.02,0,0,432.0,0.0,51
2025-03-13,STORE-04,PRODUCT-003,snacks,2.99,2.94,0,0,381.0,1.0,34
2025-03-14,STORE-04,PRODUCT-003,snacks,2.99,2.95,0,0,347.0,2.0,24
2025-03-15,STORE-04,PRODUCT-003,snacks,2.99,2.99,0,0,323.0,3.0,15
2025-03-16,STORE-04,PRODUCT-003,snacks,2.99,2.93,0,0,308.0,4.0,8
2025-03-17,STORE-04,PRODUCT-003,snacks,2.99,3.03,0,1,300.0,5.0,41
2025-03-18,STORE-04,PRODUCT-003,snacks,2.99,3.03,0,0,259.0,6.0,19
2025-03-19,STORE-04,PRODUCT-003,snacks,2.99,2.95,0,0,432.0,0.0,24
2025-03-20,STORE-04,PRODUCT-003,snacks,2.99,,0,0,408.0,1.0,26
2025-03-21,STORE-04,PRODUCT-003,snacks,2.99,3.03,0,0,382.0,2.0,29
2025-03-22,STORE-04,PRODUCT-003,snacks,2.99,3.02,0,0,353.0,3.0,51
2025-03-23,STORE-04,PRODUCT-003,snacks,2.99,3.02,0,0,302.0,4.0,52
2025-03-24,STORE-04,PRODUCT-003,snacks,2.99,3.04,0,0,250.0,5.0,8
2025-03-25,STORE-04,PRODUCT-003,snacks,2.99,3.03,0,0,242.0,6.0,5
2025-03-26,STORE-04,PRODUCT-003,snacks,2.99,2.95,0,0,432.0,0.0,22
2025-03-27,STORE-04,PRODUCT-003,snacks,2.99,3.03,0,0,410.0,1.0,25
2025-03-28,STORE-04,PRODUCT-003,snacks,2.99,2.41,1,0,385.0,2.0,66
2025-03-29,STORE-04,PRODUCT-003,snacks,2.99,2.18,1,0,319.0,3.0,87
2025-03-30,STORE-04,PRODUCT-003,snacks,2.99,2.95,0,0,232.0,4.0,34
2025-03-31,STORE-04,PRODUCT-003,snacks,2.99,2.94,0,0,198.0,5.0,19
2025-04-01,STORE-04,PRODUCT-003,snacks,2.99,3.03,0,0,,6.0,20
2025-04-02,STORE-04,PRODUCT-003,snacks,2.99,2.99,0,0,432.0,0.0,20
2025-04-03,STORE-04,PRODUCT-003,snacks,2.99,2.98,0,0,412.0,1.0,30
2025-04-04,STORE-04,PRODUCT-003,snacks,2.99,2.95,0,0,382.0,2.0,45
2025-04-05,STORE-04,PRODUCT-003,snacks,2.99,2.98,0,0,337.0,3.0,54
2025-04-06,STORE-04,PRODUCT-003,snacks,2.99,2.95,0,0,283.0,4.0,66
2025-04-07,STORE-04,PRODUCT-003,snacks,2.99,3.0,0,0,217.0,5.0,54
2025-04-08,STORE-04,PRODUCT-003,snacks,2.99,,0,0,163.0,6.0,17
2025-04-09,STORE-04,PRODUCT-003,snacks,2.99,2.96,0,0,432.0,0.0,29
2025-04-10,STORE-04,PRODUCT-003,snacks,2.99,3.0,0,0,403.0,1.0,30
2025-04-11,STORE-04,PRODUCT-003,snacks,2.99,2.33,1,0,373.0,2.0,69
2025-04-12,STORE-04,PRODUCT-003,snacks,2.99,3.0,0,0,,3.0,53
2025-04-13,STORE-04,PRODUCT-003,snacks,2.99,3.03,0,0,251.0,4.0,48
2025-04-14,STORE-04,PRODUCT-003,snacks,2.99,3.0,0,0,203.0,5.0,45
2025-04-15,STORE-04,PRODUCT-003,snacks,2.99,2.98,0,0,158.0,6.0,41
2025-04-16,STORE-04,PRODUCT-003,snacks,2.99,2.98,0,0,432.0,0.0,21
2025-04-17,STORE-04,PRODUCT-003,snacks,2.99,2.97,0,0,411.0,1.0,14
2025-04-18,STORE-04,PRODUCT-003,snacks,2.99,2.23,1,0,397.0,2.0,50
2025-04-19,STORE-04,PRODUCT-003,snacks,2.99,3.02,0,0,347.0,3.0,35
2025-04-20,STORE-04,PRODUCT-003,snacks,2.99,2.96,0,1,312.0,4.0,40
2025-01-01,STORE-04,PRODUCT-004,snacks,4.49,4.49,0,1,252.0,0.0,20
2025-01-02,STORE-04,PRODUCT-004,snacks,4.49,4.43,0,0,232.0,1.0,9
2025-01-03,STORE-04,PRODUCT-004,snacks,4.49,4.53,0,0,223.0,2.0,14
2025-01-04,STORE-04,PRODUCT-004,snacks,4.49,4.57,0,0,209.0,3.0,15
2025-01-05,STORE-04,PRODUCT-004,snacks,4.49,3.82,1,0,194.0,4.0,40
2025-01-06,STORE-04,PRODUCT-004,snacks,4.49,4.49,0,0,154.0,5.0,24
2025-01-07,STORE-04,PRODUCT-004,snacks,4.49,4.43,0,0,130.0,6.0,20
2025-01-08,STORE-04,PRODUCT-004,snacks,4.49,4.57,0,0,252.0,0.0,21
2025-01-09,STORE-04,PRODUCT-004,snacks,4.49,4.58,0,0,231.0,1.0,20
2025-01-10,STORE-04,PRODUCT-004,snacks,4.49,4.46,0,0,211.0,2.0,20
2025-01-11,STORE-04,PRODUCT-004,snacks,4.49,4.46,0,0,191.0,3.0,26
2025-01-12,STORE-04,PRODUCT-004,snacks,4.49,3.51,1,0,165.0,4.0,39
2025-01-13,STORE-04,PRODUCT-004,snacks,4.49,4.45,0,0,126.0,5.0,20
2025-01-14,STORE-04,PRODUCT-004,snacks,4.49,4.52,0,0,106.0,6.0,13
2025-01-15,STORE-04,PRODUCT-004,snacks,4.49,4.45,0,0,252.0,0.0,22
2025-01-16,STORE-04,PRODUCT-004,snacks,4.49,4.48,0,0,230.0,1.0,20
2025-01-17,STORE-04,PRODUCT-004,snacks,4.49,4.48,0,0,210.0,2.0,17
2025-01-18,STORE-04,PRODUCT-004,snacks,4.49,4.54,0,0,193.0,3.0,21
2025-01-19,STORE-04,PRODUCT-004,snacks,4.49,4.51,0,0,172.0,4.0,31
2025-01-20,STORE-04,PRODUCT-004,snacks,4.49,4.46,0,1,141.0,5.0,32
2025-01-21,STORE-04,PRODUCT-004,snacks,4.49,4.56,0,0,109.0,6.0,29
2025-01-22,STORE-04,PRODUCT-004,snacks,4.49,4.52,0,0,252.0,0.0,24
2025-01-23,STORE-04,PRODUCT-004,snacks,4.49,4.52,0,0,228.0,1.0,24
2025-01-24,STORE-04,PRODUCT-004,snacks,4.49,4.47,0,0,204.0,2.0,6
2025-01-25,STORE-04,PRODUCT-004,snacks,4.49,4.42,0,0,198.0,3.0,8
2025-01-26,STORE-04,PRODUCT-004,snacks,4.49,4.52,0,0,190.0,4.0,25
2025-01-27,STORE-04,PRODUCT-004,snacks,4.49,3.51,1,0,165.0,5.0,39
2025-01-28,STORE-04,PRODUCT-004,snacks,4.49,4.56,0,0,126.0,6.0,25
2025-01-29,STORE-04,PRODUCT-004,snacks,4.49,4.56,0,0,252.0,0.0,41
2025-01-30,STORE-04,PRODUCT-004,snacks,4.49,4.56,0,0,211.0,1.0,26
2025-01-31,STORE-04,PRODUCT-004,snacks,4.49,4.45,0,0,185.0,2.0,13
2025-02-01,STORE-04,PRODUCT-004,snacks,4.49,4.45,0,0,172.0,3.0,10
2025-02-02,STORE-04,PRODUCT-004,snacks,4.49,,0,0,162.0,4.0,9
2025-02-03,STORE-04,PRODUCT-004,snacks,4.49,4.41,0,0,153.0,5.0,13
2025-02-04,STORE-04,PRODUCT-004,snacks,4.49,4.54,0,0,140.0,6.0,13
2025-02-05,STORE-04,PRODUCT-004,snacks,4.49,4.48,0,0,252.0,0.0,18
2025-02-06,STORE-04,PRODUCT-004,snacks,4.49,4.54,0,0,234.0,1.0,31
2025-02-07,STORE-04,PRODUCT-004,snacks,4.49,4.4,0,0,203.0,2.0,27
2025-02-08,STORE-04,PRODUCT-004,snacks,4.49,4.56,0,0,176.0,3.0,30
2025-02-09,STORE-04,PRODUCT-004,snacks,4.49,4.46,0,0,146.0,4.0,38
2025-02-10,STORE-04,PRODUCT-004,snacks,4.49,4.52,0,0,108.0,5.0,38
2025-02-11,STORE-04,PRODUCT-004,snacks,4.49,4.43,0,0,,6.0,27
2025-02-12,STORE-04,PRODUCT-004,snacks,4.49,4.47,0,0,252.0,0.0,17
2025-02-13,STORE-04,PRODUCT-004,snacks,4.49,4.56,0,0,235.0,1.0,22
2025-02-14,STORE-04,PRODUCT-004,snacks,4.49,4.56,0,1,213.0,2.0,35
2025-02-15,STORE-04,PRODUCT-004,snacks,4.49,3.5,1,0,,3.0,48
2025-02-16,STORE-04,PRODUCT-004,snacks,4.49,4.56,0,0,130.0,4.0,33
2025-02-17,STORE-04,PRODUCT-004,snacks,4.49,4.44,0,1,,5.0,24
2025-02-18,STORE-04,PRODUCT-004,snacks,4.49,3.67,1,0,73.0,6.0,38
2025-02-19,STORE-04,PRODUCT-004,snacks,4.49,4.48,0,0,252.0,0.0,18
2025-02-20,STORE-04,PRODUCT-004,snacks,4.49,4.51,0,0,234.0,1.0,16
2025-02-21,STORE-04,PRODUCT-004,snacks,4.49,4.45,0,0,218.0,2.0,25
2025-02-22,STORE-04,PRODUCT-004,snacks,4.49,4.48,0,0,193.0,3.0,21
2025-02-23,STORE-04,PRODUCT-004,snacks,4.49,4.44,0,0,172.0,4.0,21
2025-02-24,STORE-04,PRODUCT-004,snacks,4.49,,0,0,151.0,5.0,20
2025-02-25,STORE-04,PRODUCT-004,snacks,4.49,4.48,0,0,131.0,6.0,11
2025-02-26,STORE-04,PRODUCT-004,snacks,4.49,4.44,0,0,252.0,0.0,2
2025-02-27,STORE-04,PRODUCT-004,snacks,4.49,3.59,1,0,,1.0,14
2025-02-28,STORE-04,PRODUCT-004,snacks,4.49,4.5,0,0,236.0,2.0,1
2025-03-01,STORE-04,PRODUCT-004,snacks,4.49,4.55,0,0,235.0,3.0,15
2025-03-02,STORE-04,PRODUCT-004,snacks,4.49,4.42,0,0,220.0,4.0,9
2025-03-03,STORE-04,PRODUCT-004,snacks,4.49,3.75,1,0,211.0,5.0,24
2025-03-04,STORE-04,PRODUCT-004,snacks,4.49,4.53,0,0,187.0,6.0,6
2025-03-05,STORE-04,PRODUCT-004,snacks,4.49,,1,0,252.0,0.0,29
2025-03-06,STORE-04,PRODUCT-004,snacks,4.49,4.51,0,0,223.0,1.0,20
2025-03-07,STORE-04,PRODUCT-004,snacks,4.49,4.42,0,0,203.0,2.0,9
2025-03-08,STORE-04,PRODUCT-004,snacks,4.49,4.43,0,0,194.0,3.0,29
2025-03-09,STORE-04,PRODUCT-004,snacks,4.49,4.4,0,0,165.0,4.0,21
2025-03-10,STORE-04,PRODUCT-004,snacks,4.49,,0,0,144.0,5.0,18
2025-03-11,STORE-04,PRODUCT-004,snacks,4.49,4.5,0,0,126.0,6.0,22
2025-03-12,STORE-04,PRODUCT-004,snacks,4.49,4.55,0,0,252.0,0.0,13
2025-03-13,STORE-04,PRODUCT-004,snacks,4.49,4.49,0,0,239.0,1.0,11
2025-03-14,STORE-04,PRODUCT-004,snacks,4.49,4.49,0,0,228.0,2.0,15
2025-03-15,STORE-04,PRODUCT-004,snacks,4.49,4.45,0,0,213.0,3.0,19
2025-03-16,STORE-04,PRODUCT-004,snacks,4.49,4.48,0,0,194.0,4.0,33
2025-03-17,STORE-04,PRODUCT-004,snacks,4.49,4.49,0,1,161.0,5.0,33
2025-03-18,STORE-04,PRODUCT-004,snacks,4.49,4.54,0,0,128.0,6.0,20
2025-03-19,STORE-04,PRODUCT-004,snacks,4.49,4.53,0,0,252.0,0.0,11
2025-03-20,STORE-04,PRODUCT-004,snacks,4.49,4.44,0,0,241.0,1.0,6
2025-03-21,STORE-04,PRODUCT-004,snacks,4.49,4.53,0,0,235.0,2.0,5
2025-03-22,STORE-04,PRODUCT-004,snacks,4.49,4.48,0,0,230.0,3.0,16
2025-03-23,STORE-04,PRODUCT-004,snacks,4.49,4.41,0,0,214.0,4.0,19
2025-03-24,STORE-04,PRODUCT-004,snacks,4.49,4.51,0,0,195.0,5.0,7
2025-03-25,STORE-04,PRODUCT-004,snacks,4.49,4.41,0,0,188.0,6.0,23
2025-03-26,STORE-04,PRODUCT-004,snacks,4.49,4.49,0,0,252.0,0.0,14
2025-03-27,STORE-04,PRODUCT-004,snacks,4.49,4.43,0,0,238.0,1.0,19
2025-03-28,STORE-04,PRODUCT-004,snacks,4.49,4.55,0,0,219.0,2.0,14
2025-03-29,STORE-04,PRODUCT-004,snacks,4.49,4.49,0,0,205.0,3.0,13
2025-03-30,STORE-04,PRODUCT-004,snacks,4.49,3.44,1,0,192.0,4.0,44
2025-03-31,STORE-04,PRODUCT-004,snacks,4.49,4.54,0,0,148.0,5.0,19
2025-04-01,STORE-04,PRODUCT-004,snacks,4.49,4.42,0,0,129.0,6.0,12
2025-04-02,STORE-04,PRODUCT-004,snacks,4.49,4.45,0,0,252.0,0.0,13
2025-04-03,STORE-04,PRODUCT-004,snacks,4.49,4.47,0,0,239.0,1.0,11
2025-04-04,STORE-04,PRODUCT-004,snacks,4.49,4.55,0,0,228.0,2.0,21
2025-04-05,STORE-04,PRODUCT-004,snacks,4.49,4.52,0,0,207.0,3.0,18
2025-04-06,STORE-04,PRODUCT-004,snacks,4.49,4.53,0,0,189.0,4.0,36
2025-04-07,STORE-04,PRODUCT-004,snacks,4.49,4.52,0,0,153.0,5.0,30
2025-04-08,STORE-04,PRODUCT-004,snacks,4.49,4.47,0,0,123.0,6.0,22
2025-04-09,STORE-04,PRODUCT-004,snacks,4.49,4.49,0,0,252.0,0.0,20
2025-04-10,STORE-04,PRODUCT-004,snacks,4.49,4.45,0,0,,1.0,13
2025-04-11,STORE-04,PRODUCT-004,snacks,4.49,4.58,0,0,219.0,2.0,21
2025-04-12,STORE-04,PRODUCT-004,snacks,4.49,,0,0,198.0,3.0,28
2025-04-13,STORE-04,PRODUCT-004,snacks,4.49,3.93,1,0,170.0,4.0,40
2025-04-14,STORE-04,PRODUCT-004,snacks,4.49,4.46,0,0,130.0,5.0,11
2025-04-15,STORE-04,PRODUCT-004,snacks,4.49,4.53,0,0,119.0,6.0,3
2025-04-16,STORE-04,PRODUCT-004,snacks,4.49,4.46,0,0,252.0,,16
2025-04-17,STORE-04,PRODUCT-004,snacks,4.49,4.58,0,0,236.0,1.0,15
2025-04-18,STORE-04,PRODUCT-004,snacks,4.49,4.46,0,0,221.0,2.0,21
2025-04-19,STORE-04,PRODUCT-004,snacks,4.49,4.45,0,0,200.0,3.0,19
2025-04-20,STORE-04,PRODUCT-004,snacks,4.49,4.49,0,1,181.0,4.0,18
